C:\lscc\diamond\3.14\synpbase\bin64\c_hdl.exe  -osyn  "D:\ODM MB SWITCH\SWITCH\CPLD\BP_4S104G5_S\pro\impl1\synwork\BP_4S104G5_S_impl1_comp.srs"  -top  BP_4S104G5_S  -hdllog  "D:\ODM MB SWITCH\SWITCH\CPLD\BP_4S104G5_S\pro\impl1\synlog\BP_4S104G5_S_impl1_compiler.srr"  -encrypt  -mp  4  -verification_mode 0  -verilog  -prodtype  synplify_pro  -dspmac -fixsmult -infer_seqShift -nram -sdff_counter -divnmod -nostructver  -lattice   -I "D:\ODM MB SWITCH\SWITCH\CPLD\BP_4S104G5_S\pro"  -I "D:\ODM MB SWITCH\SWITCH\CPLD\BP_4S104G5_S\pro\impl1\"  -I C:\lscc\diamond\3.14\synpbase\lib   -v2001  -devicelib  C:\lscc\diamond\3.14\synpbase\lib\lucent\machxo2.v  -devicelib  C:\lscc\diamond\3.14\synpbase\lib\lucent\pmi_def.v  -encrypt  -pro  -dmgen  "D:\ODM MB SWITCH\SWITCH\CPLD\BP_4S104G5_S\pro\impl1\dm"  -ui -fid2 -ram -sharing on -ll 2000 -autosm  -D_MULTIPLE_FILE_COMPILATION_UNIT_  -lib work -fv2001 "D:\ODM MB SWITCH\SWITCH\CPLD\BP_4S104G5_S\rtl\source\BP_4S104G5_S_TOP.v" -lib work -fv2001 "D:\ODM MB SWITCH\SWITCH\CPLD\BP_4S104G5_S\rtl\source\common\ClkDiv.v" -lib work -fv2001 "D:\ODM MB SWITCH\SWITCH\CPLD\BP_4S104G5_S\rtl\source\common\ClkDivTree.v" -lib work -fv2001 "D:\ODM MB SWITCH\SWITCH\CPLD\BP_4S104G5_S\rtl\source\PLL\pll_i25M_o50M_o25M.v" -lib work -fv2001 "D:\ODM MB SWITCH\SWITCH\CPLD\BP_4S104G5_S\rtl\source\I2C_UPDATE\I2C_UPDATE.v" -lib work -fv2001 "D:\ODM MB SWITCH\SWITCH\CPLD\BP_4S104G5_S\rtl\source\bmc_i2c\bmc_cpld_i2c_ram.v" -lib work -fv2001 "D:\ODM MB SWITCH\SWITCH\CPLD\BP_4S104G5_S\rtl\source\bmc_i2c\i2c_slave_basic0.v" -lib work -fv2001 "D:\ODM MB SWITCH\SWITCH\CPLD\BP_4S104G5_S\rtl\source\bmc_i2c\i2c_slave_bmc.v" -lib work -fv2001 "D:\ODM MB SWITCH\SWITCH\CPLD\BP_4S104G5_S\rtl\source\SGPIO_SLAVE\p2s_slave.v" -lib work -fv2001 "D:\ODM MB SWITCH\SWITCH\CPLD\BP_4S104G5_S\rtl\source\SGPIO_SLAVE\s2p_slave.v" -lib work -fv2001 "D:\ODM MB SWITCH\SWITCH\CPLD\BP_4S104G5_S\rtl\source\common\edge_delay.v" -lib work -fv2001 "D:\ODM MB SWITCH\SWITCH\CPLD\BP_4S104G5_S\rtl\source\common\lowpass_filter.v" -lib work -fv2001 "D:\ODM MB SWITCH\SWITCH\CPLD\BP_4S104G5_S\rtl\source\common\pon_reset.v" -lib work -fv2001 "D:\ODM MB SWITCH\SWITCH\CPLD\BP_4S104G5_S\rtl\source\common\synclib.v" -lib work -fv2001 "D:\ODM MB SWITCH\SWITCH\CPLD\BP_4S104G5_S\rtl\source\common\timer_gen_50mhz.v" -lib work -fv2001 "D:\ODM MB SWITCH\SWITCH\CPLD\BP_4S104G5_S\rtl\source\74LV165\pvt_gpi.v" -lib work -fv2001 "D:\ODM MB SWITCH\SWITCH\CPLD\BP_4S104G5_S\rtl\source\FAN\fan_pwm_tach.v" -lib work -fv2001 "D:\ODM MB SWITCH\SWITCH\CPLD\BP_4S104G5_S\rtl\source\FAN\fan_counter.v" -lib work -fv2001 "D:\ODM MB SWITCH\SWITCH\CPLD\BP_4S104G5_S\rtl\source\common\Edge_Detect.v" -lib work -fv2001 "D:\ODM MB SWITCH\SWITCH\CPLD\BP_4S104G5_S\rtl\source\breath_led\breath_led.v" -lib work -fv2001 "D:\ODM MB SWITCH\SWITCH\CPLD\BP_4S104G5_S\rtl\source\Bmc_Power_seq\ac_bmc_pwrseq_fsm.v" -lib work -fv2001 "D:\ODM MB SWITCH\SWITCH\CPLD\BP_4S104G5_S\rtl\source\FAN\WDT.v" -lib work -fv2001 "D:\ODM MB SWITCH\SWITCH\CPLD\BP_4S104G5_S\rtl\source\uart\old\uart_master.v"  -jobname  "compiler" 
relcom:C:\lscc\diamond\3.14\synpbase\bin64\c_hdl.exe -osyn "D:\ODM MB SWITCH\SWITCH\CPLD\BP_4S104G5_S\pro\impl1\synwork\BP_4S104G5_S_impl1_comp.srs" -top BP_4S104G5_S -hdllog "D:\ODM MB SWITCH\SWITCH\CPLD\BP_4S104G5_S\pro\impl1\synlog\BP_4S104G5_S_impl1_compiler.srr" -encrypt -mp 4 -verification_mode 0 -verilog -prodtype synplify_pro -dspmac -fixsmult -infer_seqShift -nram -sdff_counter -divnmod -nostructver -lattice -I "D:\ODM MB SWITCH\SWITCH\CPLD\BP_4S104G5_S\pro" -I "D:\ODM MB SWITCH\SWITCH\CPLD\BP_4S104G5_S\pro\impl1\" -I C:\lscc\diamond\3.14\synpbase\lib -v2001 -devicelib C:\lscc\diamond\3.14\synpbase\lib\lucent\machxo2.v -devicelib C:\lscc\diamond\3.14\synpbase\lib\lucent\pmi_def.v -encrypt -pro -dmgen "D:\ODM MB SWITCH\SWITCH\CPLD\BP_4S104G5_S\pro\impl1\dm" -ui -fid2 -ram -sharing on -ll 2000 -autosm -D_MULTIPLE_FILE_COMPILATION_UNIT_ -lib work -fv2001 "D:\ODM MB SWITCH\SWITCH\CPLD\BP_4S104G5_S\rtl\source\BP_4S104G5_S_TOP.v" -lib work -fv2001 "D:\ODM MB SWITCH\SWITCH\CPLD\BP_4S104G5_S\rtl\source\common\ClkDiv.v" -lib work -fv2001 "D:\ODM MB SWITCH\SWITCH\CPLD\BP_4S104G5_S\rtl\source\common\ClkDivTree.v" -lib work -fv2001 "D:\ODM MB SWITCH\SWITCH\CPLD\BP_4S104G5_S\rtl\source\PLL\pll_i25M_o50M_o25M.v" -lib work -fv2001 "D:\ODM MB SWITCH\SWITCH\CPLD\BP_4S104G5_S\rtl\source\I2C_UPDATE\I2C_UPDATE.v" -lib work -fv2001 "D:\ODM MB SWITCH\SWITCH\CPLD\BP_4S104G5_S\rtl\source\bmc_i2c\bmc_cpld_i2c_ram.v" -lib work -fv2001 "D:\ODM MB SWITCH\SWITCH\CPLD\BP_4S104G5_S\rtl\source\bmc_i2c\i2c_slave_basic0.v" -lib work -fv2001 "D:\ODM MB SWITCH\SWITCH\CPLD\BP_4S104G5_S\rtl\source\bmc_i2c\i2c_slave_bmc.v" -lib work -fv2001 "D:\ODM MB SWITCH\SWITCH\CPLD\BP_4S104G5_S\rtl\source\SGPIO_SLAVE\p2s_slave.v" -lib work -fv2001 "D:\ODM MB SWITCH\SWITCH\CPLD\BP_4S104G5_S\rtl\source\SGPIO_SLAVE\s2p_slave.v" -lib work -fv2001 "D:\ODM MB SWITCH\SWITCH\CPLD\BP_4S104G5_S\rtl\source\common\edge_delay.v" -lib work -fv2001 "D:\ODM MB SWITCH\SWITCH\CPLD\BP_4S104G5_S\rtl\source\common\lowpass_filter.v" -lib work -fv2001 "D:\ODM MB SWITCH\SWITCH\CPLD\BP_4S104G5_S\rtl\source\common\pon_reset.v" -lib work -fv2001 "D:\ODM MB SWITCH\SWITCH\CPLD\BP_4S104G5_S\rtl\source\common\synclib.v" -lib work -fv2001 "D:\ODM MB SWITCH\SWITCH\CPLD\BP_4S104G5_S\rtl\source\common\timer_gen_50mhz.v" -lib work -fv2001 "D:\ODM MB SWITCH\SWITCH\CPLD\BP_4S104G5_S\rtl\source\74LV165\pvt_gpi.v" -lib work -fv2001 "D:\ODM MB SWITCH\SWITCH\CPLD\BP_4S104G5_S\rtl\source\FAN\fan_pwm_tach.v" -lib work -fv2001 "D:\ODM MB SWITCH\SWITCH\CPLD\BP_4S104G5_S\rtl\source\FAN\fan_counter.v" -lib work -fv2001 "D:\ODM MB SWITCH\SWITCH\CPLD\BP_4S104G5_S\rtl\source\common\Edge_Detect.v" -lib work -fv2001 "D:\ODM MB SWITCH\SWITCH\CPLD\BP_4S104G5_S\rtl\source\breath_led\breath_led.v" -lib work -fv2001 "D:\ODM MB SWITCH\SWITCH\CPLD\BP_4S104G5_S\rtl\source\Bmc_Power_seq\ac_bmc_pwrseq_fsm.v" -lib work -fv2001 "D:\ODM MB SWITCH\SWITCH\CPLD\BP_4S104G5_S\rtl\source\FAN\WDT.v" -lib work -fv2001 "D:\ODM MB SWITCH\SWITCH\CPLD\BP_4S104G5_S\rtl\source\uart\old\uart_master.v" -jobname "compiler"
rc:0 success:1 runtime:9
file:..\synwork\bp_4s104g5_s_impl1_comp.srs|io:o|time:1761725357|size:56403|exec:0|csum:
file:..\synlog\bp_4s104g5_s_impl1_compiler.srr|io:o|time:1761725358|size:48760|exec:0|csum:
file:c:\lscc\diamond\3.14\synpbase\lib\lucent\machxo2.v|io:i|time:1726552933|size:49748|exec:0|csum:B71CE3E7881D74CEF4BD77A23168B26C
file:c:\lscc\diamond\3.14\synpbase\lib\lucent\pmi_def.v|io:i|time:1727134390|size:40584|exec:0|csum:62845CEC2BB6FEBE1BA059B1E18015F4
file:.\-fv2001|io:i|time:0|size:-1|exec:0|csum:
file:..\..\..\rtl\source\bp_4s104g5_s_top.v|io:i|time:1761723326|size:56736|exec:0|csum:4CF91C34C13347BBCA5633B3353AA1EB
file:.\-fv2001|io:i|time:0|size:-1|exec:0|csum:
file:..\..\..\rtl\source\common\clkdiv.v|io:i|time:1655381815|size:5070|exec:0|csum:CCF751086A0C687CB2EC28DAD94CEA5C
file:.\-fv2001|io:i|time:0|size:-1|exec:0|csum:
file:..\..\..\rtl\source\common\clkdivtree.v|io:i|time:1683958557|size:5263|exec:0|csum:1D7731C66CE55E4DCAFC40B510D7A2A2
file:.\-fv2001|io:i|time:0|size:-1|exec:0|csum:
file:..\..\..\rtl\source\pll\pll_i25m_o50m_o25m.v|io:i|time:1667898784|size:4650|exec:0|csum:FA9BF3B6542CD9299788C808062658C3
file:.\-fv2001|io:i|time:0|size:-1|exec:0|csum:
file:..\..\..\rtl\source\i2c_update\i2c_update.v|io:i|time:1761718707|size:6107|exec:0|csum:49F22218670E43223E536D4D1C765956
file:.\-fv2001|io:i|time:0|size:-1|exec:0|csum:
file:..\..\..\rtl\source\bmc_i2c\bmc_cpld_i2c_ram.v|io:i|time:1761707739|size:13478|exec:0|csum:7825F30BD2074897206BC4E77103D298
file:.\-fv2001|io:i|time:0|size:-1|exec:0|csum:
file:..\..\..\rtl\source\bmc_i2c\i2c_slave_basic0.v|io:i|time:1662714071|size:18663|exec:0|csum:04DDB266B19F3592353FD5778080A9B5
file:.\-fv2001|io:i|time:0|size:-1|exec:0|csum:
file:..\..\..\rtl\source\bmc_i2c\i2c_slave_bmc.v|io:i|time:1662714091|size:4905|exec:0|csum:CE3B440FC68C8BA6F4AB3893A858001B
file:.\-fv2001|io:i|time:0|size:-1|exec:0|csum:
file:..\..\..\rtl\source\sgpio_slave\p2s_slave.v|io:i|time:1756885721|size:3911|exec:0|csum:654BDFCFB642B69DDDB258E81DF10409
file:.\-fv2001|io:i|time:0|size:-1|exec:0|csum:
file:..\..\..\rtl\source\sgpio_slave\s2p_slave.v|io:i|time:1756885723|size:4595|exec:0|csum:DA4397A34DFEBC9FAF410578D8736182
file:.\-fv2001|io:i|time:0|size:-1|exec:0|csum:
file:..\..\..\rtl\source\common\edge_delay.v|io:i|time:1662702353|size:2646|exec:0|csum:94429E6C2058D65FA79512C2B884E519
file:.\-fv2001|io:i|time:0|size:-1|exec:0|csum:
file:..\..\..\rtl\source\common\lowpass_filter.v|io:i|time:1663048557|size:2909|exec:0|csum:BA6728F314AFCD64E060CD8CCC767DB3
file:.\-fv2001|io:i|time:0|size:-1|exec:0|csum:
file:..\..\..\rtl\source\common\pon_reset.v|io:i|time:1663040116|size:3277|exec:0|csum:AD4BBEEC5247411043367FA02845DEA8
file:.\-fv2001|io:i|time:0|size:-1|exec:0|csum:
file:..\..\..\rtl\source\common\synclib.v|io:i|time:1663039371|size:21609|exec:0|csum:71C831884B8E258DD5601C092440AC98
file:.\-fv2001|io:i|time:0|size:-1|exec:0|csum:
file:..\..\..\rtl\source\common\timer_gen_50mhz.v|io:i|time:1757489295|size:8581|exec:0|csum:CA3C4704A4FEE0669201DFA2F8F45DEA
file:.\-fv2001|io:i|time:0|size:-1|exec:0|csum:
file:..\..\..\rtl\source\74lv165\pvt_gpi.v|io:i|time:1669903272|size:2600|exec:0|csum:6DAE41EA540E72C8103523CED5ECE7EE
file:.\-fv2001|io:i|time:0|size:-1|exec:0|csum:
file:..\..\..\rtl\source\fan\fan_pwm_tach.v|io:i|time:1713778933|size:8288|exec:0|csum:DF82D50DC0AC87ED017D0C7ECC2A6867
file:.\-fv2001|io:i|time:0|size:-1|exec:0|csum:
file:..\..\..\rtl\source\fan\fan_counter.v|io:i|time:1612920595|size:1970|exec:0|csum:00EABC6E1261B143A917EA847FAD74A1
file:.\-fv2001|io:i|time:0|size:-1|exec:0|csum:
file:..\..\..\rtl\source\common\edge_detect.v|io:i|time:1669903273|size:2215|exec:0|csum:1E143451B3B3A5BF34F6DBD74E6B622F
file:.\-fv2001|io:i|time:0|size:-1|exec:0|csum:
file:..\..\..\rtl\source\breath_led\breath_led.v|io:i|time:1715848228|size:2302|exec:0|csum:CA85FFFFB8746761342DF7B65AADE511
file:.\-fv2001|io:i|time:0|size:-1|exec:0|csum:
file:..\..\..\rtl\source\bmc_power_seq\ac_bmc_pwrseq_fsm.v|io:i|time:1761717504|size:14198|exec:0|csum:708D1FBF2DAD74479E63E9546008AE89
file:.\-fv2001|io:i|time:0|size:-1|exec:0|csum:
file:..\..\..\rtl\source\fan\wdt.v|io:i|time:1670749207|size:4017|exec:0|csum:9D47DD8F11A9CE06C3E1FE2A002016F4
file:.\-fv2001|io:i|time:0|size:-1|exec:0|csum:
file:..\..\..\rtl\source\uart\old\uart_master.v|io:i|time:1761720463|size:6233|exec:0|csum:BEBB73B8A21366923115CF233D7A794C
file:c:\lscc\diamond\3.14\synpbase\bin64\c_hdl.exe|io:i|time:1727134361|size:7450624|exec:1|csum:A7411187494CA4C844650524343F7034
