C:\studyware\lattice_diamond_3_14\synpbase\bin64\c_hdl.exe  -osyn  C:\CPLD\intel\fenghuo_init\fenghuo_1\version\FH_MB_powerup_1105_shixu_ok_exit_fault\FH_MB_powerup_1105_shixu_ok_exit_fault\MB\09\BM_H13DSP_M\pro\impl1\synwork\BM_H13DSP_M_impl1_comp.srs  -top  BM_H13DSP_M  -hdllog  C:\CPLD\intel\fenghuo_init\fenghuo_1\version\FH_MB_powerup_1105_shixu_ok_exit_fault\FH_MB_powerup_1105_shixu_ok_exit_fault\MB\09\BM_H13DSP_M\pro\impl1\synlog\BM_H13DSP_M_impl1_compiler.srr  -encrypt  -mp  4  -verification_mode 0  -verilog  -prodtype  synplify_pro  -dspmac -fixsmult -infer_seqShift -nram -sdff_counter -divnmod -nostructver  -lattice   -I C:\CPLD\intel\fenghuo_init\fenghuo_1\version\FH_MB_powerup_1105_shixu_ok_exit_fault\FH_MB_powerup_1105_shixu_ok_exit_fault\MB\09\BM_H13DSP_M\rtl\include  -I C:\CPLD\intel\fenghuo_init\fenghuo_1\version\FH_MB_powerup_1105_shixu_ok_exit_fault\FH_MB_powerup_1105_shixu_ok_exit_fault\MB\09\BM_H13DSP_M\pro  -I C:\CPLD\intel\fenghuo_init\fenghuo_1\version\FH_MB_powerup_1105_shixu_ok_exit_fault\FH_MB_powerup_1105_shixu_ok_exit_fault\MB\09\BM_H13DSP_M\pro\impl1\  -I C:\studyware\lattice_diamond_3_14\synpbase\lib   -v2001  -devicelib  C:\studyware\lattice_diamond_3_14\synpbase\lib\lucent\machxo3lf.v  -devicelib  C:\studyware\lattice_diamond_3_14\synpbase\lib\lucent\pmi_def.v  -encrypt  -pro  -dmgen  C:\CPLD\intel\fenghuo_init\fenghuo_1\version\FH_MB_powerup_1105_shixu_ok_exit_fault\FH_MB_powerup_1105_shixu_ok_exit_fault\MB\09\BM_H13DSP_M\pro\impl1\dm  -ui -fid2 -ram -sharing on -ll 2000 -autosm  -D_MULTIPLE_FILE_COMPILATION_UNIT_  -lib work -fv2001 C:\CPLD\intel\fenghuo_init\fenghuo_1\version\FH_MB_powerup_1105_shixu_ok_exit_fault\FH_MB_powerup_1105_shixu_ok_exit_fault\MB\09\BM_H13DSP_M\rtl\source\BM_H13DSP_M_TOP.v -lib work -fv2001 C:\CPLD\intel\fenghuo_init\fenghuo_1\version\FH_MB_powerup_1105_shixu_ok_exit_fault\FH_MB_powerup_1105_shixu_ok_exit_fault\MB\09\BM_H13DSP_M\rtl\source\PLL\pll_i25M_o50M_o25M.v -lib work -fv2001 C:\CPLD\intel\fenghuo_init\fenghuo_1\version\FH_MB_powerup_1105_shixu_ok_exit_fault\FH_MB_powerup_1105_shixu_ok_exit_fault\MB\09\BM_H13DSP_M\rtl\source\IIC_Update\I2C_UPDATE.v -lib work -fv2001 C:\CPLD\intel\fenghuo_init\fenghuo_1\version\FH_MB_powerup_1105_shixu_ok_exit_fault\FH_MB_powerup_1105_shixu_ok_exit_fault\MB\09\BM_H13DSP_M\rtl\source\74LV165\pvt_gpi.v -lib work -fv2001 C:\CPLD\intel\fenghuo_init\fenghuo_1\version\FH_MB_powerup_1105_shixu_ok_exit_fault\FH_MB_powerup_1105_shixu_ok_exit_fault\MB\09\BM_H13DSP_M\rtl\source\bmc_i2c\bmc_cpld_i2c_ram.v -lib work -fv2001 C:\CPLD\intel\fenghuo_init\fenghuo_1\version\FH_MB_powerup_1105_shixu_ok_exit_fault\FH_MB_powerup_1105_shixu_ok_exit_fault\MB\09\BM_H13DSP_M\rtl\source\bmc_i2c\i2c_slave_basic0.v -lib work -fv2001 C:\CPLD\intel\fenghuo_init\fenghuo_1\version\FH_MB_powerup_1105_shixu_ok_exit_fault\FH_MB_powerup_1105_shixu_ok_exit_fault\MB\09\BM_H13DSP_M\rtl\source\bmc_i2c\i2c_slave_bmc.v -lib work -fv2001 C:\CPLD\intel\fenghuo_init\fenghuo_1\version\FH_MB_powerup_1105_shixu_ok_exit_fault\FH_MB_powerup_1105_shixu_ok_exit_fault\MB\09\BM_H13DSP_M\rtl\source\ESPI_LINK\espi_link.v -lib work -fv2001 C:\CPLD\intel\fenghuo_init\fenghuo_1\version\FH_MB_powerup_1105_shixu_ok_exit_fault\FH_MB_powerup_1105_shixu_ok_exit_fault\MB\09\BM_H13DSP_M\rtl\source\ESPI_LINK\pch_cpld_espi_ram.v -lib work -fv2001 C:\CPLD\intel\fenghuo_init\fenghuo_1\version\FH_MB_powerup_1105_shixu_ok_exit_fault\FH_MB_powerup_1105_shixu_ok_exit_fault\MB\09\BM_H13DSP_M\rtl\source\ESPI_LINK\pcie_dync_alloc.v -lib work -fv2001 C:\CPLD\intel\fenghuo_init\fenghuo_1\version\FH_MB_powerup_1105_shixu_ok_exit_fault\FH_MB_powerup_1105_shixu_ok_exit_fault\MB\09\BM_H13DSP_M\rtl\source\SGPIO_MASTER\s2p_master.v -lib work -fv2001 C:\CPLD\intel\fenghuo_init\fenghuo_1\version\FH_MB_powerup_1105_shixu_ok_exit_fault\FH_MB_powerup_1105_shixu_ok_exit_fault\MB\09\BM_H13DSP_M\rtl\source\SGPIO_MASTER\p2s_slave.v -lib work -fv2001 C:\CPLD\intel\fenghuo_init\fenghuo_1\version\FH_MB_powerup_1105_shixu_ok_exit_fault\FH_MB_powerup_1105_shixu_ok_exit_fault\MB\09\BM_H13DSP_M\rtl\source\common\ClkDiv.v -lib work -fv2001 C:\CPLD\intel\fenghuo_init\fenghuo_1\version\FH_MB_powerup_1105_shixu_ok_exit_fault\FH_MB_powerup_1105_shixu_ok_exit_fault\MB\09\BM_H13DSP_M\rtl\source\common\delay.v -lib work -fv2001 C:\CPLD\intel\fenghuo_init\fenghuo_1\version\FH_MB_powerup_1105_shixu_ok_exit_fault\FH_MB_powerup_1105_shixu_ok_exit_fault\MB\09\BM_H13DSP_M\rtl\source\common\ClkDivTree.v -lib work -fv2001 C:\CPLD\intel\fenghuo_init\fenghuo_1\version\FH_MB_powerup_1105_shixu_ok_exit_fault\FH_MB_powerup_1105_shixu_ok_exit_fault\MB\09\BM_H13DSP_M\rtl\source\common\edge_delay.v -lib work -fv2001 C:\CPLD\intel\fenghuo_init\fenghuo_1\version\FH_MB_powerup_1105_shixu_ok_exit_fault\FH_MB_powerup_1105_shixu_ok_exit_fault\MB\09\BM_H13DSP_M\rtl\source\common\edge_detect.v -lib work -fv2001 C:\CPLD\intel\fenghuo_init\fenghuo_1\version\FH_MB_powerup_1105_shixu_ok_exit_fault\FH_MB_powerup_1105_shixu_ok_exit_fault\MB\09\BM_H13DSP_M\rtl\source\common\lowpass_filter.v -lib work -fv2001 C:\CPLD\intel\fenghuo_init\fenghuo_1\version\FH_MB_powerup_1105_shixu_ok_exit_fault\FH_MB_powerup_1105_shixu_ok_exit_fault\MB\09\BM_H13DSP_M\rtl\source\common\pon_reset.v -lib work -fv2001 C:\CPLD\intel\fenghuo_init\fenghuo_1\version\FH_MB_powerup_1105_shixu_ok_exit_fault\FH_MB_powerup_1105_shixu_ok_exit_fault\MB\09\BM_H13DSP_M\rtl\source\common\synclib.v -lib work -fv2001 C:\CPLD\intel\fenghuo_init\fenghuo_1\version\FH_MB_powerup_1105_shixu_ok_exit_fault\FH_MB_powerup_1105_shixu_ok_exit_fault\MB\09\BM_H13DSP_M\rtl\source\common\timer_gen_50mhz.v -lib work -fv2001 C:\CPLD\intel\fenghuo_init\fenghuo_1\version\FH_MB_powerup_1105_shixu_ok_exit_fault\FH_MB_powerup_1105_shixu_ok_exit_fault\MB\09\BM_H13DSP_M\rtl\source\common\system_rst.v -lib work -fv2001 C:\CPLD\intel\fenghuo_init\fenghuo_1\version\FH_MB_powerup_1105_shixu_ok_exit_fault\FH_MB_powerup_1105_shixu_ok_exit_fault\MB\09\BM_H13DSP_M\rtl\source\Signal_Latch\Edge_Detect_SL.v -lib work -fv2001 C:\CPLD\intel\fenghuo_init\fenghuo_1\version\FH_MB_powerup_1105_shixu_ok_exit_fault\FH_MB_powerup_1105_shixu_ok_exit_fault\MB\09\BM_H13DSP_M\rtl\source\Signal_Latch\Signal_Latch.v -lib work -fv2001 C:\CPLD\intel\fenghuo_init\fenghuo_1\version\FH_MB_powerup_1105_shixu_ok_exit_fault\FH_MB_powerup_1105_shixu_ok_exit_fault\MB\09\BM_H13DSP_M\rtl\source\uart\mcio_uart_master.v -lib work -fv2001 C:\CPLD\intel\fenghuo_init\fenghuo_1\version\FH_MB_powerup_1105_shixu_ok_exit_fault\FH_MB_powerup_1105_shixu_ok_exit_fault\MB\09\BM_H13DSP_M\rtl\source\Pwr_But_Ctrl\bmc_ctl_pwrbtn.v -lib work -fv2001 C:\CPLD\intel\fenghuo_init\fenghuo_1\version\FH_MB_powerup_1105_shixu_ok_exit_fault\FH_MB_powerup_1105_shixu_ok_exit_fault\MB\09\BM_H13DSP_M\rtl\source\Pwr_But_Ctrl\Pwr_But_Ctrl.v -lib work -fv2001 C:\CPLD\intel\fenghuo_init\fenghuo_1\version\FH_MB_powerup_1105_shixu_ok_exit_fault\FH_MB_powerup_1105_shixu_ok_exit_fault\MB\09\BM_H13DSP_M\rtl\source\bios_i2c\bios_cpld_i2c_ram.v -lib work -fv2001 C:\CPLD\intel\fenghuo_init\fenghuo_1\version\FH_MB_powerup_1105_shixu_ok_exit_fault\FH_MB_powerup_1105_shixu_ok_exit_fault\MB\09\BM_H13DSP_M\rtl\source\common\nmi_clear.v -lib work -fv2001 C:\CPLD\intel\fenghuo_init\fenghuo_1\version\FH_MB_powerup_1105_shixu_ok_exit_fault\FH_MB_powerup_1105_shixu_ok_exit_fault\MB\09\BM_H13DSP_M\rtl\source\common\cpu_module.v -lib work -fv2001 C:\CPLD\intel\fenghuo_init\fenghuo_1\version\FH_MB_powerup_1105_shixu_ok_exit_fault\FH_MB_powerup_1105_shixu_ok_exit_fault\MB\09\BM_H13DSP_M\rtl\source\common\cpu_thermtrip.v -lib work -fv2001 C:\CPLD\intel\fenghuo_init\fenghuo_1\version\FH_MB_powerup_1105_shixu_ok_exit_fault\FH_MB_powerup_1105_shixu_ok_exit_fault\MB\09\BM_H13DSP_M\rtl\source\Pwr_seq\pwrseq_master.v -lib work -fv2001 C:\CPLD\intel\fenghuo_init\fenghuo_1\version\FH_MB_powerup_1105_shixu_ok_exit_fault\FH_MB_powerup_1105_shixu_ok_exit_fault\MB\09\BM_H13DSP_M\rtl\source\Pwr_seq\pwrseq_slave.v -lib work -fv2001 C:\CPLD\intel\fenghuo_init\fenghuo_1\version\FH_MB_powerup_1105_shixu_ok_exit_fault\FH_MB_powerup_1105_shixu_ok_exit_fault\MB\09\BM_H13DSP_M\rtl\source\common\cmos_clear.v -lib work -fv2001 C:\CPLD\intel\fenghuo_init\fenghuo_1\version\FH_MB_powerup_1105_shixu_ok_exit_fault\FH_MB_powerup_1105_shixu_ok_exit_fault\MB\09\BM_H13DSP_M\rtl\source\common\extrst_evt_count.v -lib work -fv2001 C:\CPLD\intel\fenghuo_init\fenghuo_1\version\FH_MB_powerup_1105_shixu_ok_exit_fault\FH_MB_powerup_1105_shixu_ok_exit_fault\MB\09\BM_H13DSP_M\rtl\source\common\genCntr.v -lib work -fv2001 C:\CPLD\intel\fenghuo_init\fenghuo_1\version\FH_MB_powerup_1105_shixu_ok_exit_fault\FH_MB_powerup_1105_shixu_ok_exit_fault\MB\09\BM_H13DSP_M\rtl\source\common\MESSAGE_CONTROL.v -lib work -fv2001 C:\CPLD\intel\fenghuo_init\fenghuo_1\version\FH_MB_powerup_1105_shixu_ok_exit_fault\FH_MB_powerup_1105_shixu_ok_exit_fault\MB\09\BM_H13DSP_M\rtl\source\Power_Fault\dimm_fail_event.v -lib work -fv2001 C:\CPLD\intel\fenghuo_init\fenghuo_1\version\FH_MB_powerup_1105_shixu_ok_exit_fault\FH_MB_powerup_1105_shixu_ok_exit_fault\MB\09\BM_H13DSP_M\rtl\source\Power_Fault\ERROR_CODE.v -lib work -fv2001 C:\CPLD\intel\fenghuo_init\fenghuo_1\version\FH_MB_powerup_1105_shixu_ok_exit_fault\FH_MB_powerup_1105_shixu_ok_exit_fault\MB\09\BM_H13DSP_M\rtl\source\Power_Fault\fault_detectA_chklive.v -lib work -fv2001 C:\CPLD\intel\fenghuo_init\fenghuo_1\version\FH_MB_powerup_1105_shixu_ok_exit_fault\FH_MB_powerup_1105_shixu_ok_exit_fault\MB\09\BM_H13DSP_M\rtl\source\Power_Fault\fault_detectB_chklive.v -lib work -fv2001 C:\CPLD\intel\fenghuo_init\fenghuo_1\version\FH_MB_powerup_1105_shixu_ok_exit_fault\FH_MB_powerup_1105_shixu_ok_exit_fault\MB\09\BM_H13DSP_M\rtl\source\Power_Fault\Power_Fault.v -lib work -fv2001 C:\CPLD\intel\fenghuo_init\fenghuo_1\version\FH_MB_powerup_1105_shixu_ok_exit_fault\FH_MB_powerup_1105_shixu_ok_exit_fault\MB\09\BM_H13DSP_M\rtl\source\Power_Fault\Pwr_Error_Latch.v -lib work -fv2001 C:\CPLD\intel\fenghuo_init\fenghuo_1\version\FH_MB_powerup_1105_shixu_ok_exit_fault\FH_MB_powerup_1105_shixu_ok_exit_fault\MB\09\BM_H13DSP_M\rtl\source\74HC164\s2p_164.v  -jobname  "compiler" 
relcom:..\..\..\..\..\..\..\..\..\..\..\..\..\studyware\lattice_diamond_3_14\synpbase\bin64\c_hdl.exe -osyn ..\synwork\BM_H13DSP_M_impl1_comp.srs -top BM_H13DSP_M -hdllog ..\synlog\BM_H13DSP_M_impl1_compiler.srr -encrypt -mp 4 -verification_mode 0 -verilog -prodtype synplify_pro -dspmac -fixsmult -infer_seqShift -nram -sdff_counter -divnmod -nostructver -lattice -I ..\..\..\rtl\include -I ..\..\..\pro -I ..\ -I ..\..\..\..\..\..\..\..\..\..\..\..\..\studyware\lattice_diamond_3_14\synpbase\lib -v2001 -devicelib ..\..\..\..\..\..\..\..\..\..\..\..\..\studyware\lattice_diamond_3_14\synpbase\lib\lucent\machxo3lf.v -devicelib ..\..\..\..\..\..\..\..\..\..\..\..\..\studyware\lattice_diamond_3_14\synpbase\lib\lucent\pmi_def.v -encrypt -pro -dmgen ..\dm -ui -fid2 -ram -sharing on -ll 2000 -autosm -D_MULTIPLE_FILE_COMPILATION_UNIT_ -lib work -fv2001 ..\..\..\rtl\source\BM_H13DSP_M_TOP.v -lib work -fv2001 ..\..\..\rtl\source\PLL\pll_i25M_o50M_o25M.v -lib work -fv2001 ..\..\..\rtl\source\IIC_Update\I2C_UPDATE.v -lib work -fv2001 ..\..\..\rtl\source\74LV165\pvt_gpi.v -lib work -fv2001 ..\..\..\rtl\source\bmc_i2c\bmc_cpld_i2c_ram.v -lib work -fv2001 ..\..\..\rtl\source\bmc_i2c\i2c_slave_basic0.v -lib work -fv2001 ..\..\..\rtl\source\bmc_i2c\i2c_slave_bmc.v -lib work -fv2001 ..\..\..\rtl\source\ESPI_LINK\espi_link.v -lib work -fv2001 ..\..\..\rtl\source\ESPI_LINK\pch_cpld_espi_ram.v -lib work -fv2001 ..\..\..\rtl\source\ESPI_LINK\pcie_dync_alloc.v -lib work -fv2001 ..\..\..\rtl\source\SGPIO_MASTER\s2p_master.v -lib work -fv2001 ..\..\..\rtl\source\SGPIO_MASTER\p2s_slave.v -lib work -fv2001 ..\..\..\rtl\source\common\ClkDiv.v -lib work -fv2001 ..\..\..\rtl\source\common\delay.v -lib work -fv2001 ..\..\..\rtl\source\common\ClkDivTree.v -lib work -fv2001 ..\..\..\rtl\source\common\edge_delay.v -lib work -fv2001 ..\..\..\rtl\source\common\edge_detect.v -lib work -fv2001 ..\..\..\rtl\source\common\lowpass_filter.v -lib work -fv2001 ..\..\..\rtl\source\common\pon_reset.v -lib work -fv2001 ..\..\..\rtl\source\common\synclib.v -lib work -fv2001 ..\..\..\rtl\source\common\timer_gen_50mhz.v -lib work -fv2001 ..\..\..\rtl\source\common\system_rst.v -lib work -fv2001 ..\..\..\rtl\source\Signal_Latch\Edge_Detect_SL.v -lib work -fv2001 ..\..\..\rtl\source\Signal_Latch\Signal_Latch.v -lib work -fv2001 ..\..\..\rtl\source\uart\mcio_uart_master.v -lib work -fv2001 ..\..\..\rtl\source\Pwr_But_Ctrl\bmc_ctl_pwrbtn.v -lib work -fv2001 ..\..\..\rtl\source\Pwr_But_Ctrl\Pwr_But_Ctrl.v -lib work -fv2001 ..\..\..\rtl\source\bios_i2c\bios_cpld_i2c_ram.v -lib work -fv2001 ..\..\..\rtl\source\common\nmi_clear.v -lib work -fv2001 ..\..\..\rtl\source\common\cpu_module.v -lib work -fv2001 ..\..\..\rtl\source\common\cpu_thermtrip.v -lib work -fv2001 ..\..\..\rtl\source\Pwr_seq\pwrseq_master.v -lib work -fv2001 ..\..\..\rtl\source\Pwr_seq\pwrseq_slave.v -lib work -fv2001 ..\..\..\rtl\source\common\cmos_clear.v -lib work -fv2001 ..\..\..\rtl\source\common\extrst_evt_count.v -lib work -fv2001 ..\..\..\rtl\source\common\genCntr.v -lib work -fv2001 ..\..\..\rtl\source\common\MESSAGE_CONTROL.v -lib work -fv2001 ..\..\..\rtl\source\Power_Fault\dimm_fail_event.v -lib work -fv2001 ..\..\..\rtl\source\Power_Fault\ERROR_CODE.v -lib work -fv2001 ..\..\..\rtl\source\Power_Fault\fault_detectA_chklive.v -lib work -fv2001 ..\..\..\rtl\source\Power_Fault\fault_detectB_chklive.v -lib work -fv2001 ..\..\..\rtl\source\Power_Fault\Power_Fault.v -lib work -fv2001 ..\..\..\rtl\source\Power_Fault\Pwr_Error_Latch.v -lib work -fv2001 ..\..\..\rtl\source\74HC164\s2p_164.v -jobname "compiler"
rc:0 success:1 runtime:20
file:..\synwork\bm_h13dsp_m_impl1_comp.srs|io:o|time:1762913552|size:234360|exec:0|csum:
file:..\synlog\bm_h13dsp_m_impl1_compiler.srr|io:o|time:1762913552|size:231847|exec:0|csum:
file:..\..\..\..\..\..\..\..\..\..\..\..\..\studyware\lattice_diamond_3_14\synpbase\lib\lucent\machxo3lf.v|io:i|time:1726552933|size:48881|exec:0|csum:ED660AD7FCEAF9F2A957D1F551DD63E7
file:..\..\..\..\..\..\..\..\..\..\..\..\..\studyware\lattice_diamond_3_14\synpbase\lib\lucent\pmi_def.v|io:i|time:1727134390|size:40584|exec:0|csum:62845CEC2BB6FEBE1BA059B1E18015F4
file:.\-fv2001|io:i|time:0|size:-1|exec:0|csum:
file:..\..\..\rtl\source\bm_h13dsp_m_top.v|io:i|time:1762908312|size:360221|exec:0|csum:4DD8CC3E8527CF34B2A3AAD5F3FEB1D0
file:.\-fv2001|io:i|time:0|size:-1|exec:0|csum:
file:..\..\..\rtl\source\pll\pll_i25m_o50m_o25m.v|io:i|time:1757486274|size:5992|exec:0|csum:38F5DB9B26E7662050130483EAB9854C
file:.\-fv2001|io:i|time:0|size:-1|exec:0|csum:
file:..\..\..\rtl\source\iic_update\i2c_update.v|io:i|time:1760063554|size:6553|exec:0|csum:80B62EAE29F881BA6F35131489997425
file:.\-fv2001|io:i|time:0|size:-1|exec:0|csum:
file:..\..\..\rtl\source\74lv165\pvt_gpi.v|io:i|time:1669903272|size:2600|exec:0|csum:6DAE41EA540E72C8103523CED5ECE7EE
file:.\-fv2001|io:i|time:0|size:-1|exec:0|csum:
file:..\..\..\rtl\source\bmc_i2c\bmc_cpld_i2c_ram.v|io:i|time:1761361720|size:99043|exec:0|csum:9EB913BC30CE1B085E04B83839B008EA
file:.\-fv2001|io:i|time:0|size:-1|exec:0|csum:
file:..\..\..\rtl\source\bmc_i2c\i2c_slave_basic0.v|io:i|time:1735303802|size:18709|exec:0|csum:DD5A7BEDC83C39E9EB5B718DEC2419F0
file:.\-fv2001|io:i|time:0|size:-1|exec:0|csum:
file:..\..\..\rtl\source\bmc_i2c\i2c_slave_bmc.v|io:i|time:1762908312|size:5007|exec:0|csum:41FA8E91869A0E7EF18F710E1B964374
file:.\-fv2001|io:i|time:0|size:-1|exec:0|csum:
file:..\..\..\rtl\source\espi_link\espi_link.v|io:i|time:1675842966|size:19270|exec:0|csum:8358F57018D8E20C46612FD78A99246F
file:.\-fv2001|io:i|time:0|size:-1|exec:0|csum:
file:..\..\..\rtl\source\espi_link\pch_cpld_espi_ram.v|io:i|time:1737460876|size:16700|exec:0|csum:7475A20DA3A6CD01AAF22FDF112899B4
file:.\-fv2001|io:i|time:0|size:-1|exec:0|csum:
file:..\..\..\rtl\source\espi_link\pcie_dync_alloc.v|io:i|time:1740550136|size:1327|exec:0|csum:72C54AF426C3750CBF5575522BF29D22
file:.\-fv2001|io:i|time:0|size:-1|exec:0|csum:
file:..\..\..\rtl\source\sgpio_master\s2p_master.v|io:i|time:1757557248|size:3813|exec:0|csum:F5A4D05FE584A8CAFBFC6DA80E0A438E
file:.\-fv2001|io:i|time:0|size:-1|exec:0|csum:
file:..\..\..\rtl\source\sgpio_master\p2s_slave.v|io:i|time:1740643200|size:2562|exec:0|csum:67C56024569EB727D3C7C43BD242B371
file:.\-fv2001|io:i|time:0|size:-1|exec:0|csum:
file:..\..\..\rtl\source\common\clkdiv.v|io:i|time:1655381814|size:5070|exec:0|csum:CCF751086A0C687CB2EC28DAD94CEA5C
file:.\-fv2001|io:i|time:0|size:-1|exec:0|csum:
file:..\..\..\rtl\source\common\delay.v|io:i|time:1670334752|size:1845|exec:0|csum:B13625735B4E2DCCF30E0C0CBAA49859
file:.\-fv2001|io:i|time:0|size:-1|exec:0|csum:
file:..\..\..\rtl\source\common\clkdivtree.v|io:i|time:1683958556|size:5263|exec:0|csum:1D7731C66CE55E4DCAFC40B510D7A2A2
file:.\-fv2001|io:i|time:0|size:-1|exec:0|csum:
file:..\..\..\rtl\source\common\edge_delay.v|io:i|time:1669777000|size:2635|exec:0|csum:FE4EC9828498BA91E51AE547F6AD318B
file:.\-fv2001|io:i|time:0|size:-1|exec:0|csum:
file:..\..\..\rtl\source\common\edge_detect.v|io:i|time:1669967036|size:2476|exec:0|csum:1077536694184205F49267DED2896C26
file:.\-fv2001|io:i|time:0|size:-1|exec:0|csum:
file:..\..\..\rtl\source\common\lowpass_filter.v|io:i|time:1669967036|size:2650|exec:0|csum:2CC4E17BD46BE0E58D171BF4EAF25D16
file:.\-fv2001|io:i|time:0|size:-1|exec:0|csum:
file:..\..\..\rtl\source\common\pon_reset.v|io:i|time:1757487976|size:5983|exec:0|csum:37CC558DEF1ECC6F2BF4EB2C83082811
file:.\-fv2001|io:i|time:0|size:-1|exec:0|csum:
file:..\..\..\rtl\source\common\synclib.v|io:i|time:1669774846|size:21598|exec:0|csum:301050A4091C771529348CD81D7A75BD
file:.\-fv2001|io:i|time:0|size:-1|exec:0|csum:
file:..\..\..\rtl\source\common\timer_gen_50mhz.v|io:i|time:1757489244|size:10344|exec:0|csum:953725E1FB31E76179AF5AB2DEFDD81E
file:.\-fv2001|io:i|time:0|size:-1|exec:0|csum:
file:..\..\..\rtl\source\common\system_rst.v|io:i|time:1739187906|size:2205|exec:0|csum:196A4F9BA7C6C5953ED7415EAF6219B5
file:.\-fv2001|io:i|time:0|size:-1|exec:0|csum:
file:..\..\..\rtl\source\signal_latch\edge_detect_sl.v|io:i|time:1695176528|size:1009|exec:0|csum:DBBE24E24874C06877A148CE6819ADF2
file:.\-fv2001|io:i|time:0|size:-1|exec:0|csum:
file:..\..\..\rtl\source\signal_latch\signal_latch.v|io:i|time:1695176528|size:2508|exec:0|csum:207A18A397DB452C32AE934D1E8FF1E0
file:.\-fv2001|io:i|time:0|size:-1|exec:0|csum:
file:..\..\..\rtl\source\uart\mcio_uart_master.v|io:i|time:1760410620|size:14125|exec:0|csum:DC688DC9A989CEEB83D513B56E523555
file:.\-fv2001|io:i|time:0|size:-1|exec:0|csum:
file:..\..\..\rtl\source\pwr_but_ctrl\bmc_ctl_pwrbtn.v|io:i|time:1760334990|size:20572|exec:0|csum:E5BCDFB7C1373E9EED5E6B75874413AE
file:.\-fv2001|io:i|time:0|size:-1|exec:0|csum:
file:..\..\..\rtl\source\pwr_but_ctrl\pwr_but_ctrl.v|io:i|time:1760324976|size:19114|exec:0|csum:7D17664BE86B8315DB1E355FD8C8A4F7
file:.\-fv2001|io:i|time:0|size:-1|exec:0|csum:
file:..\..\..\rtl\source\bios_i2c\bios_cpld_i2c_ram.v|io:i|time:1741339876|size:19439|exec:0|csum:131CF14566CC4F51BA097C2533D9F4D5
file:.\-fv2001|io:i|time:0|size:-1|exec:0|csum:
file:..\..\..\rtl\source\common\nmi_clear.v|io:i|time:1650609976|size:865|exec:0|csum:7A3A709E6DD5EC5BD09D1E26212760ED
file:.\-fv2001|io:i|time:0|size:-1|exec:0|csum:
file:..\..\..\rtl\source\common\cpu_module.v|io:i|time:1740642592|size:3206|exec:0|csum:80C5DB4E61C0E772BB54DC107FD0C07E
file:.\-fv2001|io:i|time:0|size:-1|exec:0|csum:
file:..\..\..\rtl\source\common\cpu_thermtrip.v|io:i|time:1739245926|size:1530|exec:0|csum:F02AAC9EDCE123E9CBADEC9DB962D97B
file:.\-fv2001|io:i|time:0|size:-1|exec:0|csum:
file:..\..\..\rtl\source\pwr_seq\pwrseq_master.v|io:i|time:1762346086|size:82886|exec:0|csum:4B206EE8F31C573002EBACCC9ACFD42F
file:.\-fv2001|io:i|time:0|size:-1|exec:0|csum:
file:..\..\..\rtl\source\pwr_seq\pwrseq_slave.v|io:i|time:1762341356|size:63891|exec:0|csum:9CFAB02494073AFC00E201D13E313FB8
file:.\-fv2001|io:i|time:0|size:-1|exec:0|csum:
file:..\..\..\rtl\source\common\cmos_clear.v|io:i|time:1739245950|size:906|exec:0|csum:B04A8DF9D0A028422A39DD67D331B613
file:.\-fv2001|io:i|time:0|size:-1|exec:0|csum:
file:..\..\..\rtl\source\common\extrst_evt_count.v|io:i|time:1735302358|size:648|exec:0|csum:891843A4E53D1CED0D91D96CE688CBF7
file:.\-fv2001|io:i|time:0|size:-1|exec:0|csum:
file:..\..\..\rtl\source\common\gencntr.v|io:i|time:1669967036|size:3567|exec:0|csum:4431F2402AADCFEC0F689AE47FED6586
file:.\-fv2001|io:i|time:0|size:-1|exec:0|csum:
file:..\..\..\rtl\source\common\message_control.v|io:i|time:1643181304|size:3224|exec:0|csum:E5E34F7BD1DCD18CEFC470B4690CB35C
file:.\-fv2001|io:i|time:0|size:-1|exec:0|csum:
file:..\..\..\rtl\source\power_fault\dimm_fail_event.v|io:i|time:1737707206|size:1578|exec:0|csum:37E0E8B21A051341F063FA65A1E205C2
file:.\-fv2001|io:i|time:0|size:-1|exec:0|csum:
file:..\..\..\rtl\source\power_fault\error_code.v|io:i|time:1761361158|size:4334|exec:0|csum:EC502B27018CF771050EE79A6BB333B5
file:.\-fv2001|io:i|time:0|size:-1|exec:0|csum:
file:..\..\..\rtl\source\power_fault\fault_detecta_chklive.v|io:i|time:1739170600|size:29734|exec:0|csum:55ED4DEF3FC2C83E9ED92B98F0787D12
file:.\-fv2001|io:i|time:0|size:-1|exec:0|csum:
file:..\..\..\rtl\source\power_fault\fault_detectb_chklive.v|io:i|time:1669776856|size:3349|exec:0|csum:68EF7F8CF055F4E955B7422726420CD0
file:.\-fv2001|io:i|time:0|size:-1|exec:0|csum:
file:..\..\..\rtl\source\power_fault\power_fault.v|io:i|time:1669775816|size:47805|exec:0|csum:32319017AC75DF491877F4CE0DEC9A9F
file:.\-fv2001|io:i|time:0|size:-1|exec:0|csum:
file:..\..\..\rtl\source\power_fault\pwr_error_latch.v|io:i|time:1669775044|size:4906|exec:0|csum:8BF9D704C05D3ABC65C2F39051196498
file:.\-fv2001|io:i|time:0|size:-1|exec:0|csum:
file:..\..\..\rtl\source\74hc164\s2p_164.v|io:i|time:1708584682|size:2571|exec:0|csum:D8AF4ECBBCAA3DFB75B1CCE1E95F6CA2
file:..\..\..\..\..\..\..\..\..\..\..\..\..\studyware\lattice_diamond_3_14\synpbase\bin64\c_hdl.exe|io:i|time:1727134361|size:7450624|exec:1|csum:A7411187494CA4C844650524343F7034
