
Copyright (C) 1994-2023 Synopsys, Inc.
This Synopsys software and all associated documentation are proprietary to Synopsys, Inc.
and may only be used pursuant to the terms and conditions of a written license agreement
with Synopsys, Inc. All other use, reproduction, modification, or distribution of the
Synopsys software or the associated documentation is strictly prohibited.
Tool: Synplify Pro (R)
Build: V-2023.09L-2
Install: C:\studyware\lattice_diamond_3_14\synpbase
OS: Windows 10 or later
Hostname: Z02665MJ

Implementation : impl1

# Written on Thu Oct 23 14:10:40 2025

##### FILES SYNTAX CHECKED ##############################################
Constraint File(s):      (none)

#Run constraint checker to find more issues with constraints.
#########################################################################



No issues found in constraint syntax.



Clock Summary
*************

          Start                                           Requested     Requested     Clock                                                      Clock          Clock
Level     Clock                                           Frequency     Period        Type                                                       Group          Load 
---------------------------------------------------------------------------------------------------------------------------------------------------------------------
0 -       pll_i25M_o50M_o25M|CLKOP_inferred_clock         100.0 MHz     10.000        inferred                                                   (multiple)     2038 
1 .         ClkDiv_1s_1s|rDivClk_q_derived_clock          100.0 MHz     10.000        derived (from pll_i25M_o50M_o25M|CLKOP_inferred_clock)     (multiple)     9    
1 .         timer_gen|t1us_derived_clock                  100.0 MHz     10.000        derived (from pll_i25M_o50M_o25M|CLKOP_inferred_clock)     (multiple)     2    
2 ..          s2p_164|sclk_derived_clock                  100.0 MHz     10.000        derived (from timer_gen|t1us_derived_clock)                (multiple)     5    
                                                                                                                                                                     
0 -       pll_i25M_o50M_o25M|CLKOS_inferred_clock         100.0 MHz     10.000        inferred                                                   (multiple)     598  
                                                                                                                                                                     
0 -       BM_H13DSP_M|i_CPLD_ESPI_CLK                     100.0 MHz     10.000        inferred                                                   (multiple)     176  
                                                                                                                                                                     
0 -       BM_H13DSP_M|o_P0_PWR_BTN_R_N_inferred_clock     100.0 MHz     10.000        inferred                                                   (multiple)     0    
=====================================================================================================================================================================


Clock Load Summary
******************

                                                Clock     Source                                      Clock Pin                                 Non-clock Pin                                         Non-clock Pin                          
Clock                                           Load      Pin                                         Seq Example                               Seq Example                                           Comb Example                           
---------------------------------------------------------------------------------------------------------------------------------------------------------------------------------------------------------------------------------------------
pll_i25M_o50M_o25M|CLKOP_inferred_clock         2038      pll_inst.PLLInst_0.CLKOP(EHXPLLJ)           r_p12v_discharge_r.C                      -                                                     -                                      
ClkDiv_1s_1s|rDivClk_q_derived_clock            9         mClkDivTree.m1mSCE.rDivClk_q.Q[0](dffr)     s2p_164_u1.r_old_data[0].C                mClkDivTree.m20mSCE.rDivClk_q.D[0]                    mClkDivTree.m20mSCE.rDivClk_d.I[1](and)
timer_gen|t1us_derived_clock                    2         timer_gen_inst.t1us.Q[0](dffr)              s2p_164_u1.o_sclk.C                       pwrseq_slave_inst.fault_save_en.E                     s2p_164_u1.un1_tick.I[0](inv)          
s2p_164|sclk_derived_clock                      5         s2p_164_u1.sclk.Q[0](dffr)                  s2p_164_u1.so.C                           -                                                     -                                      
                                                                                                                                                                                                                                             
pll_i25M_o50M_o25M|CLKOS_inferred_clock         598       pll_inst.PLLInst_0.CLKOS(EHXPLLJ)           bmc_cpld_i2c_ram_u0.r_reg_0006[7:0].C     -                                                     -                                      
                                                                                                                                                                                                                                             
BM_H13DSP_M|i_CPLD_ESPI_CLK                     176       i_CPLD_ESPI_CLK(port)                       bios_espi_link.data_byte_in[7:0].C        -                                                     bios_espi_link.un1_ESPI_CLK.I[0](inv)  
                                                                                                                                                                                                                                             
BM_H13DSP_M|o_P0_PWR_BTN_R_N_inferred_clock     0         o_P0_PWR_BTN_R_N.OUT(and)                   -                                         pwrseq_master_inst.Edge_Detect_U1.r_signal_c.D[0]     un1_w_pal_pwrbtn_n_r.I[0](inv)         
=============================================================================================================================================================================================================================================
