{
"Synplify Pro (R) Job Log" : {
	"Date" : "14:11:31    23-Oct-2025",
	"Working Directory" : "C:/CPLD/intel/fenghuo_initial/BM_H13DSP_M/pro/impl1",
	"Install" : "C:/studyware/lattice_diamond_3_14/synpbase"
},
"impl1" :{
   "Job Flow" : "Sequential",
   "Start Time" : "14:10:20",
   "Runtime" : "01m:11s",
   "Executable Run Time" : "01m:08s",
   "synthesis" : {
      "Job Flow" : "Sequential",
      "Start Time" : "14:10:20",
      "Runtime" : "01m:11s",
      "Executable Run Time" : "01m:08s",
      "compile" : {
         "Job Flow" : "Sequential",
         "Start Time" : "14:10:20",
         "Runtime" : "27s",
         "Executable Run Time" : "25s",
         "compile_flow" : {
            "Job Flow" : "Sequential",
            "Start Time" : "14:10:20",
            "Runtime" : "19s",
            "Executable Run Time" : "17s",
            "compiler" : {
               "executable" : "bin64/c_hdl.exe",
               "Run Directory" : "C:/CPLD/intel/fenghuo_initial/BM_H13DSP_M/pro/impl1",
               "Run State" : "Complete",
               "Return Code" : "0",
               "Has Errors" : "no",
               "Run Start Time" : "14:10:20",
               "Run Time" : "19s",
               "Exe Run Time" : "17s",
               "Memory Usage" : "-",
               "Up-to-date (run skipped)" : "no"
            },
            "multi_srs_gen" : {
               "executable" : "bin64/syn_nfilter.exe",
               "Run Directory" : "C:/CPLD/intel/fenghuo_initial/BM_H13DSP_M/pro/impl1",
               "Run State" : "Complete",
               "Return Code" : "0",
               "Has Errors" : "no",
               "Run Start Time" : "14:10:39",
               "Run Time" : "00s",
               "Exe Run Time" : "00s",
               "Memory Usage" : "-",
               "Up-to-date (run skipped)" : "no"
            }
         },
         "premap" : {
            "executable" : "bin64/m_gen_lattice.exe",
            "Run Directory" : "C:/CPLD/intel/fenghuo_initial/BM_H13DSP_M/pro/impl1",
            "Run State" : "Complete",
            "Return Code" : "1",
            "Has Errors" : "no",
            "Run Start Time" : "14:10:39",
            "Run Time" : "08s",
            "Exe Run Time" : "08s",
            "Memory Usage" : "-",
            "Up-to-date (run skipped)" : "no"
         }
      },
      "map" : {
         "Job Flow" : "Sequential",
         "Start Time" : "14:10:48",
         "Runtime" : "43s",
         "Executable Run Time" : "43s",
         "fpga_mapper" : {
            "executable" : "bin64/m_gen_lattice.exe",
            "Run Directory" : "C:/CPLD/intel/fenghuo_initial/BM_H13DSP_M/pro/impl1",
            "Run State" : "Complete",
            "Return Code" : "1",
            "Has Errors" : "no",
            "Run Start Time" : "14:10:48",
            "Run Time" : "43s",
            "Exe Run Time" : "43s",
            "Memory Usage" : "-",
            "Up-to-date (run skipped)" : "no"
         }
      }
   }
}
}