
Copyright (C) 1994-2023 Synopsys, Inc.
This Synopsys software and all associated documentation are proprietary to Synopsys, Inc.
and may only be used pursuant to the terms and conditions of a written license agreement
with Synopsys, Inc. All other use, reproduction, modification, or distribution of the
Synopsys software or the associated documentation is strictly prohibited.
Tool: Synplify Pro (R)
Build: V-2023.09L-2
Install: C:\lscc\diamond\3_14\synpbase
OS: Windows 10 or later
Hostname: X02567XL

Implementation : impl1
Synopsys HDL compiler and linker, Version comp202309synp1, Build 349R, Built Sep 17 2024 08:16:26, @

Modified Files: 1
FID:  path (prevtimestamp, timestamp)
112      D:\FH_MB_powerup_1106_shixu_ok_exit_fault_change_right_addcpuprsnt_ok_add_pull_down_add_pwrbmc_ctrl\MB\09\BM_H13DSP_S\rtl\source\BM_H13DSP_S_TOP.v (2025-11-18 14:26:04, 2025-11-18 14:45:21)

*******************************************************************
Modules that may have changed as a result of file changes: 18
MID:  lib.cell.view
1        work.BM_H13DSP_S.verilog may have changed because the following files changed:
                        D:\FH_MB_powerup_1106_shixu_ok_exit_fault_change_right_addcpuprsnt_ok_add_pull_down_add_pwrbmc_ctrl\MB\09\BM_H13DSP_S\rtl\source\BM_H13DSP_S_TOP.v (2025-11-18 14:26:04, 2025-11-18 14:45:21) <-- (may instantiate this module)
4        work.ClkDiv.verilog may have changed because the following files changed:
                        D:\FH_MB_powerup_1106_shixu_ok_exit_fault_change_right_addcpuprsnt_ok_add_pull_down_add_pwrbmc_ctrl\MB\09\BM_H13DSP_S\rtl\source\BM_H13DSP_S_TOP.v (2025-11-18 14:26:04, 2025-11-18 14:45:21) <-- (may instantiate this module)
5        work.ClkDivTree.verilog may have changed because the following files changed:
                        D:\FH_MB_powerup_1106_shixu_ok_exit_fault_change_right_addcpuprsnt_ok_add_pull_down_add_pwrbmc_ctrl\MB\09\BM_H13DSP_S\rtl\source\BM_H13DSP_S_TOP.v (2025-11-18 14:26:04, 2025-11-18 14:45:21) <-- (may instantiate this module)
6        work.Edge_Detect.verilog may have changed because the following files changed:
                        D:\FH_MB_powerup_1106_shixu_ok_exit_fault_change_right_addcpuprsnt_ok_add_pull_down_add_pwrbmc_ctrl\MB\09\BM_H13DSP_S\rtl\source\BM_H13DSP_S_TOP.v (2025-11-18 14:26:04, 2025-11-18 14:45:21) <-- (may instantiate this module)
7        work.I2C_UPDATE.verilog may have changed because the following files changed:
                        D:\FH_MB_powerup_1106_shixu_ok_exit_fault_change_right_addcpuprsnt_ok_add_pull_down_add_pwrbmc_ctrl\MB\09\BM_H13DSP_S\rtl\source\BM_H13DSP_S_TOP.v (2025-11-18 14:26:04, 2025-11-18 14:45:21) <-- (may instantiate this module)
18       work.UART_MASTER.verilog may have changed because the following files changed:
                        D:\FH_MB_powerup_1106_shixu_ok_exit_fault_change_right_addcpuprsnt_ok_add_pull_down_add_pwrbmc_ctrl\MB\09\BM_H13DSP_S\rtl\source\BM_H13DSP_S_TOP.v (2025-11-18 14:26:04, 2025-11-18 14:45:21) <-- (may instantiate this module)
19       work.UID_Function.verilog may have changed because the following files changed:
                        D:\FH_MB_powerup_1106_shixu_ok_exit_fault_change_right_addcpuprsnt_ok_add_pull_down_add_pwrbmc_ctrl\MB\09\BM_H13DSP_S\rtl\source\BM_H13DSP_S_TOP.v (2025-11-18 14:26:04, 2025-11-18 14:45:21) <-- (may instantiate this module)
20       work.bmc_cpld_i2c_ram.verilog may have changed because the following files changed:
                        D:\FH_MB_powerup_1106_shixu_ok_exit_fault_change_right_addcpuprsnt_ok_add_pull_down_add_pwrbmc_ctrl\MB\09\BM_H13DSP_S\rtl\source\BM_H13DSP_S_TOP.v (2025-11-18 14:26:04, 2025-11-18 14:45:21) <-- (may instantiate this module)
21       work.delay.verilog may have changed because the following files changed:
                        D:\FH_MB_powerup_1106_shixu_ok_exit_fault_change_right_addcpuprsnt_ok_add_pull_down_add_pwrbmc_ctrl\MB\09\BM_H13DSP_S\rtl\source\BM_H13DSP_S_TOP.v (2025-11-18 14:26:04, 2025-11-18 14:45:21) <-- (may instantiate this module)
22       work.edge_delay.verilog may have changed because the following files changed:
                        D:\FH_MB_powerup_1106_shixu_ok_exit_fault_change_right_addcpuprsnt_ok_add_pull_down_add_pwrbmc_ctrl\MB\09\BM_H13DSP_S\rtl\source\BM_H13DSP_S_TOP.v (2025-11-18 14:26:04, 2025-11-18 14:45:21) <-- (may instantiate this module)
24       work.i2c_slave_basic0.verilog may have changed because the following files changed:
                        D:\FH_MB_powerup_1106_shixu_ok_exit_fault_change_right_addcpuprsnt_ok_add_pull_down_add_pwrbmc_ctrl\MB\09\BM_H13DSP_S\rtl\source\BM_H13DSP_S_TOP.v (2025-11-18 14:26:04, 2025-11-18 14:45:21) <-- (may instantiate this module)
25       work.i2c_slave_bmc.verilog may have changed because the following files changed:
                        D:\FH_MB_powerup_1106_shixu_ok_exit_fault_change_right_addcpuprsnt_ok_add_pull_down_add_pwrbmc_ctrl\MB\09\BM_H13DSP_S\rtl\source\BM_H13DSP_S_TOP.v (2025-11-18 14:26:04, 2025-11-18 14:45:21) <-- (may instantiate this module)
26       work.lowpass_filter.verilog may have changed because the following files changed:
                        D:\FH_MB_powerup_1106_shixu_ok_exit_fault_change_right_addcpuprsnt_ok_add_pull_down_add_pwrbmc_ctrl\MB\09\BM_H13DSP_S\rtl\source\BM_H13DSP_S_TOP.v (2025-11-18 14:26:04, 2025-11-18 14:45:21) <-- (may instantiate this module)
27       work.p2s_slave.verilog may have changed because the following files changed:
                        D:\FH_MB_powerup_1106_shixu_ok_exit_fault_change_right_addcpuprsnt_ok_add_pull_down_add_pwrbmc_ctrl\MB\09\BM_H13DSP_S\rtl\source\BM_H13DSP_S_TOP.v (2025-11-18 14:26:04, 2025-11-18 14:45:21) <-- (may instantiate this module)
28       work.pll_i25M_o50M_o25M.verilog may have changed because the following files changed:
                        D:\FH_MB_powerup_1106_shixu_ok_exit_fault_change_right_addcpuprsnt_ok_add_pull_down_add_pwrbmc_ctrl\MB\09\BM_H13DSP_S\rtl\source\BM_H13DSP_S_TOP.v (2025-11-18 14:26:04, 2025-11-18 14:45:21) <-- (may instantiate this module)
29       work.pon_reset.verilog may have changed because the following files changed:
                        D:\FH_MB_powerup_1106_shixu_ok_exit_fault_change_right_addcpuprsnt_ok_add_pull_down_add_pwrbmc_ctrl\MB\09\BM_H13DSP_S\rtl\source\BM_H13DSP_S_TOP.v (2025-11-18 14:26:04, 2025-11-18 14:45:21) <-- (may instantiate this module)
31       work.s2p_slave.verilog may have changed because the following files changed:
                        D:\FH_MB_powerup_1106_shixu_ok_exit_fault_change_right_addcpuprsnt_ok_add_pull_down_add_pwrbmc_ctrl\MB\09\BM_H13DSP_S\rtl\source\BM_H13DSP_S_TOP.v (2025-11-18 14:26:04, 2025-11-18 14:45:21) <-- (may instantiate this module)
32       work.timer_gen.verilog may have changed because the following files changed:
                        D:\FH_MB_powerup_1106_shixu_ok_exit_fault_change_right_addcpuprsnt_ok_add_pull_down_add_pwrbmc_ctrl\MB\09\BM_H13DSP_S\rtl\source\BM_H13DSP_S_TOP.v (2025-11-18 14:26:04, 2025-11-18 14:45:21) <-- (may instantiate this module)

*******************************************************************
Unmodified files: 27
FID:  path (timestamp)
58       C:\lscc\diamond\3_14\synpbase\lib\lucent\machxo3lf.v (2024-09-17 14:02:13)
59       C:\lscc\diamond\3_14\synpbase\lib\lucent\pmi_def.v (2024-09-24 07:33:10)
60       C:\lscc\diamond\3_14\synpbase\lib\vlog\hypermods.v (2024-09-24 07:33:35)
61       C:\lscc\diamond\3_14\synpbase\lib\vlog\scemi_objects.v (2024-09-24 07:33:35)
62       C:\lscc\diamond\3_14\synpbase\lib\vlog\scemi_pipes.svh (2024-09-24 07:33:35)
109      D:\FH_MB_powerup_1106_shixu_ok_exit_fault_change_right_addcpuprsnt_ok_add_pull_down_add_pwrbmc_ctrl\MB\09\BM_H13DSP_S\rtl\include\BM_H13DSP_S_VA_PORT.v (2025-10-25 15:28:50)
110      D:\FH_MB_powerup_1106_shixu_ok_exit_fault_change_right_addcpuprsnt_ok_add_pull_down_add_pwrbmc_ctrl\MB\09\BM_H13DSP_S\rtl\source\74HC164\s2p_164.v (2024-02-22 14:51:23)
111      D:\FH_MB_powerup_1106_shixu_ok_exit_fault_change_right_addcpuprsnt_ok_add_pull_down_add_pwrbmc_ctrl\MB\09\BM_H13DSP_S\rtl\source\74LV165\pvt_gpi.v (2022-12-01 22:01:12)
113      D:\FH_MB_powerup_1106_shixu_ok_exit_fault_change_right_addcpuprsnt_ok_add_pull_down_add_pwrbmc_ctrl\MB\09\BM_H13DSP_S\rtl\source\IIC_Update\I2C_UPDATE.v (2025-02-06 21:43:24)
114      D:\FH_MB_powerup_1106_shixu_ok_exit_fault_change_right_addcpuprsnt_ok_add_pull_down_add_pwrbmc_ctrl\MB\09\BM_H13DSP_S\rtl\source\PLL\pll_i25M_o50M_o25M.v (2025-02-06 21:45:10)
115      D:\FH_MB_powerup_1106_shixu_ok_exit_fault_change_right_addcpuprsnt_ok_add_pull_down_add_pwrbmc_ctrl\MB\09\BM_H13DSP_S\rtl\source\SGPIO_SLAVE\p2s_slave.v (2022-12-06 21:40:22)
116      D:\FH_MB_powerup_1106_shixu_ok_exit_fault_change_right_addcpuprsnt_ok_add_pull_down_add_pwrbmc_ctrl\MB\09\BM_H13DSP_S\rtl\source\SGPIO_SLAVE\s2p_slave.v (2022-12-06 21:40:47)
117      D:\FH_MB_powerup_1106_shixu_ok_exit_fault_change_right_addcpuprsnt_ok_add_pull_down_add_pwrbmc_ctrl\MB\09\BM_H13DSP_S\rtl\source\bmc_i2c\bmc_cpld_i2c_ram.v (2025-10-25 14:30:46)
118      D:\FH_MB_powerup_1106_shixu_ok_exit_fault_change_right_addcpuprsnt_ok_add_pull_down_add_pwrbmc_ctrl\MB\09\BM_H13DSP_S\rtl\source\bmc_i2c\i2c_slave_basic0.v (2024-12-27 20:50:03)
119      D:\FH_MB_powerup_1106_shixu_ok_exit_fault_change_right_addcpuprsnt_ok_add_pull_down_add_pwrbmc_ctrl\MB\09\BM_H13DSP_S\rtl\source\bmc_i2c\i2c_slave_bmc.v (2024-12-27 20:50:13)
120      D:\FH_MB_powerup_1106_shixu_ok_exit_fault_change_right_addcpuprsnt_ok_add_pull_down_add_pwrbmc_ctrl\MB\09\BM_H13DSP_S\rtl\source\common\ClkDiv.v (2022-06-16 20:16:55)
121      D:\FH_MB_powerup_1106_shixu_ok_exit_fault_change_right_addcpuprsnt_ok_add_pull_down_add_pwrbmc_ctrl\MB\09\BM_H13DSP_S\rtl\source\common\ClkDivTree.v (2023-05-13 14:15:57)
122      D:\FH_MB_powerup_1106_shixu_ok_exit_fault_change_right_addcpuprsnt_ok_add_pull_down_add_pwrbmc_ctrl\MB\09\BM_H13DSP_S\rtl\source\common\UID_Function.v (2023-04-06 15:12:58)
123      D:\FH_MB_powerup_1106_shixu_ok_exit_fault_change_right_addcpuprsnt_ok_add_pull_down_add_pwrbmc_ctrl\MB\09\BM_H13DSP_S\rtl\source\common\delay.v (2022-12-06 21:52:33)
124      D:\FH_MB_powerup_1106_shixu_ok_exit_fault_change_right_addcpuprsnt_ok_add_pull_down_add_pwrbmc_ctrl\MB\09\BM_H13DSP_S\rtl\source\common\edge_delay.v (2022-11-30 10:56:40)
125      D:\FH_MB_powerup_1106_shixu_ok_exit_fault_change_right_addcpuprsnt_ok_add_pull_down_add_pwrbmc_ctrl\MB\09\BM_H13DSP_S\rtl\source\common\edge_detect.v (2022-12-02 15:43:56)
126      D:\FH_MB_powerup_1106_shixu_ok_exit_fault_change_right_addcpuprsnt_ok_add_pull_down_add_pwrbmc_ctrl\MB\09\BM_H13DSP_S\rtl\source\common\lowpass_filter.v (2022-12-02 15:43:56)
127      D:\FH_MB_powerup_1106_shixu_ok_exit_fault_change_right_addcpuprsnt_ok_add_pull_down_add_pwrbmc_ctrl\MB\09\BM_H13DSP_S\rtl\source\common\pon_reset.v (2022-11-30 10:12:18)
128      D:\FH_MB_powerup_1106_shixu_ok_exit_fault_change_right_addcpuprsnt_ok_add_pull_down_add_pwrbmc_ctrl\MB\09\BM_H13DSP_S\rtl\source\common\synclib.v (2022-11-30 10:20:46)
129      D:\FH_MB_powerup_1106_shixu_ok_exit_fault_change_right_addcpuprsnt_ok_add_pull_down_add_pwrbmc_ctrl\MB\09\BM_H13DSP_S\rtl\source\common\timer_gen_50mhz.v (2025-02-06 21:55:11)
130      D:\FH_MB_powerup_1106_shixu_ok_exit_fault_change_right_addcpuprsnt_ok_add_pull_down_add_pwrbmc_ctrl\MB\09\BM_H13DSP_S\rtl\source\uart\aux_uart_master.v (2025-03-13 18:58:42)
131      D:\FH_MB_powerup_1106_shixu_ok_exit_fault_change_right_addcpuprsnt_ok_add_pull_down_add_pwrbmc_ctrl\MB\09\BM_H13DSP_S\rtl\source\uart\mcio_uart_master.v (2024-05-14 17:51:13)

*******************************************************************
Unchanged modules: 15
MID:  lib.cell.view
0        work.AUX_UART_MASTER.verilog
2        work.BREAK_COMBI.verilog
3        work.BREAK_COMBI_N.verilog
8        work.ISOLATE_COMBI.verilog
9        work.PGM_DEBOUNCE.verilog
10       work.PGM_DEBOUNCE_GPO_N.verilog
11       work.PGM_DEBOUNCE_N.verilog
12       work.STABLE.verilog
13       work.SYNC_DATA.verilog
14       work.SYNC_DATA_N.verilog
15       work.SYNC_RESET_AASD.verilog
16       work.SYNC_RESET_N_AASD.verilog
17       work.SYNC_RESET_SASD.verilog
30       work.pvt_gpi.verilog
33       work.s2p_164.verilog
