Starting process: Module

Starting process: 

SCUBA, Version Diamond (64-bit) 3.12.0.240.2
Thu Feb 06 21:45:10 2025

Copyright (c) 1991-1994 by NeoCAD Inc. All rights reserved.
Copyright (c) 1995 AT&T Corp.   All rights reserved.
Copyright (c) 1995-2001 Lucent Technologies Inc.  All rights reserved.
Copyright (c) 2001 Agere Systems   All rights reserved.
Copyright (c) 2002-2020 Lattice Semiconductor Corporation,  All rights reserved.

BEGIN SCUBA Module Synthesis

    Issued command   : D:\lscc\diamond\3.12\ispfpga\bin\nt64\scuba.exe -w -n pll_i25M_o50M_o25M -lang verilog -synth synplify -arch xo3c00f -type pll -fin 25 -fclkop 50 -fclkop_tol 0.0 -fclkos 25 -fclkos_tol 0.0 -trimp 0 -phasep 0 -trimp_r -trims 0 -phases 0 -trims_r -phase_cntl STATIC -rst -fb_mode 1 -lock 
    Circuit name     : pll_i25M_o50M_o25M
    Module type      : pll
    Module Version   : 5.7
    Ports            : 
	Inputs       : CLKI, RST
	Outputs      : CLKOP, CLKOS, LOCK
    I/O buffer       : not inserted
    EDIF output      : pll_i25M_o50M_o25M.edn
    Verilog output   : pll_i25M_o50M_o25M.v
    Verilog template : pll_i25M_o50M_o25M_tmpl.v
    Verilog purpose  : for synthesis and simulation
    Bus notation     : big endian
    Report output    : pll_i25M_o50M_o25M.srp
    Estimated Resource Usage:

END   SCUBA Module Synthesis

File: pll_i25M_o50M_o25M.lpc created.


End process: completed successfully.


Total Warnings:  0

Total Errors:  0


