
edif2ngd  -l "MachXO3LF" -d LCMXO3LF-6900C -path "C:/CPLD/intel/fenghuo_init/fenghuo_1/version/FH_MB_powerup_1105_shixu_ok_exit_fault/FH_MB_powerup_1105_shixu_ok_exit_fault/MB/09/BM_H13DSP_M/pro/impl1" -path "C:/CPLD/intel/fenghuo_init/fenghuo_1/version/FH_MB_powerup_1105_shixu_ok_exit_fault/FH_MB_powerup_1105_shixu_ok_exit_fault/MB/09/BM_H13DSP_M/pro"   "C:/CPLD/intel/fenghuo_init/fenghuo_1/version/FH_MB_powerup_1105_shixu_ok_exit_fault/FH_MB_powerup_1105_shixu_ok_exit_fault/MB/09/BM_H13DSP_M/pro/impl1/BM_H13DSP_M_impl1.edi" "BM_H13DSP_M_impl1.ngo"   
edif2ngd:  version Diamond (64-bit) 3.14.0.75.2

Copyright (c) 1991-1994 by NeoCAD Inc. All rights reserved.
Copyright (c) 1995 AT&T Corp.   All rights reserved.
Copyright (c) 1995-2001 Lucent Technologies Inc.  All rights reserved.
Copyright (c) 2001 Agere Systems   All rights reserved.
Copyright (c) 2002-2024 Lattice Semiconductor Corporation,  All rights reserved.
    <postMsg mid="1121028" type="Warning" dynamic="1" navigation="0" arg0="DLY_LEN"  />
    <postMsg mid="1121028" type="Warning" dynamic="1" navigation="0" arg0="TOTAL_STAGES"  />
    <postMsg mid="1121028" type="Warning" dynamic="1" navigation="0" arg0="DLY_LEN"  />
    <postMsg mid="1121028" type="Warning" dynamic="1" navigation="0" arg0="TOTAL_STAGES"  />
    <postMsg mid="1121028" type="Warning" dynamic="1" navigation="0" arg0="TOTAL_STAGES"  />
    <postMsg mid="1121028" type="Warning" dynamic="1" navigation="0" arg0="DLY_LEN"  />
    <postMsg mid="1121028" type="Warning" dynamic="1" navigation="0" arg0="DLY_LEN"  />
    <postMsg mid="1121028" type="Warning" dynamic="1" navigation="0" arg0="DELAY_MODE"  />
    <postMsg mid="1121028" type="Warning" dynamic="1" navigation="0" arg0="DEF_OUTPUT"  />
    <postMsg mid="1121028" type="Warning" dynamic="1" navigation="0" arg0="CNTR_NBITS"  />
    <postMsg mid="1121028" type="Warning" dynamic="1" navigation="0" arg0="DELAY_MODE"  />
    <postMsg mid="1121028" type="Warning" dynamic="1" navigation="0" arg0="DEF_OUTPUT"  />
    <postMsg mid="1121028" type="Warning" dynamic="1" navigation="0" arg0="CNTR_NBITS"  />
    <postMsg mid="1121028" type="Warning" dynamic="1" navigation="0" arg0="TOTAL_STAGES"  />
    <postMsg mid="1121028" type="Warning" dynamic="1" navigation="0" arg0="DLY_LEN"  />
    <postMsg mid="1121028" type="Warning" dynamic="1" navigation="0" arg0="DLY_LEN"  />
    <postMsg mid="1121028" type="Warning" dynamic="1" navigation="0" arg0="NUMBER_OF_VRM"  />
    <postMsg mid="1121028" type="Warning" dynamic="1" navigation="0" arg0="DELAY_MODE"  />
    <postMsg mid="1121028" type="Warning" dynamic="1" navigation="0" arg0="DEF_OUTPUT"  />
    <postMsg mid="1121028" type="Warning" dynamic="1" navigation="0" arg0="CNTR_NBITS"  />
    <postMsg mid="1121028" type="Warning" dynamic="1" navigation="0" arg0="NUMBER_OF_VRM"  />
    <postMsg mid="1121028" type="Warning" dynamic="1" navigation="0" arg0="NUMBER_OF_VRM"  />
    <postMsg mid="1121028" type="Warning" dynamic="1" navigation="0" arg0="DLY_LEN"  />
    <postMsg mid="1121028" type="Warning" dynamic="1" navigation="0" arg0="DLY_LEN"  />
    <postMsg mid="1121028" type="Warning" dynamic="1" navigation="0" arg0="NUMBER_OF_COUNTER_BITS"  />
    <postMsg mid="1121028" type="Warning" dynamic="1" navigation="0" arg0="SEGMENT_MIN"  />
    <postMsg mid="1121028" type="Warning" dynamic="1" navigation="0" arg0="SEGMENT_MAX"  />
    <postMsg mid="1121028" type="Warning" dynamic="1" navigation="0" arg0="DEFAULT_STATE"  />
    <postMsg mid="1121028" type="Warning" dynamic="1" navigation="0" arg0="TOTAL_BIT_COUNT"  />
    <postMsg mid="1121028" type="Warning" dynamic="1" navigation="0" arg0="CNTR_NBITS"  />
    <postMsg mid="1121028" type="Warning" dynamic="1" navigation="0" arg0="CNTR_NBITS"  />
    <postMsg mid="1121028" type="Warning" dynamic="1" navigation="0" arg0="DLY_LEN"  />
    <postMsg mid="1121028" type="Warning" dynamic="1" navigation="0" arg0="DLY_LEN"  />
    <postMsg mid="1121028" type="Warning" dynamic="1" navigation="0" arg0="START_COUNT_NUM"  />
    <postMsg mid="1121028" type="Warning" dynamic="1" navigation="0" arg0="BPS_COUNT_NUM"  />
    <postMsg mid="1121028" type="Warning" dynamic="1" navigation="0" arg0="NBIT_OUT"  />
    <postMsg mid="1121028" type="Warning" dynamic="1" navigation="0" arg0="NBIT_IN"  />
    <postMsg mid="1121028" type="Warning" dynamic="1" navigation="0" arg0="START_COUNT_NUM"  />
    <postMsg mid="1121028" type="Warning" dynamic="1" navigation="0" arg0="BPS_COUNT_NUM"  />
    <postMsg mid="1121028" type="Warning" dynamic="1" navigation="0" arg0="NBIT_OUT"  />
    <postMsg mid="1121028" type="Warning" dynamic="1" navigation="0" arg0="NBIT_IN"  />
    <postMsg mid="1121028" type="Warning" dynamic="1" navigation="0" arg0="NUMBER_OF_VRM"  />
    <postMsg mid="1121028" type="Warning" dynamic="1" navigation="0" arg0="DELAY_MODE"  />
    <postMsg mid="1121028" type="Warning" dynamic="1" navigation="0" arg0="DEF_OUTPUT"  />
    <postMsg mid="1121028" type="Warning" dynamic="1" navigation="0" arg0="CNTR_NBITS"  />
    <postMsg mid="1121028" type="Warning" dynamic="1" navigation="0" arg0="CNTR_NBITS"  />
    <postMsg mid="1121028" type="Warning" dynamic="1" navigation="0" arg0="NUMBER_OF_VRM"  />
    <postMsg mid="1121028" type="Warning" dynamic="1" navigation="0" arg0="NON_RECOV_FAULT_MASK"  />
    <postMsg mid="1121028" type="Warning" dynamic="1" navigation="0" arg0="LIM_RECOV_FAULT_MASK"  />
    <postMsg mid="1121028" type="Warning" dynamic="1" navigation="0" arg0="RECOV_FAULT_MASK"  />
    <postMsg mid="1121028" type="Warning" dynamic="1" navigation="0" arg0="FAULT_VEC_SIZE"  />
    <postMsg mid="1121028" type="Warning" dynamic="1" navigation="0" arg0="NUM_MEZZ"  />
    <postMsg mid="1121028" type="Warning" dynamic="1" navigation="0" arg0="NUM_RISER"  />
    <postMsg mid="1121028" type="Warning" dynamic="1" navigation="0" arg0="NUM_M2_BP"  />
    <postMsg mid="1121028" type="Warning" dynamic="1" navigation="0" arg0="NUM_HD_BP"  />
    <postMsg mid="1121028" type="Warning" dynamic="1" navigation="0" arg0="NUM_SAS"  />
    <postMsg mid="1121028" type="Warning" dynamic="1" navigation="0" arg0="NUM_S5DEV"  />
    <postMsg mid="1121028" type="Warning" dynamic="1" navigation="0" arg0="NUM_OPT_AUX"  />
    <postMsg mid="1121028" type="Warning" dynamic="1" navigation="0" arg0="NUM_CPU"  />
    <postMsg mid="1121028" type="Warning" dynamic="1" navigation="0" arg0="BOUND_SYS_PWROK"  />
    <postMsg mid="1121028" type="Warning" dynamic="1" navigation="0" arg0="S5DEV_STUCKON_FAULT_CHK"  />
    <postMsg mid="1121028" type="Warning" dynamic="1" navigation="0" arg0="SHARED_P5V_STBY_HPMOS"  />
    <postMsg mid="1121028" type="Warning" dynamic="1" navigation="0" arg0="DISPG_WATCHDOG_TIMEOUT_VAL"  />
    <postMsg mid="1121028" type="Warning" dynamic="1" navigation="0" arg0="RSMRST_REALSE_TIMEOUT_VAL"  />
    <postMsg mid="1121028" type="Warning" dynamic="1" navigation="0" arg0="S5_DEVICES_ON_WAIT_COMPLETE_FAULT_VAL"  />
    <postMsg mid="1121028" type="Warning" dynamic="1" navigation="0" arg0="S5_DEVICES_ON_WAIT_COMPLETE_NOFLT_VAL"  />
    <postMsg mid="1121028" type="Warning" dynamic="1" navigation="0" arg0="PO_ON_WAIT_COMPLETE_VAL"  />
    <postMsg mid="1121028" type="Warning" dynamic="1" navigation="0" arg0="PF_ON_WAIT_COMPLETE_VAL"  />
    <postMsg mid="1121028" type="Warning" dynamic="1" navigation="0" arg0="DC_ON_WAIT_COMPLETE_FAULT_VAL"  />
    <postMsg mid="1121028" type="Warning" dynamic="1" navigation="0" arg0="DC_ON_WAIT_COMPLETE_NOFLT_VAL"  />
    <postMsg mid="1121028" type="Warning" dynamic="1" navigation="0" arg0="PON_65MS_WATCHDOG_TIMEOUT_VAL"  />
    <postMsg mid="1121028" type="Warning" dynamic="1" navigation="0" arg0="DISABLE_3V3_TIMEOUT_FAULT_VAL"  />
    <postMsg mid="1121028" type="Warning" dynamic="1" navigation="0" arg0="DISABLE_3V3_TIMEOUT_VAL"  />
    <postMsg mid="1121028" type="Warning" dynamic="1" navigation="0" arg0="DISABLE_INTEL_VCCIN_TIMEOUT_FAULT_VAL"  />
    <postMsg mid="1121028" type="Warning" dynamic="1" navigation="0" arg0="DISABLE_INTEL_VCCIN_TIMEOUT_VAL"  />
    <postMsg mid="1121028" type="Warning" dynamic="1" navigation="0" arg0="PDN_WATCHDOG_TIMEOUT_FAULT_VAL"  />
    <postMsg mid="1121028" type="Warning" dynamic="1" navigation="0" arg0="PDN_WATCHDOG_TIMEOUT_VAL"  />
    <postMsg mid="1121028" type="Warning" dynamic="1" navigation="0" arg0="VCORE_WATCHDOG_TIMEOUT_VAL"  />
    <postMsg mid="1121028" type="Warning" dynamic="1" navigation="0" arg0="EFUSE_WATCHDOG_TIMEOUT_VAL"  />
    <postMsg mid="1121028" type="Warning" dynamic="1" navigation="0" arg0="PSU_WATCHDOG_TIMEOUT_VAL"  />
    <postMsg mid="1121028" type="Warning" dynamic="1" navigation="0" arg0="PON_WATCHDOG_TIMEOUT_VAL"  />
    <postMsg mid="1121028" type="Warning" dynamic="1" navigation="0" arg0="GRP_B_PWROK_TIMEOUT_VAL"  />
    <postMsg mid="1121028" type="Warning" dynamic="1" navigation="0" arg0="GRP_A_PWROK_TIMEOUT_VAL"  />
    <postMsg mid="1121028" type="Warning" dynamic="1" navigation="0" arg0="WDT_NBITS"  />
    <postMsg mid="1121028" type="Warning" dynamic="1" navigation="0" arg0="LIM_RECOV_MAX_RETRY_ATTEMPT"  />
    <postMsg mid="1121028" type="Warning" dynamic="1" navigation="0" arg0="POWER_JUDGE"  />
    <postMsg mid="1121028" type="Warning" dynamic="1" navigation="0" arg0="LATCH"  />
    <postMsg mid="1121028" type="Warning" dynamic="1" navigation="0" arg0="EDGE"  />
    <postMsg mid="1121028" type="Warning" dynamic="1" navigation="0" arg0="POWER_JUDGE"  />
    <postMsg mid="1121028" type="Warning" dynamic="1" navigation="0" arg0="LATCH"  />
    <postMsg mid="1121028" type="Warning" dynamic="1" navigation="0" arg0="EDGE"  />
    <postMsg mid="1121028" type="Warning" dynamic="1" navigation="0" arg0="NUMBER_OF_VRM"  />
    <postMsg mid="1121028" type="Warning" dynamic="1" navigation="0" arg0="NUMBER_OF_VRM"  />
    <postMsg mid="1121028" type="Warning" dynamic="1" navigation="0" arg0="NUM_CPU"  />
    <postMsg mid="1121028" type="Warning" dynamic="1" navigation="0" arg0="DELAY_MODE"  />
    <postMsg mid="1121028" type="Warning" dynamic="1" navigation="0" arg0="DEF_OUTPUT"  />
    <postMsg mid="1121028" type="Warning" dynamic="1" navigation="0" arg0="CNTR_NBITS"  />
    <postMsg mid="1121028" type="Warning" dynamic="1" navigation="0" arg0="NBIT"  />
    <postMsg mid="1121028" type="Warning" dynamic="1" navigation="0" arg0="NBIT"  />
    <postMsg mid="1121028" type="Warning" dynamic="1" navigation="0" arg0="NBIT"  />
    <postMsg mid="1121028" type="Warning" dynamic="1" navigation="0" arg0="NBIT"  />
    <postMsg mid="1121028" type="Warning" dynamic="1" navigation="0" arg0="NDELAY"  />
    <postMsg mid="1121028" type="Warning" dynamic="1" navigation="0" arg0="NBITS"  />
    <postMsg mid="1121028" type="Warning" dynamic="1" navigation="0" arg0="SIGCNT"  />
    <postMsg mid="1121028" type="Warning" dynamic="1" navigation="0" arg0="NDELAY"  />
    <postMsg mid="1121028" type="Warning" dynamic="1" navigation="0" arg0="NBITS"  />
    <postMsg mid="1121028" type="Warning" dynamic="1" navigation="0" arg0="SIGCNT"  />
    <postMsg mid="1121028" type="Warning" dynamic="1" navigation="0" arg0="SIGCNT"  />
    <postMsg mid="1121028" type="Warning" dynamic="1" navigation="0" arg0="NDELAY"  />
    <postMsg mid="1121028" type="Warning" dynamic="1" navigation="0" arg0="NBITS"  />
    <postMsg mid="1121028" type="Warning" dynamic="1" navigation="0" arg0="SIGCNT"  />
    <postMsg mid="1121028" type="Warning" dynamic="1" navigation="0" arg0="NDELAY"  />
    <postMsg mid="1121028" type="Warning" dynamic="1" navigation="0" arg0="NBITS"  />
    <postMsg mid="1121028" type="Warning" dynamic="1" navigation="0" arg0="SIGCNT"  />
    <postMsg mid="1121028" type="Warning" dynamic="1" navigation="0" arg0="SIGCNT"  />
    <postMsg mid="1121028" type="Warning" dynamic="1" navigation="0" arg0="NBITS"  />
    <postMsg mid="1121028" type="Warning" dynamic="1" navigation="0" arg0="SIGCNT"  />
    <postMsg mid="1121028" type="Warning" dynamic="1" navigation="0" arg0="NBITS"  />
    <postMsg mid="1121028" type="Warning" dynamic="1" navigation="0" arg0="SIGCNT"  />
    <postMsg mid="1121028" type="Warning" dynamic="1" navigation="0" arg0="SIGCNT"  />
    <postMsg mid="1121028" type="Warning" dynamic="1" navigation="0" arg0="NBITS"  />
    <postMsg mid="1121028" type="Warning" dynamic="1" navigation="0" arg0="SIGCNT"  />
    <postMsg mid="1121028" type="Warning" dynamic="1" navigation="0" arg0="NBITS"  />
    <postMsg mid="1121028" type="Warning" dynamic="1" navigation="0" arg0="NBIT"  />
    <postMsg mid="1121028" type="Warning" dynamic="1" navigation="0" arg0="NBIT"  />
    <postMsg mid="1121028" type="Warning" dynamic="1" navigation="0" arg0="NBIT"  />
    <postMsg mid="1121028" type="Warning" dynamic="1" navigation="0" arg0="NBIT"  />
    <postMsg mid="1121028" type="Warning" dynamic="1" navigation="0" arg0="CNTR_NBITS"  />
    <postMsg mid="1121028" type="Warning" dynamic="1" navigation="0" arg0="DELAY_MODE"  />
    <postMsg mid="1121028" type="Warning" dynamic="1" navigation="0" arg0="EDGE"  />
    <postMsg mid="1121028" type="Warning" dynamic="1" navigation="0" arg0="LATCH"  />
    <postMsg mid="1121028" type="Warning" dynamic="1" navigation="0" arg0="POWER_JUDGE"  />
    <postMsg mid="1121028" type="Warning" dynamic="1" navigation="0" arg0="EDGE"  />
    <postMsg mid="1121028" type="Warning" dynamic="1" navigation="0" arg0="LATCH"  />
    <postMsg mid="1121028" type="Warning" dynamic="1" navigation="0" arg0="POWER_JUDGE"  />
    <postMsg mid="1121028" type="Warning" dynamic="1" navigation="0" arg0="SHARED_P5V_STBY_HPMOS"  />
    <postMsg mid="1121028" type="Warning" dynamic="1" navigation="0" arg0="S5DEV_STUCKON_FAULT_CHK"  />
    <postMsg mid="1121028" type="Warning" dynamic="1" navigation="0" arg0="NUM_CPU"  />
    <postMsg mid="1121028" type="Warning" dynamic="1" navigation="0" arg0="NUM_OPT_AUX"  />
    <postMsg mid="1121028" type="Warning" dynamic="1" navigation="0" arg0="CNTR_NBITS"  />
    <postMsg mid="1121028" type="Warning" dynamic="1" navigation="0" arg0="NUMBER_OF_VRM"  />
    <postMsg mid="1121028" type="Warning" dynamic="1" navigation="0" arg0="NBIT_IN"  />
    <postMsg mid="1121028" type="Warning" dynamic="1" navigation="0" arg0="NBIT_OUT"  />
    <postMsg mid="1121028" type="Warning" dynamic="1" navigation="0" arg0="BPS_COUNT_NUM"  />
    <postMsg mid="1121028" type="Warning" dynamic="1" navigation="0" arg0="START_COUNT_NUM"  />
    <postMsg mid="1121028" type="Warning" dynamic="1" navigation="0" arg0="NBIT_IN"  />
    <postMsg mid="1121028" type="Warning" dynamic="1" navigation="0" arg0="NBIT_OUT"  />
    <postMsg mid="1121028" type="Warning" dynamic="1" navigation="0" arg0="BPS_COUNT_NUM"  />
    <postMsg mid="1121028" type="Warning" dynamic="1" navigation="0" arg0="START_COUNT_NUM"  />
    <postMsg mid="1121028" type="Warning" dynamic="1" navigation="0" arg0="DLY_LEN"  />
    <postMsg mid="1121028" type="Warning" dynamic="1" navigation="0" arg0="TOTAL_BIT_COUNT"  />
    <postMsg mid="1121028" type="Warning" dynamic="1" navigation="0" arg0="DEFAULT_STATE"  />
    <postMsg mid="1121028" type="Warning" dynamic="1" navigation="0" arg0="NUMBER_OF_COUNTER_BITS"  />
    <postMsg mid="1121028" type="Warning" dynamic="1" navigation="0" arg0="DLY_LEN"  />
Writing the design to BM_H13DSP_M_impl1.ngo...

Total CPU Time: 0 secs  
Total REAL Time: 3 secs  
Peak Memory Usage: 27 MB


ngdbuild  -a "MachXO3LF" -d LCMXO3LF-6900C  -p "C:/studyware/lattice_diamond_3_14/ispfpga/xo3c00f/data"  -p "C:/CPLD/intel/fenghuo_init/fenghuo_1/version/FH_MB_powerup_1105_shixu_ok_exit_fault/FH_MB_powerup_1105_shixu_ok_exit_fault/MB/09/BM_H13DSP_M/pro/impl1" -p "C:/CPLD/intel/fenghuo_init/fenghuo_1/version/FH_MB_powerup_1105_shixu_ok_exit_fault/FH_MB_powerup_1105_shixu_ok_exit_fault/MB/09/BM_H13DSP_M/pro"  "BM_H13DSP_M_impl1.ngo" "BM_H13DSP_M_impl1.ngd"  	
ngdbuild:  version Diamond (64-bit) 3.14.0.75.2

Copyright (c) 1991-1994 by NeoCAD Inc. All rights reserved.
Copyright (c) 1995 AT&T Corp.   All rights reserved.
Copyright (c) 1995-2001 Lucent Technologies Inc.  All rights reserved.
Copyright (c) 2001 Agere Systems   All rights reserved.
Copyright (c) 2002-2024 Lattice Semiconductor Corporation,  All rights reserved.
Reading 'BM_H13DSP_M_impl1.ngo' ...
Loading NGL library 'C:/studyware/lattice_diamond_3_14/ispfpga/xo2c00a/data/xo2alib.ngl'...
Loading NGL library 'C:/studyware/lattice_diamond_3_14/ispfpga/xo2c00/data/xo2clib.ngl'...
Loading NGL library 'C:/studyware/lattice_diamond_3_14/ispfpga/mg5g00/data/mg5glib.ngl'...
Loading NGL library 'C:/studyware/lattice_diamond_3_14/ispfpga/or5g00/data/orc5glib.ngl'...


Running DRC...

    <postMsg mid="1166052" type="Warning" dynamic="2" navigation="1" arg0="logical" arg1="inst_osch_SEDSTDBY" arg2="inst_osch_SEDSTDBY"  />
    <postMsg mid="1166052" type="Warning" dynamic="2" navigation="1" arg0="logical" arg1="i_HDR_N" arg2="i_HDR_N"  />
    <postMsg mid="1166052" type="Warning" dynamic="2" navigation="1" arg0="logical" arg1="i_CPLD_JTAG_EN" arg2="i_CPLD_JTAG_EN"  />
    <postMsg mid="1166052" type="Warning" dynamic="2" navigation="1" arg0="logical" arg1="i_CPLD_DONE" arg2="i_CPLD_DONE"  />
    <postMsg mid="1166052" type="Warning" dynamic="2" navigation="1" arg0="logical" arg1="i_CPLD2_JTAGEN_R" arg2="i_CPLD2_JTAGEN_R"  />
    <postMsg mid="1166052" type="Warning" dynamic="2" navigation="1" arg0="logical" arg1="i_CPLD_HOLD_N_R" arg2="i_CPLD_HOLD_N_R"  />
    <postMsg mid="1166052" type="Warning" dynamic="2" navigation="1" arg0="logical" arg1="i_CPLD_INITN" arg2="i_CPLD_INITN"  />
    <postMsg mid="1166052" type="Warning" dynamic="2" navigation="1" arg0="logical" arg1="i_CPLD_PROGRAM_N" arg2="i_CPLD_PROGRAM_N"  />
    <postMsg mid="1166052" type="Warning" dynamic="2" navigation="1" arg0="logical" arg1="i_CPLD_SN" arg2="i_CPLD_SN"  />
    <postMsg mid="1166052" type="Warning" dynamic="2" navigation="1" arg0="logical" arg1="i_FM_PWRBTN_OUT_N_R" arg2="i_FM_PWRBTN_OUT_N_R"  />
    <postMsg mid="1166052" type="Warning" dynamic="2" navigation="1" arg0="logical" arg1="i_RVD_GPIO1_R" arg2="i_RVD_GPIO1_R"  />
    <postMsg mid="1166052" type="Warning" dynamic="2" navigation="1" arg0="logical" arg1="i_RVD_GPIO2_R" arg2="i_RVD_GPIO2_R"  />
    <postMsg mid="1166052" type="Warning" dynamic="2" navigation="1" arg0="logical" arg1="i_CPLD_SGPIO1_MISO_R" arg2="i_CPLD_SGPIO1_MISO_R"  />
    <postMsg mid="1166052" type="Warning" dynamic="2" navigation="1" arg0="logical" arg1="i_SATA1_BACKPLANE_TYPE" arg2="i_SATA1_BACKPLANE_TYPE"  />
    <postMsg mid="1166052" type="Warning" dynamic="2" navigation="1" arg0="logical" arg1="i_P0_PRSNT_N" arg2="i_P0_PRSNT_N"  />
    <postMsg mid="1166052" type="Warning" dynamic="2" navigation="1" arg0="logical" arg1="i_P0_SGPIO_LD_R" arg2="i_P0_SGPIO_LD_R"  />
    <postMsg mid="1166052" type="Warning" dynamic="2" navigation="1" arg0="logical" arg1="i_P0_SGPIO_DATA_R" arg2="i_P0_SGPIO_DATA_R"  />
    <postMsg mid="1166052" type="Warning" dynamic="2" navigation="1" arg0="logical" arg1="i_CPU0_SGPIO0_CLK" arg2="i_CPU0_SGPIO0_CLK"  />
    <postMsg mid="1166052" type="Warning" dynamic="2" navigation="1" arg0="logical" arg1="i_CPU0_SGPIO1_CLK" arg2="i_CPU0_SGPIO1_CLK"  />
    <postMsg mid="1166052" type="Warning" dynamic="2" navigation="1" arg0="logical" arg1="i_CPU0_SGPIO2_CLK" arg2="i_CPU0_SGPIO2_CLK"  />
    <postMsg mid="1166052" type="Warning" dynamic="2" navigation="1" arg0="logical" arg1="i_CPU0_SGPIO3_CLK" arg2="i_CPU0_SGPIO3_CLK"  />
    <postMsg mid="1166052" type="Warning" dynamic="2" navigation="1" arg0="logical" arg1="i_P0_XTRIG_N_4" arg2="i_P0_XTRIG_N_4"  />
    <postMsg mid="1166052" type="Warning" dynamic="2" navigation="1" arg0="logical" arg1="i_P0_XTRIG_N_5" arg2="i_P0_XTRIG_N_5"  />
    <postMsg mid="1166052" type="Warning" dynamic="2" navigation="1" arg0="logical" arg1="i_P0_XTRIG_N_6" arg2="i_P0_XTRIG_N_6"  />
    <postMsg mid="1166052" type="Warning" dynamic="2" navigation="1" arg0="logical" arg1="i_P0_XTRIG_N_7" arg2="i_P0_XTRIG_N_7"  />
    <postMsg mid="1166052" type="Warning" dynamic="2" navigation="1" arg0="logical" arg1="i_P0_UART_TXD_0" arg2="i_P0_UART_TXD_0"  />
    <postMsg mid="1166052" type="Warning" dynamic="2" navigation="1" arg0="logical" arg1="i_P0_CPLD_SPARE_0" arg2="i_P0_CPLD_SPARE_0"  />
    <postMsg mid="1166052" type="Warning" dynamic="2" navigation="1" arg0="logical" arg1="i_P0_CPLD_SPARE_1" arg2="i_P0_CPLD_SPARE_1"  />
    <postMsg mid="1166052" type="Warning" dynamic="2" navigation="1" arg0="logical" arg1="i_P0_CPLD_SPARE_2" arg2="i_P0_CPLD_SPARE_2"  />
    <postMsg mid="1166052" type="Warning" dynamic="2" navigation="1" arg0="logical" arg1="i_P0_CPLD_SPARE_3" arg2="i_P0_CPLD_SPARE_3"  />
    <postMsg mid="1166052" type="Warning" dynamic="2" navigation="1" arg0="logical" arg1="i_P0_PWRGD_VDD_3V3_STBY" arg2="i_P0_PWRGD_VDD_3V3_STBY"  />
    <postMsg mid="1166052" type="Warning" dynamic="2" navigation="1" arg0="logical" arg1="i_P1_XTRIG_R_N_4" arg2="i_P1_XTRIG_R_N_4"  />
    <postMsg mid="1166052" type="Warning" dynamic="2" navigation="1" arg0="logical" arg1="i_P1_XTRIG_R_N_5" arg2="i_P1_XTRIG_R_N_5"  />
    <postMsg mid="1166052" type="Warning" dynamic="2" navigation="1" arg0="logical" arg1="i_P1_XTRIG_R_N_7" arg2="i_P1_XTRIG_R_N_7"  />
    <postMsg mid="1166052" type="Warning" dynamic="2" navigation="1" arg0="logical" arg1="i_P1_XTRIG_R_N_6" arg2="i_P1_XTRIG_R_N_6"  />
    <postMsg mid="1166052" type="Warning" dynamic="2" navigation="1" arg0="logical" arg1="i_P1_PWRGD_VDD_3V3_STBY" arg2="i_P1_PWRGD_VDD_3V3_STBY"  />
    <postMsg mid="1166052" type="Warning" dynamic="2" navigation="1" arg0="logical" arg1="i_P1_SLP_S5_N" arg2="i_P1_SLP_S5_N"  />
    <postMsg mid="1166052" type="Warning" dynamic="2" navigation="1" arg0="logical" arg1="i_P1_SLP_S3_N" arg2="i_P1_SLP_S3_N"  />
    <postMsg mid="1166052" type="Warning" dynamic="2" navigation="1" arg0="logical" arg1="i_P1_PRSNT_N" arg2="i_P1_PRSNT_N"  />
    <postMsg mid="1166052" type="Warning" dynamic="2" navigation="1" arg0="logical" arg1="i_PAL_P0_SLP_S3_N" arg2="i_PAL_P0_SLP_S3_N"  />
    <postMsg mid="1166052" type="Warning" dynamic="2" navigation="1" arg0="logical" arg1="i_PGD_P0_VDD_CORE_0" arg2="i_PGD_P0_VDD_CORE_0"  />
    <postMsg mid="1166052" type="Warning" dynamic="2" navigation="1" arg0="logical" arg1="i_PGD_P0_VDD_CORE_1" arg2="i_PGD_P0_VDD_CORE_1"  />
    <postMsg mid="1166052" type="Warning" dynamic="2" navigation="1" arg0="logical" arg1="i_PGD_P0_VDDIO" arg2="i_PGD_P0_VDDIO"  />
    <postMsg mid="1166052" type="Warning" dynamic="2" navigation="1" arg0="logical" arg1="i_PGD_P0_VDD_SOC_0" arg2="i_PGD_P0_VDD_SOC_0"  />
    <postMsg mid="1166052" type="Warning" dynamic="2" navigation="1" arg0="logical" arg1="i_PAL_P12V_CPU1_GOK" arg2="i_PAL_P12V_CPU1_GOK"  />
    <postMsg mid="1166052" type="Warning" dynamic="2" navigation="1" arg0="logical" arg1="i_PAL_P12V_CPU0_GOK" arg2="i_PAL_P12V_CPU0_GOK"  />
    <postMsg mid="1166052" type="Warning" dynamic="2" navigation="1" arg0="logical" arg1="i_PAL_P12V_CPU0_OC" arg2="i_PAL_P12V_CPU0_OC"  />
    <postMsg mid="1166052" type="Warning" dynamic="2" navigation="1" arg0="logical" arg1="i_PAL_P12V_CPU1_OC" arg2="i_PAL_P12V_CPU1_OC"  />
    <postMsg mid="1166052" type="Warning" dynamic="2" navigation="1" arg0="logical" arg1="i_PGD_P0_VDD_18_STBY" arg2="i_PGD_P0_VDD_18_STBY"  />
    <postMsg mid="1166052" type="Warning" dynamic="2" navigation="1" arg0="logical" arg1="i_PGD_P1_VDD_18_STBY" arg2="i_PGD_P1_VDD_18_STBY"  />
    <postMsg mid="1166052" type="Warning" dynamic="2" navigation="1" arg0="logical" arg1="i_PGD_P1_VDD_CORE_0" arg2="i_PGD_P1_VDD_CORE_0"  />
    <postMsg mid="1166052" type="Warning" dynamic="2" navigation="1" arg0="logical" arg1="i_PGD_P1_VDD_11_SUS" arg2="i_PGD_P1_VDD_11_SUS"  />
    <postMsg mid="1166052" type="Warning" dynamic="2" navigation="1" arg0="logical" arg1="i_P1V8_STBY_PG" arg2="i_P1V8_STBY_PG"  />
    <postMsg mid="1166052" type="Warning" dynamic="2" navigation="1" arg0="logical" arg1="i_PGD_P1_VDDIO" arg2="i_PGD_P1_VDDIO"  />
    <postMsg mid="1166052" type="Warning" dynamic="2" navigation="1" arg0="logical" arg1="i_PGD_P1_VDD_CORE_1" arg2="i_PGD_P1_VDD_CORE_1"  />
    <postMsg mid="1166052" type="Warning" dynamic="2" navigation="1" arg0="logical" arg1="i_PGD_P1_VDD_SOC_0" arg2="i_PGD_P1_VDD_SOC_0"  />
    <postMsg mid="1166052" type="Warning" dynamic="2" navigation="1" arg0="logical" arg1="i_PG_P1V0_STBY_M2_R" arg2="i_PG_P1V0_STBY_M2_R"  />
    <postMsg mid="1166052" type="Warning" dynamic="2" navigation="1" arg0="logical" arg1="i_SCM_ROT_CPU_RST_N_R" arg2="i_SCM_ROT_CPU_RST_N_R"  />
    <postMsg mid="1166052" type="Warning" dynamic="2" navigation="1" arg0="logical" arg1="i_HDT_CONN_TESTEN" arg2="i_HDT_CONN_TESTEN"  />
    <postMsg mid="1166052" type="Warning" dynamic="2" navigation="1" arg0="logical" arg1="i_UART_SYS_RX_R" arg2="i_UART_SYS_RX_R"  />
    <postMsg mid="1166052" type="Warning" dynamic="2" navigation="1" arg0="logical" arg1="i_IRQ_SPI_TPM_N" arg2="i_IRQ_SPI_TPM_N"  />
    <postMsg mid="1166052" type="Warning" dynamic="2" navigation="1" arg0="logical" arg1="i_PAL_JTAG_DBREQ_N" arg2="i_PAL_JTAG_DBREQ_N"  />
    <postMsg mid="1166052" type="Warning" dynamic="2" navigation="1" arg0="logical" arg1="i_PG_PVCC_HPMOS_R" arg2="i_PG_PVCC_HPMOS_R"  />
    <postMsg mid="1166052" type="Warning" dynamic="2" navigation="1" arg0="logical" arg1="i_HPM_STBY_EN_R" arg2="i_HPM_STBY_EN_R"  />
    <postMsg mid="1166052" type="Warning" dynamic="2" navigation="1" arg0="logical" arg1="i_PAL_BMC_JTAG_DBREQ" arg2="i_PAL_BMC_JTAG_DBREQ"  />
    <postMsg mid="1166052" type="Warning" dynamic="2" navigation="1" arg0="logical" arg1="i_FM_HPM_STBY_RDY_LVC3_R" arg2="i_FM_HPM_STBY_RDY_LVC3_R"  />
    <postMsg mid="1166052" type="Warning" dynamic="2" navigation="1" arg0="logical" arg1="i_FM_BMC_RDY_R" arg2="i_FM_BMC_RDY_R"  />
    <postMsg mid="1166052" type="Warning" dynamic="2" navigation="1" arg0="logical" arg1="i_SCM_SYS_PWROK_R" arg2="i_SCM_SYS_PWROK_R"  />
    <postMsg mid="1166052" type="Warning" dynamic="2" navigation="1" arg0="logical" arg1="i_PGD_P0_VDD_11_SUS" arg2="i_PGD_P0_VDD_11_SUS"  />
    <postMsg mid="1163101" type="Warning" dynamic="1" navigation="0" arg0="69"  />

Design Results:
   4925 blocks expanded
Complete the first expansion.
Writing 'BM_H13DSP_M_impl1.ngd' ...
Total CPU Time: 0 secs 
Total REAL Time: 0 secs 
Peak Memory Usage: 41 MB

