
Copyright (C) 1994-2023 Synopsys, Inc.
This Synopsys software and all associated documentation are proprietary to Synopsys, Inc.
and may only be used pursuant to the terms and conditions of a written license agreement
with Synopsys, Inc. All other use, reproduction, modification, or distribution of the
Synopsys software or the associated documentation is strictly prohibited.
Tool: Synplify Pro (R)
Build: V-2023.09L-2
Install: C:\lscc\diamond\3_14\synpbase
OS: Windows 10 or later
Hostname: X02567XL

Implementation : impl1

# Written on Wed Nov  5 20:59:19 2025

##### FILES SYNTAX CHECKED ##############################################
Constraint File(s):      (none)

#Run constraint checker to find more issues with constraints.
#########################################################################



No issues found in constraint syntax.



Clock Summary
*************

          Start                                             Requested     Requested     Clock                                                      Clock          Clock
Level     Clock                                             Frequency     Period        Type                                                       Group          Load 
-----------------------------------------------------------------------------------------------------------------------------------------------------------------------
0 -       pll_i25M_o50M_o25M|CLKOP_inferred_clock           100.0 MHz     10.000        inferred                                                   (multiple)     1569 
1 .         pwrseq_slave_Z3|reg_pwr_btn_l_derived_clock     100.0 MHz     10.000        derived (from pll_i25M_o50M_o25M|CLKOP_inferred_clock)     (multiple)     2    
                                                                                                                                                                       
0 -       pll_i25M_o50M_o25M|CLKOS_inferred_clock           100.0 MHz     10.000        inferred                                                   (multiple)     595  
                                                                                                                                                                       
0 -       BM_H13DSP_M|i_CPLD_ESPI_CLK                       100.0 MHz     10.000        inferred                                                   (multiple)     176  
=======================================================================================================================================================================


Clock Load Summary
******************

                                                Clock     Source                                         Clock Pin                                 Non-clock Pin     Non-clock Pin                        
Clock                                           Load      Pin                                            Seq Example                               Seq Example       Comb Example                         
----------------------------------------------------------------------------------------------------------------------------------------------------------------------------------------------------------
pll_i25M_o50M_o25M|CLKOP_inferred_clock         1569      pll_inst.PLLInst_0.CLKOP(EHXPLLJ)              r_board_id0_zt.C                          -                 -                                    
pwrseq_slave_Z3|reg_pwr_btn_l_derived_clock     2         pwrseq_slave_inst.reg_pwr_btn_l.Q[0](dffe)     cpu_module_u1.r_p0_slp_s3_n.C             -                 un1_o_P1_PWR_BTN_N.I[0](inv)         
                                                                                                                                                                                                          
pll_i25M_o50M_o25M|CLKOS_inferred_clock         595       pll_inst.PLLInst_0.CLKOS(EHXPLLJ)              bmc_cpld_i2c_ram_u0.r_reg_0006[7:0].C     -                 -                                    
                                                                                                                                                                                                          
BM_H13DSP_M|i_CPLD_ESPI_CLK                     176       i_CPLD_ESPI_CLK(port)                          bios_espi_link.data_byte_in[7:0].C        -                 bios_espi_link.un1_ESPI_CLK.I[0](inv)
==========================================================================================================================================================================================================
