{
"Synplify Pro (R) Job Log" : {
	"Date" : "10:13:08    12-Nov-2025",
	"Working Directory" : "C:/CPLD/intel/fenghuo_init/fenghuo_1/version/FH_MB_powerup_1105_shixu_ok_exit_fault/FH_MB_powerup_1105_shixu_ok_exit_fault/MB/09/BM_H13DSP_M/pro/impl1",
	"Install" : "C:/studyware/lattice_diamond_3_14/synpbase"
},
"impl1" :{
   "Job Flow" : "Sequential",
   "Start Time" : "10:12:14",
   "Runtime" : "54s",
   "Executable Run Time" : "52s",
   "synthesis" : {
      "Job Flow" : "Sequential",
      "Start Time" : "10:12:14",
      "Runtime" : "54s",
      "Executable Run Time" : "52s",
      "compile" : {
         "Job Flow" : "Sequential",
         "Start Time" : "10:12:14",
         "Runtime" : "28s",
         "Executable Run Time" : "26s",
         "compile_flow" : {
            "Job Flow" : "Sequential",
            "Start Time" : "10:12:14",
            "Runtime" : "20s",
            "Executable Run Time" : "19s",
            "compiler" : {
               "executable" : "bin64/c_hdl.exe",
               "Run Directory" : "C:/CPLD/intel/fenghuo_init/fenghuo_1/version/FH_MB_powerup_1105_shixu_ok_exit_fault/FH_MB_powerup_1105_shixu_ok_exit_fault/MB/09/BM_H13DSP_M/pro/impl1",
               "Run State" : "Complete",
               "Return Code" : "0",
               "Has Errors" : "no",
               "Run Start Time" : "10:12:14",
               "Run Time" : "20s",
               "Exe Run Time" : "19s",
               "Memory Usage" : "-",
               "Up-to-date (run skipped)" : "no"
            },
            "multi_srs_gen" : {
               "executable" : "bin64/syn_nfilter.exe",
               "Run Directory" : "C:/CPLD/intel/fenghuo_init/fenghuo_1/version/FH_MB_powerup_1105_shixu_ok_exit_fault/FH_MB_powerup_1105_shixu_ok_exit_fault/MB/09/BM_H13DSP_M/pro/impl1",
               "Run State" : "Complete",
               "Return Code" : "0",
               "Has Errors" : "no",
               "Run Start Time" : "10:12:34",
               "Run Time" : "00s",
               "Exe Run Time" : "00s",
               "Memory Usage" : "-",
               "Up-to-date (run skipped)" : "no"
            }
         },
         "premap" : {
            "executable" : "bin64/m_gen_lattice.exe",
            "Run Directory" : "C:/CPLD/intel/fenghuo_init/fenghuo_1/version/FH_MB_powerup_1105_shixu_ok_exit_fault/FH_MB_powerup_1105_shixu_ok_exit_fault/MB/09/BM_H13DSP_M/pro/impl1",
            "Run State" : "Complete",
            "Return Code" : "1",
            "Has Errors" : "no",
            "Run Start Time" : "10:12:34",
            "Run Time" : "08s",
            "Exe Run Time" : "07s",
            "Memory Usage" : "-",
            "Up-to-date (run skipped)" : "no"
         }
      },
      "map" : {
         "Job Flow" : "Sequential",
         "Start Time" : "10:12:42",
         "Runtime" : "26s",
         "Executable Run Time" : "26s",
         "fpga_mapper" : {
            "executable" : "bin64/m_gen_lattice.exe",
            "Run Directory" : "C:/CPLD/intel/fenghuo_init/fenghuo_1/version/FH_MB_powerup_1105_shixu_ok_exit_fault/FH_MB_powerup_1105_shixu_ok_exit_fault/MB/09/BM_H13DSP_M/pro/impl1",
            "Run State" : "Complete",
            "Return Code" : "1",
            "Has Errors" : "no",
            "Run Start Time" : "10:12:42",
            "Run Time" : "26s",
            "Exe Run Time" : "26s",
            "Memory Usage" : "-",
            "Up-to-date (run skipped)" : "no"
         }
      }
   }
}
}