
         Lattice Mapping Report File for Design Module 'BP_4S104G5_S'


Design Information
------------------

Command line:   map -a MachXO2 -p LCMXO2-2000HC -t CABGA256 -s 4 -oc Commercial
     BP_4S104G5_S_impl1.ngd -o BP_4S104G5_S_impl1_map.ncd -pr
     BP_4S104G5_S_impl1.prf -mp BP_4S104G5_S_impl1.mrp -lpf D:/ODM MB
     SWITCH/SWITCH/CPLD/BP_4S104G5_S/pro/impl1/BP_4S104G5_S_impl1_synplify.lpf
     -lpf D:/ODM MB SWITCH/SWITCH/CPLD/BP_4S104G5_S/pro/BP_4S104G5_S.lpf -c 0
     -gui -msgset D:/ODM MB SWITCH/SWITCH/CPLD/BP_4S104G5_S/pro/promote.xml 
Target Vendor:  LATTICE
Target Device:  LCMXO2-2000HCCABGA256
Target Performance:   4
Mapper:  xo2c00,  version:  Diamond (64-bit) 3.14.0.75.2
Mapped on:  10/29/25  16:09:29

Design Summary
--------------

   Number of registers:    756 out of  2733 (28%)
      PFU registers:          752 out of  2112 (36%)
      PIO registers:            4 out of   621 (1%)
   Number of SLICEs:       687 out of  1056 (65%)
      SLICEs as Logic/ROM:    687 out of  1056 (65%)
      SLICEs as RAM:            0 out of   792 (0%)
      SLICEs as Carry:        174 out of  1056 (16%)
   Number of LUT4s:        1369 out of  2112 (65%)
      Number used as logic LUTs:        1021
      Number used as distributed RAM:     0
      Number used as ripple logic:      348
      Number used as shift registers:     0
   Number of PIO sites used: 143 + 4(JTAG) out of 207 (71%)
   Number of block RAMs:  0 out of 8 (0%)
   Number of GSRs:        1 out of 1 (100%)
   EFB used :        Yes
   JTAG used :       No
   Readback used :   No
   Oscillator used : Yes
   Startup used :    No
   POR :             On
   Bandgap :         On
   Number of Power Controller:  0 out of 1 (0%)
   Number of Dynamic Bank Controller (BCINRD):  0 out of 6 (0%)
   Number of Dynamic Bank Controller (BCLVDSO):  0 out of 1 (0%)
   Number of DCCA:  0 out of 8 (0%)
   Number of DCMA:  0 out of 2 (0%)
   Number of PLLs:  1 out of 1 (100%)
   Number of DQSDLLs:  0 out of 2 (0%)
   Number of CLKDIVC:  0 out of 4 (0%)
   Number of ECLKSYNCA:  0 out of 4 (0%)
   Number of ECLKBRIDGECS:  0 out of 2 (0%)
   Notes:-
      1. Total number of LUT4s = (Number of logic LUT4s) + 2*(Number of
     distributed RAMs) + 2*(Number of ripple logic)
      2. Number of logic LUT4s does not include count of distributed RAM and
     ripple logic.
   Number of clocks:  8
     Net wb_clk: 1 loads, 1 rising, 0 falling (Driver: inst_osch )
     Net i_CPLD2_CLK_c: 1 loads, 1 rising, 0 falling (Driver: PIO i_CPLD2_CLK )

                                    Page 1




Design:  BP_4S104G5_S                                  Date:  10/29/25  16:09:29

Design Summary (cont)
---------------------
     Net clk_25m: 137 loads, 137 rising, 0 falling (Driver: pll_inst/PLLInst_0 )
     
     Net clk_50m: 320 loads, 320 rising, 0 falling (Driver: pll_inst/PLLInst_0 )
     
     Net bmc_cpld_i2c_ram_u0/i2c_slave_bmc_u0/w_i2c_command_1_i: 8 loads, 8
     rising, 0 falling (Driver:
     bmc_cpld_i2c_ram_u0/i2c_slave_bmc_u0/w_i2c_command_1_0_a2 )
     Net bmc_cpld_i2c_ram_u0/i2c_slave_bmc_u0/i2c_slave_basic0_u0/un2_w_rst_2: 2
     loads, 2 rising, 0 falling (Driver:
     bmc_cpld_i2c_ram_u0/i2c_slave_bmc_u0/i2c_slave_basic0_u0/un2_w_rst_2 )
     Net bmc_cpld_i2c_ram_u0/i2c_slave_bmc_u0/i2c_slave_basic0_u0/un2_w_rst_1: 2
     loads, 2 rising, 0 falling (Driver:
     bmc_cpld_i2c_ram_u0/i2c_slave_bmc_u0/i2c_slave_basic0_u0/un2_w_rst_1 )
     Net inst_i2c_update_flash_config/i2c1_scli: 1 loads, 1 rising, 0 falling
     (Driver: PIO io_I2C1_CPLD2_UPDATE_SCL )
   Number of Clock Enables:  101
     Net pon_reset_n: 1 loads, 1 LSLICEs
     Net bmc_cpld_i2c_ram_u0/i2c_slave_bmc_u0/i2c_slave_basic0_u0/o_data_out_RNO
     [1]: 1 loads, 1 LSLICEs
     Net bmc_cpld_i2c_ram_u0/i2c_slave_bmc_u0/i2c_slave_basic0_u0/o_data_out_RNO
     [2]: 1 loads, 1 LSLICEs
     Net bmc_cpld_i2c_ram_u0/i2c_slave_bmc_u0/i2c_slave_basic0_u0/o_data_out_RNO
     [3]: 1 loads, 1 LSLICEs
     Net bmc_cpld_i2c_ram_u0/i2c_slave_bmc_u0/i2c_slave_basic0_u0/o_data_out_RNO
     [4]: 1 loads, 1 LSLICEs
     Net bmc_cpld_i2c_ram_u0/i2c_slave_bmc_u0/i2c_slave_basic0_u0/o_data_out_RNO
     [5]: 1 loads, 1 LSLICEs
     Net bmc_cpld_i2c_ram_u0/i2c_slave_bmc_u0/i2c_slave_basic0_u0/o_data_out_RNO
     [6]: 1 loads, 1 LSLICEs
     Net bmc_cpld_i2c_ram_u0/i2c_slave_bmc_u0/i2c_slave_basic0_u0/o_data_out_RNO
     [7]: 1 loads, 1 LSLICEs
     Net bmc_cpld_i2c_ram_u0/i2c_slave_bmc_u0/i2c_slave_basic0_u0/o_data_out_RNO
     [0]: 1 loads, 1 LSLICEs
     Net bmc_cpld_i2c_ram_u0/i2c_slave_bmc_u0/i2c_slave_basic0_u0/r_I2C_RW_1_sqm
     uxa: 1 loads, 1 LSLICEs
     Net bmc_cpld_i2c_ram_u0/i2c_slave_bmc_u0/i2c_slave_basic0_u0/r_I2c_address_
     RNO[0]: 1 loads, 1 LSLICEs
     Net bmc_cpld_i2c_ram_u0/i2c_slave_bmc_u0/i2c_slave_basic0_u0/r_I2c_address_
     RNO[1]: 1 loads, 1 LSLICEs
     Net bmc_cpld_i2c_ram_u0/i2c_slave_bmc_u0/i2c_slave_basic0_u0/r_I2c_address_
     RNO[2]: 1 loads, 1 LSLICEs
     Net bmc_cpld_i2c_ram_u0/i2c_slave_bmc_u0/i2c_slave_basic0_u0/r_I2c_address_
     RNO[3]: 1 loads, 1 LSLICEs
     Net bmc_cpld_i2c_ram_u0/i2c_slave_bmc_u0/i2c_slave_basic0_u0/r_I2c_address_
     RNO[4]: 1 loads, 1 LSLICEs
     Net bmc_cpld_i2c_ram_u0/i2c_slave_bmc_u0/i2c_slave_basic0_u0/r_I2c_address_
     RNO[5]: 1 loads, 1 LSLICEs
     Net bmc_cpld_i2c_ram_u0/i2c_slave_bmc_u0/i2c_slave_basic0_u0/r_I2c_address_
     RNO[6]: 1 loads, 1 LSLICEs
     Net bmc_cpld_i2c_ram_u0/i2c_slave_bmc_u0/i2c_slave_basic0_u0/N_211_i: 4
     loads, 4 LSLICEs
     Net
     bmc_cpld_i2c_ram_u0/i2c_slave_bmc_u0/i2c_slave_basic0_u0/r_timeout_cnte: 4
     loads, 4 LSLICEs
     Net bmc_cpld_i2c_ram_u0/i2c_slave_bmc_u0/i2c_slave_basic0_u0/r_glitchlessSi
     gnal_sda_d_1_sqmuxa_i: 1 loads, 1 LSLICEs

                                    Page 2




Design:  BP_4S104G5_S                                  Date:  10/29/25  16:09:29

Design Summary (cont)
---------------------
     Net bmc_cpld_i2c_ram_u0/i2c_slave_bmc_u0/i2c_slave_basic0_u0/r_glitchlessSi
     gnal_scl_d_1_sqmuxa_i: 1 loads, 1 LSLICEs
     Net
     bmc_cpld_i2c_ram_u0/i2c_slave_bmc_u0/i2c_slave_basic0_u0/r_data_in_lock: 4
     loads, 4 LSLICEs
     Net bmc_cpld_i2c_ram_u0/i2c_slave_bmc_u0/i2c_slave_basic0_u0/N_250_i: 4
     loads, 4 LSLICEs
     Net bmc_cpld_i2c_ram_u0/i2c_slave_bmc_u0/r_write_byte_cnte: 9 loads, 9
     LSLICEs
     Net bmc_cpld_i2c_ram_u0/i2c_slave_bmc_u0/w_data_vld_pos: 9 loads, 9 LSLICEs
     
     Net bmc_cpld_i2c_ram_u0/i2c_slave_bmc_u0/r_i2c_command_tempce[0]: 4 loads,
     4 LSLICEs
     Net bmc_cpld_i2c_ram_u0/i2c_slave_bmc_u0/r_i2c_command_tempce[8]: 4 loads,
     4 LSLICEs
     Net bmc_cpld_i2c_ram_u0/r_reg_0019_1_sqmuxa: 4 loads, 4 LSLICEs
     Net bmc_cpld_i2c_ram_u0/r_reg_0072_1_sqmuxa: 4 loads, 4 LSLICEs
     Net bmc_cpld_i2c_ram_u0/r_reg_0013_1_sqmuxa: 4 loads, 4 LSLICEs
     Net bmc_cpld_i2c_ram_u0/r_reg_0023_1_sqmuxa: 4 loads, 4 LSLICEs
     Net bmc_cpld_i2c_ram_u0/r_reg_001B_1_sqmuxa: 4 loads, 4 LSLICEs
     Net bmc_cpld_i2c_ram_u0/r_reg_001A_1_sqmuxa: 4 loads, 4 LSLICEs
     Net bmc_cpld_i2c_ram_u0/r_reg_0006_0_sqmuxa: 4 loads, 4 LSLICEs
     Net uart_master_u15/N_191_i: 1 loads, 1 LSLICEs
     Net uart_master_u15/N_136_i_0: 1 loads, 1 LSLICEs
     Net uart_master_u15/data_counte: 3 loads, 3 LSLICEs
     Net uart_master_u15/bps_count_bite: 4 loads, 4 LSLICEs
     Net uart_master_u14/N_191_i: 1 loads, 1 LSLICEs
     Net uart_master_u14/N_136_i_0: 1 loads, 1 LSLICEs
     Net uart_master_u14/data_counte: 3 loads, 3 LSLICEs
     Net uart_master_u14/bps_count_bite: 4 loads, 4 LSLICEs
     Net uart_master_u13/N_191_i: 1 loads, 1 LSLICEs
     Net uart_master_u13/N_136_i_0: 1 loads, 1 LSLICEs
     Net uart_master_u13/data_counte: 3 loads, 3 LSLICEs
     Net uart_master_u13/bps_count_bite: 4 loads, 4 LSLICEs
     Net uart_master_u12/N_191_i: 1 loads, 1 LSLICEs
     Net uart_master_u12/N_136_i_0: 1 loads, 1 LSLICEs
     Net uart_master_u12/data_counte: 3 loads, 3 LSLICEs
     Net uart_master_u12/bps_count_bite: 4 loads, 4 LSLICEs
     Net uart_master_u11/N_191_i: 1 loads, 1 LSLICEs
     Net uart_master_u11/N_136_i_0: 1 loads, 1 LSLICEs
     Net uart_master_u11/data_counte: 3 loads, 3 LSLICEs
     Net uart_master_u11/bps_count_bite: 4 loads, 4 LSLICEs
     Net uart_master_u10/N_191_i: 1 loads, 1 LSLICEs
     Net uart_master_u10/N_136_i_0: 1 loads, 1 LSLICEs
     Net uart_master_u10/data_counte: 3 loads, 3 LSLICEs
     Net uart_master_u10/bps_count_bite: 4 loads, 4 LSLICEs
     Net uart_master_u9/N_191_i: 1 loads, 1 LSLICEs
     Net uart_master_u9/N_136_i_0: 1 loads, 1 LSLICEs
     Net uart_master_u9/data_counte: 3 loads, 3 LSLICEs
     Net uart_master_u9/bps_count_bite: 4 loads, 4 LSLICEs
     Net uart_master_u8/N_191_i: 1 loads, 1 LSLICEs
     Net uart_master_u8/N_136_i_0: 1 loads, 1 LSLICEs
     Net uart_master_u8/data_counte: 3 loads, 3 LSLICEs
     Net uart_master_u8/bps_count_bite: 4 loads, 4 LSLICEs
     Net uart_master_u7/N_191_i: 1 loads, 1 LSLICEs
     Net uart_master_u7/N_136_i_0: 1 loads, 1 LSLICEs

                                    Page 3




Design:  BP_4S104G5_S                                  Date:  10/29/25  16:09:29

Design Summary (cont)
---------------------
     Net uart_master_u7/data_counte: 3 loads, 3 LSLICEs
     Net uart_master_u7/bps_count_bite: 4 loads, 4 LSLICEs
     Net uart_master_u6/N_191_i: 1 loads, 1 LSLICEs
     Net uart_master_u6/N_136_i_0: 1 loads, 1 LSLICEs
     Net uart_master_u6/data_counte: 3 loads, 3 LSLICEs
     Net uart_master_u6/bps_count_bite: 4 loads, 4 LSLICEs
     Net uart_master_u5/N_191_i: 1 loads, 1 LSLICEs
     Net uart_master_u5/N_136_i_0: 1 loads, 1 LSLICEs
     Net uart_master_u5/data_counte: 3 loads, 3 LSLICEs
     Net uart_master_u5/bps_count_bite: 4 loads, 4 LSLICEs
     Net uart_master_u4/N_191_i: 1 loads, 1 LSLICEs
     Net uart_master_u4/N_136_i_0: 1 loads, 1 LSLICEs
     Net uart_master_u4/data_counte: 3 loads, 3 LSLICEs
     Net uart_master_u4/bps_count_bite: 4 loads, 4 LSLICEs
     Net uart_master_u3/N_191_i: 1 loads, 1 LSLICEs
     Net uart_master_u3/N_136_i_0: 1 loads, 1 LSLICEs
     Net uart_master_u3/data_counte: 3 loads, 3 LSLICEs
     Net uart_master_u3/bps_count_bite: 4 loads, 4 LSLICEs
     Net uart_master_u2/N_191_i: 1 loads, 1 LSLICEs
     Net uart_master_u2/N_136_i_0: 1 loads, 1 LSLICEs
     Net uart_master_u2/data_counte: 3 loads, 3 LSLICEs
     Net uart_master_u2/bps_count_bite: 4 loads, 4 LSLICEs
     Net uart_master_u1/N_191_i: 1 loads, 1 LSLICEs
     Net uart_master_u1/N_136_i_0: 1 loads, 1 LSLICEs
     Net uart_master_u1/data_counte: 3 loads, 3 LSLICEs
     Net uart_master_u1/bps_count_bite: 4 loads, 4 LSLICEs
     Net uart_master_u0/N_191_i: 1 loads, 1 LSLICEs
     Net uart_master_u0/N_136_i_0: 1 loads, 1 LSLICEs
     Net uart_master_u0/data_counte: 3 loads, 3 LSLICEs
     Net uart_master_u0/bps_count_bite: 4 loads, 4 LSLICEs
     Net p2s_inst/N_135_i: 4 loads, 4 LSLICEs
     Net timer_gen_inst/t32us_e: 7 loads, 7 LSLICEs
     Net timer_gen_inst/t1us_2: 3 loads, 3 LSLICEs
   Number of local set/reset loads for net pon_reset_n merged into GSR:  589
   Number of LSRs:  9
     Net un2_w_rst: 5 loads, 4 LSLICEs
     Net pon_reset_n: 11 loads, 9 LSLICEs
     Net bmc_cpld_i2c_ram_u0/i2c_slave_bmc_u0/i2c_slave_basic0_u0/un2_w_rst_2: 2
     loads, 2 LSLICEs
     Net un2_w_rst_3: 4 loads, 3 LSLICEs
     Net bmc_cpld_i2c_ram_u0/i2c_slave_bmc_u0/i2c_slave_basic0_u0/un2_w_rst_1: 2
     loads, 2 LSLICEs
     Net bmc_cpld_i2c_ram_u0/i2c_slave_bmc_u0/o_i2c_start: 18 loads, 18 LSLICEs
     Net bmc_cpld_i2c_ram_u0/i2c_slave_bmc_u0/i2c_slave_basic0_u0/un1_w_rst_i:
     44 loads, 44 LSLICEs
     Net pon_reset_inst/master_reset_n_i: 2 loads, 2 LSLICEs
     Net pll_inst/i_CPLD2_PROGRAM_N_c_i: 1 loads, 0 LSLICEs
   Number of nets driven by tri-state buffers:  0
   Top 10 highest fanout non-clock nets:
     Net bmc_cpld_i2c_ram_u0/w_WR: 70 loads
     Net t128ms_tick: 64 loads
     Net bmc_cpld_i2c_ram_u0/w_i2c_command[0]: 49 loads
     Net bmc_cpld_i2c_ram_u0/i2c_slave_bmc_u0/i2c_slave_basic0_u0/un1_w_rst_i:
     44 loads
     Net bmc_cpld_i2c_ram_u0/w_i2c_command[1]: 43 loads
     Net bmc_cpld_i2c_ram_u0/w_i2c_command[4]: 41 loads

                                    Page 4




Design:  BP_4S104G5_S                                  Date:  10/29/25  16:09:29

Design Summary (cont)
---------------------
     Net bmc_cpld_i2c_ram_u0/i2c_slave_bmc_u0/i2c_slave_basic0_u0/N_211: 28
     loads
     Net bmc_cpld_i2c_ram_u0/w_i2c_command[2]: 27 loads
     Net bmc_cpld_i2c_ram_u0/i2c_slave_bmc_u0/i2c_slave_basic0_u0/r_glitchlessSi
     gnal_scl_q: 22 loads
     Net bmc_cpld_i2c_ram_u0/i2c_slave_bmc_u0/o_i2c_start: 22 loads




   Number of warnings:  60
   Number of errors:    0
     

Design Errors/Warnings
----------------------

WARNING - map: Using local reset signal 'pon_reset_n' to infer global GSR net.
WARNING - map: IO buffer missing for top level port
     i_SCPLD_SGPIO_DATA_IN...logic will be discarded.
WARNING - map: IO buffer missing for top level port i_NVME1_CB_ID0_R...logic
     will be discarded.
WARNING - map: IO buffer missing for top level port i_NVME1_CB_ID1_R...logic
     will be discarded.
WARNING - map: IO buffer missing for top level port i_NVME2_CB_ID0_R...logic
     will be discarded.
WARNING - map: IO buffer missing for top level port i_NVME2_CB_ID1_R...logic
     will be discarded.
WARNING - map: IO buffer missing for top level port i_NVME3_CB_ID0_R...logic
     will be discarded.
WARNING - map: IO buffer missing for top level port i_NVME3_CB_ID1_R...logic
     will be discarded.
WARNING - map: IO buffer missing for top level port i_NVME4_CB_ID0_R...logic
     will be discarded.
WARNING - map: IO buffer missing for top level port i_NVME4_CB_ID1_R...logic
     will be discarded.
WARNING - map: IO buffer missing for top level port i_NPU1A_CB_ID1_R...logic
     will be discarded.
WARNING - map: IO buffer missing for top level port i_NPU1C_CB_ID1_R...logic
     will be discarded.
WARNING - map: IO buffer missing for top level port i_NPU2A_CB_ID1_R...logic
     will be discarded.
WARNING - map: IO buffer missing for top level port i_NPU2C_CB_ID1_R...logic
     will be discarded.
WARNING - map: IO buffer missing for top level port i_NPU3A_CB_ID1_R...logic
     will be discarded.
WARNING - map: IO buffer missing for top level port i_NPU3C_CB_ID1_R...logic
     will be discarded.
WARNING - map: IO buffer missing for top level port i_NPU4A_CB_ID1_R...logic
     will be discarded.
WARNING - map: IO buffer missing for top level port i_NPU4C_CB_ID1_R...logic
     will be discarded.
WARNING - map: IO buffer missing for top level port i_NPU5A_CB_ID1_R...logic
     will be discarded.
WARNING - map: IO buffer missing for top level port i_NPU5C_CB_ID1_R...logic
     will be discarded.

                                    Page 5




Design:  BP_4S104G5_S                                  Date:  10/29/25  16:09:29

Design Errors/Warnings (cont)
-----------------------------
WARNING - map: IO buffer missing for top level port i_NPU6A_CB_ID1_R...logic
     will be discarded.
WARNING - map: IO buffer missing for top level port i_NPU6C_CB_ID1_R...logic
     will be discarded.
WARNING - map: IO buffer missing for top level port i_NPU7A_CB_ID1_R...logic
     will be discarded.
WARNING - map: IO buffer missing for top level port i_NPU7C_CB_ID1_R...logic
     will be discarded.
WARNING - map: IO buffer missing for top level port i_NPU8A_CB_ID1_R...logic
     will be discarded.
WARNING - map: IO buffer missing for top level port i_NPU8C_CB_ID1_R...logic
     will be discarded.
WARNING - map: IO buffer missing for top level port i_NIC1A_CB_ID0_R...logic
     will be discarded.
WARNING - map: IO buffer missing for top level port i_NIC1A_CB_ID1_R...logic
     will be discarded.
WARNING - map: IO buffer missing for top level port i_NIC1C_CB_ID0_R...logic
     will be discarded.
WARNING - map: IO buffer missing for top level port i_NIC1C_CB_ID1_R...logic
     will be discarded.
WARNING - map: IO buffer missing for top level port i_NIC2A_CB_ID0_R...logic
     will be discarded.
WARNING - map: IO buffer missing for top level port i_NIC2A_CB_ID1_R...logic
     will be discarded.
WARNING - map: IO buffer missing for top level port i_NIC2C_CB_ID0_R...logic
     will be discarded.
WARNING - map: IO buffer missing for top level port i_NIC2C_CB_ID1_R...logic
     will be discarded.
WARNING - map: IO buffer missing for top level port i_NIC3A_CB_ID0_R...logic
     will be discarded.
WARNING - map: IO buffer missing for top level port i_NIC3A_CB_ID1_R...logic
     will be discarded.
WARNING - map: IO buffer missing for top level port i_NIC3C_CB_ID0_R...logic
     will be discarded.
WARNING - map: IO buffer missing for top level port i_NIC3C_CB_ID1_R...logic
     will be discarded.
WARNING - map: IO buffer missing for top level port i_NIC4A_CB_ID0_R...logic
     will be discarded.
WARNING - map: IO buffer missing for top level port i_NIC4A_CB_ID1_R...logic
     will be discarded.
WARNING - map: IO buffer missing for top level port i_NIC4C_CB_ID0_R...logic
     will be discarded.
WARNING - map: IO buffer missing for top level port i_NIC4C_CB_ID1_R...logic
     will be discarded.
WARNING - map: IO buffer missing for top level port i_NIC5A_CB_ID0_R...logic
     will be discarded.
WARNING - map: IO buffer missing for top level port i_NIC5A_CB_ID1_R...logic
     will be discarded.
WARNING - map: IO buffer missing for top level port i_NIC5C_CB_ID0_R...logic
     will be discarded.
WARNING - map: IO buffer missing for top level port i_NIC5C_CB_ID1_R...logic
     will be discarded.
WARNING - map: IO buffer missing for top level port i_NIC6A_CB_ID0_R...logic
     will be discarded.
WARNING - map: IO buffer missing for top level port i_NIC6A_CB_ID1_R...logic
     will be discarded.

                                    Page 6




Design:  BP_4S104G5_S                                  Date:  10/29/25  16:09:29

Design Errors/Warnings (cont)
-----------------------------
WARNING - map: IO buffer missing for top level port i_NIC6C_CB_ID0_R...logic
     will be discarded.
WARNING - map: IO buffer missing for top level port i_NIC6C_CB_ID1_R...logic
     will be discarded.
WARNING - map: IO buffer missing for top level port i_NIC7A_CB_ID0_R...logic
     will be discarded.
WARNING - map: IO buffer missing for top level port i_NIC7A_CB_ID1_R...logic
     will be discarded.
WARNING - map: IO buffer missing for top level port i_NIC7C_CB_ID0_R...logic
     will be discarded.
WARNING - map: IO buffer missing for top level port i_NIC7C_CB_ID1_R...logic
     will be discarded.
WARNING - map: IO buffer missing for top level port i_NIC8A_CB_ID0_R...logic
     will be discarded.
WARNING - map: IO buffer missing for top level port i_NIC8A_CB_ID1_R...logic
     will be discarded.
WARNING - map: IO buffer missing for top level port i_NIC8C_CB_ID0_R...logic
     will be discarded.
WARNING - map: IO buffer missing for top level port i_NIC8C_CB_ID1_R...logic
     will be discarded.
WARNING - map: In "LOCATE COMP "io_I2C1_CPLD2_UPDATE_SDA" SITE "C9" ;": Current
     SYS_CONFIG setting prohibits pin "C9" to be used as user IO. This
     preference has been disabled.
WARNING - map: In "LOCATE COMP "io_I2C1_CPLD2_UPDATE_SCL" SITE "A9" ;": Current
     SYS_CONFIG setting prohibits pin "A9" to be used as user IO. This
     preference has been disabled.

IO (PIO) Attributes
-------------------

+---------------------+-----------+-----------+------------+
| IO Name             | Direction | Levelmode | IO         |
|                     |           |  IO_TYPE  | Register   |
+---------------------+-----------+-----------+------------+
| io_I2C1_CPLD2_REG_SDA| BIDIR     | LVCMOS25  | IN         |
+---------------------+-----------+-----------+------------+
| o_CPLD2_LED2_N      | OUTPUT    | LVCMOS25  |            |
+---------------------+-----------+-----------+------------+
| o_SCPLD_SGPIO_DATA_OUT| OUTPUT    | LVCMOS25  |            |
+---------------------+-----------+-----------+------------+
| i_CPLD2_CLK         | INPUT     | LVCMOS25  |            |
+---------------------+-----------+-----------+------------+
| io_I2C1_CPLD2_UPDATE_SDA| BIDIR     | LVCMOS25  |            |
+---------------------+-----------+-----------+------------+
| io_I2C1_CPLD2_UPDATE_SCL| BIDIR     | LVCMOS25  |            |
+---------------------+-----------+-----------+------------+
| i_PCB_ID2           | INPUT     | LVCMOS25  |            |
+---------------------+-----------+-----------+------------+
| i_PCB_ID1           | INPUT     | LVCMOS25  |            |
+---------------------+-----------+-----------+------------+
| i_PCB_ID0           | INPUT     | LVCMOS25  |            |
+---------------------+-----------+-----------+------------+
| i_PCA_ID2           | INPUT     | LVCMOS25  |            |
+---------------------+-----------+-----------+------------+
| i_PCA_ID1           | INPUT     | LVCMOS25  |            |
+---------------------+-----------+-----------+------------+

                                    Page 7




Design:  BP_4S104G5_S                                  Date:  10/29/25  16:09:29

IO (PIO) Attributes (cont)
--------------------------
| i_PCA_ID0           | INPUT     | LVCMOS25  |            |
+---------------------+-----------+-----------+------------+
| i_BOARD_ID4         | INPUT     | LVCMOS25  |            |
+---------------------+-----------+-----------+------------+
| i_BOARD_ID3         | INPUT     | LVCMOS25  |            |
+---------------------+-----------+-----------+------------+
| i_BOARD_ID2         | INPUT     | LVCMOS25  |            |
+---------------------+-----------+-----------+------------+
| i_BOARD_ID1         | INPUT     | LVCMOS25  |            |
+---------------------+-----------+-----------+------------+
| i_BOARD_ID0         | INPUT     | LVCMOS25  |            |
+---------------------+-----------+-----------+------------+
| i_P0V8_SW1_FAULT_N  | INPUT     | LVCMOS25  |            |
+---------------------+-----------+-----------+------------+
| i_P0V8_SW1_ALERT_N  | INPUT     | LVCMOS25  |            |
+---------------------+-----------+-----------+------------+
| o_NIC5_8_GPU_THROTTLE_R_N| OUTPUT    | LVCMOS25  |            |
+---------------------+-----------+-----------+------------+
| o_NIC1_4_GPU_THROTTLE_R_N| OUTPUT    | LVCMOS25  |            |
+---------------------+-----------+-----------+------------+
| o_NPU5_8_GPU_THROTTLE_R_N| OUTPUT    | LVCMOS25  |            |
+---------------------+-----------+-----------+------------+
| o_NPU1_4_GPU_THROTTLE_R_N| OUTPUT    | LVCMOS25  |            |
+---------------------+-----------+-----------+------------+
| i_NVME4_PRSNT1_R_N  | INPUT     | LVCMOS25  |            |
+---------------------+-----------+-----------+------------+
| i_NVME4_PRSNT0_R_N  | INPUT     | LVCMOS25  |            |
+---------------------+-----------+-----------+------------+
| i_NVME3_PRSNT1_R_N  | INPUT     | LVCMOS25  |            |
+---------------------+-----------+-----------+------------+
| i_NVME3_PRSNT0_R_N  | INPUT     | LVCMOS25  |            |
+---------------------+-----------+-----------+------------+
| o_MCIO22_32_GPU_THROTTLE_R_N| OUTPUT    | LVCMOS25  |            |
+---------------------+-----------+-----------+------------+
| o_MCIO21_31_GPU_THROTTLE_R_N| OUTPUT    | LVCMOS25  |            |
+---------------------+-----------+-----------+------------+
| o_MCIO02_12_GPU_THROTTLE_R_N| OUTPUT    | LVCMOS25  |            |
+---------------------+-----------+-----------+------------+
| o_MCIO01_11_GPU_THROTTLE_R_N| OUTPUT    | LVCMOS25  |            |
+---------------------+-----------+-----------+------------+
| i_MCIO32C_CB_ID1_R  | INPUT     | LVCMOS25  |            |
+---------------------+-----------+-----------+------------+
| i_MCIO32C_CB_ID0_R  | INPUT     | LVCMOS25  |            |
+---------------------+-----------+-----------+------------+
| i_MCIO32A_CB_ID1_R  | INPUT     | LVCMOS25  |            |
+---------------------+-----------+-----------+------------+
| i_MCIO32A_CB_ID0_R  | INPUT     | LVCMOS25  |            |
+---------------------+-----------+-----------+------------+
| i_MCIO31C_CB_ID1_R  | INPUT     | LVCMOS25  |            |
+---------------------+-----------+-----------+------------+
| i_MCIO31C_CB_ID0_R  | INPUT     | LVCMOS25  |            |
+---------------------+-----------+-----------+------------+
| i_MCIO31A_CB_ID1_R  | INPUT     | LVCMOS25  |            |
+---------------------+-----------+-----------+------------+
| i_MCIO31A_CB_ID0_R  | INPUT     | LVCMOS25  |            |
+---------------------+-----------+-----------+------------+

                                    Page 8




Design:  BP_4S104G5_S                                  Date:  10/29/25  16:09:29

IO (PIO) Attributes (cont)
--------------------------
| i_MCIO22C_CB_ID1_R  | INPUT     | LVCMOS25  |            |
+---------------------+-----------+-----------+------------+
| i_MCIO22C_CB_ID0_R  | INPUT     | LVCMOS25  |            |
+---------------------+-----------+-----------+------------+
| i_MCIO22A_CB_ID1_R  | INPUT     | LVCMOS25  |            |
+---------------------+-----------+-----------+------------+
| i_MCIO22A_CB_ID0_R  | INPUT     | LVCMOS25  |            |
+---------------------+-----------+-----------+------------+
| i_MCIO21C_CB_ID1_R  | INPUT     | LVCMOS25  |            |
+---------------------+-----------+-----------+------------+
| i_MCIO21C_CB_ID0_R  | INPUT     | LVCMOS25  |            |
+---------------------+-----------+-----------+------------+
| i_MCIO21A_CB_ID1_R  | INPUT     | LVCMOS25  |            |
+---------------------+-----------+-----------+------------+
| i_MCIO21A_CB_ID0_R  | INPUT     | LVCMOS25  |            |
+---------------------+-----------+-----------+------------+
| i_MCIO12C_CB_ID1_R  | INPUT     | LVCMOS25  |            |
+---------------------+-----------+-----------+------------+
| i_MCIO12C_CB_ID0_R  | INPUT     | LVCMOS25  |            |
+---------------------+-----------+-----------+------------+
| i_MCIO12A_CB_ID1_R  | INPUT     | LVCMOS25  |            |
+---------------------+-----------+-----------+------------+
| i_MCIO12A_CB_ID0_R  | INPUT     | LVCMOS25  |            |
+---------------------+-----------+-----------+------------+
| i_MCIO11C_CB_ID1_R  | INPUT     | LVCMOS25  |            |
+---------------------+-----------+-----------+------------+
| i_MCIO11C_CB_ID0_R  | INPUT     | LVCMOS25  |            |
+---------------------+-----------+-----------+------------+
| i_MCIO11A_CB_ID1_R  | INPUT     | LVCMOS25  |            |
+---------------------+-----------+-----------+------------+
| i_MCIO11A_CB_ID0_R  | INPUT     | LVCMOS25  |            |
+---------------------+-----------+-----------+------------+
| i_MCIO02C_CB_ID1_R  | INPUT     | LVCMOS25  |            |
+---------------------+-----------+-----------+------------+
| i_MCIO02C_CB_ID0_R  | INPUT     | LVCMOS25  |            |
+---------------------+-----------+-----------+------------+
| i_MCIO02A_CB_ID1_R  | INPUT     | LVCMOS25  |            |
+---------------------+-----------+-----------+------------+
| i_MCIO02A_CB_ID0_R  | INPUT     | LVCMOS25  |            |
+---------------------+-----------+-----------+------------+
| i_MCIO01C_CB_ID1_R  | INPUT     | LVCMOS25  |            |
+---------------------+-----------+-----------+------------+
| i_MCIO01C_CB_ID0_R  | INPUT     | LVCMOS25  |            |
+---------------------+-----------+-----------+------------+
| i_MCIO01A_CB_ID1_R  | INPUT     | LVCMOS25  |            |
+---------------------+-----------+-----------+------------+
| i_MCIO01A_CB_ID0_R  | INPUT     | LVCMOS25  |            |
+---------------------+-----------+-----------+------------+
| i_MCIO32C_NVME1_PRSNT_R_N| INPUT     | LVCMOS25  |            |
+---------------------+-----------+-----------+------------+
| i_MCIO32C_NVME0_PRSNT_R_N| INPUT     | LVCMOS25  |            |
+---------------------+-----------+-----------+------------+
| i_MCIO32A_NVME1_PRSNT_R_N| INPUT     | LVCMOS25  |            |
+---------------------+-----------+-----------+------------+
| i_MCIO32A_NVME0_PRSNT_R_N| INPUT     | LVCMOS25  |            |
+---------------------+-----------+-----------+------------+

                                    Page 9




Design:  BP_4S104G5_S                                  Date:  10/29/25  16:09:29

IO (PIO) Attributes (cont)
--------------------------
| i_MCIO31C_NVME1_PRSNT_R_N| INPUT     | LVCMOS25  |            |
+---------------------+-----------+-----------+------------+
| i_MCIO31C_NVME0_PRSNT_R_N| INPUT     | LVCMOS25  |            |
+---------------------+-----------+-----------+------------+
| i_MCIO31A_NVME1_PRSNT_R_N| INPUT     | LVCMOS25  |            |
+---------------------+-----------+-----------+------------+
| i_MCIO31A_NVME0_PRSNT_R_N| INPUT     | LVCMOS25  |            |
+---------------------+-----------+-----------+------------+
| i_MCIO22C_NVME1_PRSNT_R_N| INPUT     | LVCMOS25  |            |
+---------------------+-----------+-----------+------------+
| i_MCIO22C_NVME0_PRSNT_R_N| INPUT     | LVCMOS25  |            |
+---------------------+-----------+-----------+------------+
| i_MCIO22A_NVME1_PRSNT_R_N| INPUT     | LVCMOS25  |            |
+---------------------+-----------+-----------+------------+
| i_MCIO22A_NVME0_PRSNT_R_N| INPUT     | LVCMOS25  |            |
+---------------------+-----------+-----------+------------+
| i_MCIO21C_NVME1_PRSNT_R_N| INPUT     | LVCMOS25  |            |
+---------------------+-----------+-----------+------------+
| i_MCIO21C_NVME0_PRSNT_R_N| INPUT     | LVCMOS25  |            |
+---------------------+-----------+-----------+------------+
| i_MCIO21A_NVME1_PRSNT_R_N| INPUT     | LVCMOS25  |            |
+---------------------+-----------+-----------+------------+
| i_MCIO21A_NVME0_PRSNT_R_N| INPUT     | LVCMOS25  |            |
+---------------------+-----------+-----------+------------+
| i_MCIO12C_NVME1_PRSNT_R_N| INPUT     | LVCMOS25  |            |
+---------------------+-----------+-----------+------------+
| i_MCIO12C_NVME0_PRSNT_R_N| INPUT     | LVCMOS25  |            |
+---------------------+-----------+-----------+------------+
| i_MCIO12A_NVME1_PRSNT_R_N| INPUT     | LVCMOS25  |            |
+---------------------+-----------+-----------+------------+
| i_MCIO12A_NVME0_PRSNT_R_N| INPUT     | LVCMOS25  |            |
+---------------------+-----------+-----------+------------+
| i_MCIO11C_NVME1_PRSNT_R_N| INPUT     | LVCMOS25  |            |
+---------------------+-----------+-----------+------------+
| i_MCIO11C_NVME0_PRSNT_R_N| INPUT     | LVCMOS25  |            |
+---------------------+-----------+-----------+------------+
| i_MCIO11A_NVME1_PRSNT_R_N| INPUT     | LVCMOS25  |            |
+---------------------+-----------+-----------+------------+
| i_MCIO11A_NVME0_PRSNT_R_N| INPUT     | LVCMOS25  |            |
+---------------------+-----------+-----------+------------+
| i_MCIO02C_NVME1_PRSNT_R_N| INPUT     | LVCMOS25  |            |
+---------------------+-----------+-----------+------------+
| i_MCIO02C_NVME0_PRSNT_R_N| INPUT     | LVCMOS25  |            |
+---------------------+-----------+-----------+------------+
| i_MCIO02A_NVME1_PRSNT_R_N| INPUT     | LVCMOS25  |            |
+---------------------+-----------+-----------+------------+
| i_MCIO02A_NVME0_PRSNT_R_N| INPUT     | LVCMOS25  |            |
+---------------------+-----------+-----------+------------+
| i_MCIO01C_NVME1_PRSNT_R_N| INPUT     | LVCMOS25  |            |
+---------------------+-----------+-----------+------------+
| i_MCIO01C_NVME0_PRSNT_R_N| INPUT     | LVCMOS25  |            |
+---------------------+-----------+-----------+------------+
| i_MCIO01A_NVME1_PRSNT_R_N| INPUT     | LVCMOS25  |            |
+---------------------+-----------+-----------+------------+
| i_MCIO01A_NVME0_PRSNT_R_N| INPUT     | LVCMOS25  |            |
+---------------------+-----------+-----------+------------+

                                   Page 10




Design:  BP_4S104G5_S                                  Date:  10/29/25  16:09:29

IO (PIO) Attributes (cont)
--------------------------
| i_MCIO32C_PE_WAKE_R_N| INPUT     | LVCMOS25  |            |
+---------------------+-----------+-----------+------------+
| i_MCIO32A_PE_WAKE_R_N| INPUT     | LVCMOS25  |            |
+---------------------+-----------+-----------+------------+
| i_MCIO31C_PE_WAKE_R_N| INPUT     | LVCMOS25  |            |
+---------------------+-----------+-----------+------------+
| i_MCIO31A_PE_WAKE_R_N| INPUT     | LVCMOS25  |            |
+---------------------+-----------+-----------+------------+
| i_MCIO22C_PE_WAKE_R_N| INPUT     | LVCMOS25  |            |
+---------------------+-----------+-----------+------------+
| i_MCIO22A_PE_WAKE_R_N| INPUT     | LVCMOS25  |            |
+---------------------+-----------+-----------+------------+
| i_MCIO21C_PE_WAKE_R_N| INPUT     | LVCMOS25  |            |
+---------------------+-----------+-----------+------------+
| i_MCIO21A_PE_WAKE_R_N| INPUT     | LVCMOS25  |            |
+---------------------+-----------+-----------+------------+
| i_MCIO12C_PE_WAKE_R_N| INPUT     | LVCMOS25  |            |
+---------------------+-----------+-----------+------------+
| i_MCIO12A_PE_WAKE_R_N| INPUT     | LVCMOS25  |            |
+---------------------+-----------+-----------+------------+
| i_MCIO11C_PE_WAKE_R_N| INPUT     | LVCMOS25  |            |
+---------------------+-----------+-----------+------------+
| i_MCIO11A_PE_WAKE_R_N| INPUT     | LVCMOS25  |            |
+---------------------+-----------+-----------+------------+
| i_MCIO02C_PE_WAKE_R_N| INPUT     | LVCMOS25  |            |
+---------------------+-----------+-----------+------------+
| i_MCIO02A_PE_WAKE_R_N| INPUT     | LVCMOS25  |            |
+---------------------+-----------+-----------+------------+
| i_MCIO01C_PE_WAKE_R_N| INPUT     | LVCMOS25  |            |
+---------------------+-----------+-----------+------------+
| i_MCIO01A_PE_WAKE_R_N| INPUT     | LVCMOS25  |            |
+---------------------+-----------+-----------+------------+
| io_MCIO32C_PWR_EN_R | BIDIR     | LVCMOS25  |            |
+---------------------+-----------+-----------+------------+
| io_MCIO32A_PWR_EN_R | BIDIR     | LVCMOS25  |            |
+---------------------+-----------+-----------+------------+
| io_MCIO31C_PWR_EN_R | BIDIR     | LVCMOS25  |            |
+---------------------+-----------+-----------+------------+
| io_MCIO31A_PWR_EN_R | BIDIR     | LVCMOS25  |            |
+---------------------+-----------+-----------+------------+
| io_MCIO22C_PWR_EN_R | BIDIR     | LVCMOS25  |            |
+---------------------+-----------+-----------+------------+
| io_MCIO22A_PWR_EN_R | BIDIR     | LVCMOS25  |            |
+---------------------+-----------+-----------+------------+
| io_MCIO21C_PWR_EN_R | BIDIR     | LVCMOS25  |            |
+---------------------+-----------+-----------+------------+
| io_MCIO21A_PWR_EN_R | BIDIR     | LVCMOS25  |            |
+---------------------+-----------+-----------+------------+
| io_MCIO12C_PWR_EN_R | BIDIR     | LVCMOS25  |            |
+---------------------+-----------+-----------+------------+
| io_MCIO12A_PWR_EN_R | BIDIR     | LVCMOS25  |            |
+---------------------+-----------+-----------+------------+
| io_MCIO11C_PWR_EN_R | BIDIR     | LVCMOS25  |            |
+---------------------+-----------+-----------+------------+
| io_MCIO11A_PWR_EN_R | BIDIR     | LVCMOS25  |            |
+---------------------+-----------+-----------+------------+

                                   Page 11




Design:  BP_4S104G5_S                                  Date:  10/29/25  16:09:29

IO (PIO) Attributes (cont)
--------------------------
| io_MCIO02C_PWR_EN_R | BIDIR     | LVCMOS25  |            |
+---------------------+-----------+-----------+------------+
| io_MCIO02A_PWR_EN_R | BIDIR     | LVCMOS25  |            |
+---------------------+-----------+-----------+------------+
| io_MCIO01C_PWR_EN_R | BIDIR     | LVCMOS25  |            |
+---------------------+-----------+-----------+------------+
| io_MCIO01A_PWR_EN_R | BIDIR     | LVCMOS25  |            |
+---------------------+-----------+-----------+------------+
| i_SCPLD_SGPIO_LD    | INPUT     | LVCMOS25  | IN         |
+---------------------+-----------+-----------+------------+
| i_SCPLD_SGPIO_CLK   | INPUT     | LVCMOS25  | IN         |
+---------------------+-----------+-----------+------------+
| o_CPLD_RSV6_R       | OUTPUT    | LVCMOS25  |            |
+---------------------+-----------+-----------+------------+
| o_CPLD_RSV5_R       | OUTPUT    | LVCMOS25  |            |
+---------------------+-----------+-----------+------------+
| o_CPLD_RSV4_R       | OUTPUT    | LVCMOS25  |            |
+---------------------+-----------+-----------+------------+
| o_CPLD_RSV3_R       | OUTPUT    | LVCMOS25  |            |
+---------------------+-----------+-----------+------------+
| o_CPLD_RSV2_R       | OUTPUT    | LVCMOS25  |            |
+---------------------+-----------+-----------+------------+
| o_CPLD_RSV1_R       | OUTPUT    | LVCMOS25  |            |
+---------------------+-----------+-----------+------------+
| i_I2C1_CPLD2_REG_SCL| INPUT     | LVCMOS25  | IN         |
+---------------------+-----------+-----------+------------+
| o_CPLD2_LED3_N      | OUTPUT    | LVCMOS25  |            |
+---------------------+-----------+-----------+------------+
| i_CPLD2_PULLUP_SN   | INPUT     | LVCMOS25  |            |
+---------------------+-----------+-----------+------------+
| i_CPLD2_DONE        | INPUT     | LVCMOS25  |            |
+---------------------+-----------+-----------+------------+
| i_CPLD2_INIT_N      | INPUT     | LVCMOS25  |            |
+---------------------+-----------+-----------+------------+
| i_CPLD2_PROGRAM_N   | INPUT     | LVCMOS25  |            |
+---------------------+-----------+-----------+------------+
| i_CPLD2_JTAGEN_N    | INPUT     | LVCMOS25  |            |
+---------------------+-----------+-----------+------------+
| i_CPLD2_HDR_R       | INPUT     | LVCMOS25  |            |
+---------------------+-----------+-----------+------------+

Removed logic
-------------

Block pll_inst/VCC undriven or does not drive anything - clipped.
Block pon_reset_inst/GND undriven or does not drive anything - clipped.
Block p2s_inst/VCC undriven or does not drive anything - clipped.
Block uart_master_u0/VCC undriven or does not drive anything - clipped.
Block uart_master_u1/VCC undriven or does not drive anything - clipped.
Block uart_master_u2/VCC undriven or does not drive anything - clipped.
Block uart_master_u3/VCC undriven or does not drive anything - clipped.
Block uart_master_u4/VCC undriven or does not drive anything - clipped.
Block uart_master_u5/VCC undriven or does not drive anything - clipped.
Block uart_master_u6/VCC undriven or does not drive anything - clipped.
Block uart_master_u7/VCC undriven or does not drive anything - clipped.
Block uart_master_u8/VCC undriven or does not drive anything - clipped.

                                   Page 12




Design:  BP_4S104G5_S                                  Date:  10/29/25  16:09:29

Removed logic (cont)
--------------------
Block uart_master_u9/VCC undriven or does not drive anything - clipped.
Block uart_master_u10/VCC undriven or does not drive anything - clipped.
Block uart_master_u11/VCC undriven or does not drive anything - clipped.
Block uart_master_u12/VCC undriven or does not drive anything - clipped.
Block uart_master_u13/VCC undriven or does not drive anything - clipped.
Block uart_master_u14/VCC undriven or does not drive anything - clipped.
Block uart_master_u15/VCC undriven or does not drive anything - clipped.
Block bmc_cpld_i2c_ram_u0/VCC undriven or does not drive anything - clipped.
Block bmc_cpld_i2c_ram_u0/GND undriven or does not drive anything - clipped.
Signal pon_reset_n_i was merged into signal pon_reset_n
Signal bmc_cpld_i2c_ram_u0/i2c_slave_bmc_u0/i2c_slave_basic0_u0/r_data_in_lock_i
     was merged into signal
     bmc_cpld_i2c_ram_u0/i2c_slave_bmc_u0/i2c_slave_basic0_u0/r_data_in_lock
Signal r_sda_en_i was merged into signal
     bmc_cpld_i2c_ram_u0/i2c_slave_bmc_u0/i2c_slave_basic0_u0/r_sda_en
Signal VCC undriven or does not drive anything - clipped.
Signal pll_inst/GND undriven or does not drive anything - clipped.
Signal timer_gen_inst/GND undriven or does not drive anything - clipped.
Signal inst_i2c_update_flash_config/VCC undriven or does not drive anything -
     clipped.
Signal inst_i2c_update_flash_config/GND undriven or does not drive anything -
     clipped.
Signal p2s_inst/GND undriven or does not drive anything - clipped.
Signal uart_master_u0/GND undriven or does not drive anything - clipped.
Signal uart_master_u1/GND undriven or does not drive anything - clipped.
Signal uart_master_u2/GND undriven or does not drive anything - clipped.
Signal uart_master_u3/GND undriven or does not drive anything - clipped.
Signal uart_master_u4/GND undriven or does not drive anything - clipped.
Signal uart_master_u5/GND undriven or does not drive anything - clipped.
Signal uart_master_u6/GND undriven or does not drive anything - clipped.
Signal uart_master_u7/GND undriven or does not drive anything - clipped.
Signal uart_master_u8/GND undriven or does not drive anything - clipped.
Signal uart_master_u9/GND undriven or does not drive anything - clipped.
Signal uart_master_u10/GND undriven or does not drive anything - clipped.
Signal uart_master_u11/GND undriven or does not drive anything - clipped.
Signal uart_master_u12/GND undriven or does not drive anything - clipped.
Signal uart_master_u13/GND undriven or does not drive anything - clipped.
Signal uart_master_u14/GND undriven or does not drive anything - clipped.
Signal uart_master_u15/GND undriven or does not drive anything - clipped.
Signal bmc_cpld_i2c_ram_u0/i2c_slave_bmc_u0/GND undriven or does not drive
     anything - clipped.
Signal bmc_cpld_i2c_ram_u0/i2c_slave_bmc_u0/i2c_slave_basic0_u0/GND undriven or
     does not drive anything - clipped.
Signal pll_inst/CLKINTFB undriven or does not drive anything - clipped.
Signal pll_inst/DPHSRC undriven or does not drive anything - clipped.
Signal pll_inst/PLLACK undriven or does not drive anything - clipped.
Signal pll_inst/PLLDATO0 undriven or does not drive anything - clipped.
Signal pll_inst/PLLDATO1 undriven or does not drive anything - clipped.
Signal pll_inst/PLLDATO2 undriven or does not drive anything - clipped.
Signal pll_inst/PLLDATO3 undriven or does not drive anything - clipped.
Signal pll_inst/PLLDATO4 undriven or does not drive anything - clipped.
Signal pll_inst/PLLDATO5 undriven or does not drive anything - clipped.
Signal pll_inst/PLLDATO6 undriven or does not drive anything - clipped.
Signal pll_inst/PLLDATO7 undriven or does not drive anything - clipped.
Signal pll_inst/REFCLK undriven or does not drive anything - clipped.
Signal pll_inst/INTLOCK undriven or does not drive anything - clipped.

                                   Page 13




Design:  BP_4S104G5_S                                  Date:  10/29/25  16:09:29

Removed logic (cont)
--------------------
Signal pll_inst/CLKOS3 undriven or does not drive anything - clipped.
Signal pll_inst/CLKOS2 undriven or does not drive anything - clipped.
Signal timer_gen_inst/sec_tmr_s_0_S1[11] undriven or does not drive anything -
     clipped.
Signal timer_gen_inst/sec_tmr_s_0_COUT[11] undriven or does not drive anything -
     clipped.
Signal timer_gen_inst/usec_tmr_cry_0_S0[0] undriven or does not drive anything -
     clipped.
Signal timer_gen_inst/N_29 undriven or does not drive anything - clipped.
Signal timer_gen_inst/usec_tmr_cry_0_COUT[3] undriven or does not drive anything
     - clipped.
Signal timer_gen_inst/sec_tmr_cry_0_S0[0] undriven or does not drive anything -
     clipped.
Signal timer_gen_inst/N_28 undriven or does not drive anything - clipped.
Signal inst_i2c_update_flash_config/CFGSTDBY undriven or does not drive anything
     - clipped.
Signal inst_i2c_update_flash_config/CFGWAKE undriven or does not drive anything
     - clipped.
Signal inst_i2c_update_flash_config/wbc_ufm_irq undriven or does not drive
     anything - clipped.
Signal inst_i2c_update_flash_config/TCOC undriven or does not drive anything -
     clipped.
Signal inst_i2c_update_flash_config/TCINT undriven or does not drive anything -
     clipped.
Signal inst_i2c_update_flash_config/SPIIRQO undriven or does not drive anything
     - clipped.
Signal inst_i2c_update_flash_config/SPICSNEN undriven or does not drive anything
     - clipped.
Signal inst_i2c_update_flash_config/SPIMCSN7 undriven or does not drive anything
     - clipped.
Signal inst_i2c_update_flash_config/SPIMCSN6 undriven or does not drive anything
     - clipped.
Signal inst_i2c_update_flash_config/SPIMCSN5 undriven or does not drive anything
     - clipped.
Signal inst_i2c_update_flash_config/SPIMCSN4 undriven or does not drive anything
     - clipped.
Signal inst_i2c_update_flash_config/SPIMCSN3 undriven or does not drive anything
     - clipped.
Signal inst_i2c_update_flash_config/SPIMCSN2 undriven or does not drive anything
     - clipped.
Signal inst_i2c_update_flash_config/SPIMCSN1 undriven or does not drive anything
     - clipped.
Signal inst_i2c_update_flash_config/SPIMCSN0 undriven or does not drive anything
     - clipped.
Signal inst_i2c_update_flash_config/SPIMOSIEN undriven or does not drive
     anything - clipped.
Signal inst_i2c_update_flash_config/SPIMOSIO undriven or does not drive anything
     - clipped.
Signal inst_i2c_update_flash_config/SPIMISOEN undriven or does not drive
     anything - clipped.
Signal inst_i2c_update_flash_config/SPIMISOO undriven or does not drive anything
     - clipped.
Signal inst_i2c_update_flash_config/SPISCKEN undriven or does not drive anything
     - clipped.
Signal inst_i2c_update_flash_config/SPISCKO undriven or does not drive anything
     - clipped.

                                   Page 14




Design:  BP_4S104G5_S                                  Date:  10/29/25  16:09:29

Removed logic (cont)
--------------------
Signal inst_i2c_update_flash_config/I2C2IRQO undriven or does not drive anything
     - clipped.
Signal inst_i2c_update_flash_config/i2c1_irqo undriven or does not drive
     anything - clipped.
Signal inst_i2c_update_flash_config/I2C2SDAOEN undriven or does not drive
     anything - clipped.
Signal inst_i2c_update_flash_config/I2C2SDAO undriven or does not drive anything
     - clipped.
Signal inst_i2c_update_flash_config/I2C2SCLOEN undriven or does not drive
     anything - clipped.
Signal inst_i2c_update_flash_config/I2C2SCLO undriven or does not drive anything
     - clipped.
Signal inst_i2c_update_flash_config/PLLDATO0_0 undriven or does not drive
     anything - clipped.
Signal inst_i2c_update_flash_config/PLLDATO1_0 undriven or does not drive
     anything - clipped.
Signal inst_i2c_update_flash_config/PLLDATO2_0 undriven or does not drive
     anything - clipped.
Signal inst_i2c_update_flash_config/PLLDATO3_0 undriven or does not drive
     anything - clipped.
Signal inst_i2c_update_flash_config/PLLDATO4_0 undriven or does not drive
     anything - clipped.
Signal inst_i2c_update_flash_config/PLLDATO5_0 undriven or does not drive
     anything - clipped.
Signal inst_i2c_update_flash_config/PLLDATO6_0 undriven or does not drive
     anything - clipped.
Signal inst_i2c_update_flash_config/PLLDATO7_0 undriven or does not drive
     anything - clipped.
Signal inst_i2c_update_flash_config/PLLADRO0 undriven or does not drive anything
     - clipped.
Signal inst_i2c_update_flash_config/PLLADRO1 undriven or does not drive anything
     - clipped.
Signal inst_i2c_update_flash_config/PLLADRO2 undriven or does not drive anything
     - clipped.
Signal inst_i2c_update_flash_config/PLLADRO3 undriven or does not drive anything
     - clipped.
Signal inst_i2c_update_flash_config/PLLADRO4 undriven or does not drive anything
     - clipped.
Signal inst_i2c_update_flash_config/PLLWEO undriven or does not drive anything -
     clipped.
Signal inst_i2c_update_flash_config/PLL1STBO undriven or does not drive anything
     - clipped.
Signal inst_i2c_update_flash_config/PLL0STBO undriven or does not drive anything
     - clipped.
Signal inst_i2c_update_flash_config/PLLRSTO undriven or does not drive anything
     - clipped.
Signal inst_i2c_update_flash_config/PLLCLKO undriven or does not drive anything
     - clipped.
Signal inst_i2c_update_flash_config/wb_ack_o undriven or does not drive anything
     - clipped.
Signal inst_i2c_update_flash_config/wb_dat_o_1[0] undriven or does not drive
     anything - clipped.
Signal inst_i2c_update_flash_config/wb_dat_o_1[1] undriven or does not drive
     anything - clipped.
Signal inst_i2c_update_flash_config/wb_dat_o_1[2] undriven or does not drive
     anything - clipped.

                                   Page 15




Design:  BP_4S104G5_S                                  Date:  10/29/25  16:09:29

Removed logic (cont)
--------------------
Signal inst_i2c_update_flash_config/wb_dat_o_1[3] undriven or does not drive
     anything - clipped.
Signal inst_i2c_update_flash_config/wb_dat_o_1[4] undriven or does not drive
     anything - clipped.
Signal inst_i2c_update_flash_config/wb_dat_o_1[5] undriven or does not drive
     anything - clipped.
Signal inst_i2c_update_flash_config/wb_dat_o_1[6] undriven or does not drive
     anything - clipped.
Signal inst_i2c_update_flash_config/wb_dat_o_1[7] undriven or does not drive
     anything - clipped.
Signal p2s_inst/cnt_cry_0_S0[0] undriven or does not drive anything - clipped.
Signal p2s_inst/N_1 undriven or does not drive anything - clipped.
Signal p2s_inst/cnt_s_0_S1[5] undriven or does not drive anything - clipped.
Signal p2s_inst/cnt_s_0_COUT[5] undriven or does not drive anything - clipped.
Signal uart_master_u0/bps_count_bit_cry_0_S0[0] undriven or does not drive
     anything - clipped.
Signal uart_master_u0/N_1 undriven or does not drive anything - clipped.
Signal uart_master_u0/bps_count_bit_s_0_S1[5] undriven or does not drive
     anything - clipped.
Signal uart_master_u0/bps_count_bit_s_0_COUT[5] undriven or does not drive
     anything - clipped.
Signal uart_master_u0/data_count_cry_0_S0[0] undriven or does not drive anything
     - clipped.
Signal uart_master_u0/N_2 undriven or does not drive anything - clipped.
Signal uart_master_u0/data_count_cry_0_COUT[3] undriven or does not drive
     anything - clipped.
Signal uart_master_u1/bps_count_bit_cry_0_S0_0[0] undriven or does not drive
     anything - clipped.
Signal uart_master_u1/N_1 undriven or does not drive anything - clipped.
Signal uart_master_u1/bps_count_bit_s_0_S1_0[5] undriven or does not drive
     anything - clipped.
Signal uart_master_u1/bps_count_bit_s_0_COUT_0[5] undriven or does not drive
     anything - clipped.
Signal uart_master_u1/data_count_cry_0_S0_0[0] undriven or does not drive
     anything - clipped.
Signal uart_master_u1/N_2 undriven or does not drive anything - clipped.
Signal uart_master_u1/data_count_cry_0_COUT_0[3] undriven or does not drive
     anything - clipped.
Signal uart_master_u2/bps_count_bit_cry_0_S0_1[0] undriven or does not drive
     anything - clipped.
Signal uart_master_u2/N_1 undriven or does not drive anything - clipped.
Signal uart_master_u2/bps_count_bit_s_0_S1_1[5] undriven or does not drive
     anything - clipped.
Signal uart_master_u2/bps_count_bit_s_0_COUT_1[5] undriven or does not drive
     anything - clipped.
Signal uart_master_u2/data_count_cry_0_S0_1[0] undriven or does not drive
     anything - clipped.
Signal uart_master_u2/N_2 undriven or does not drive anything - clipped.
Signal uart_master_u2/data_count_cry_0_COUT_1[3] undriven or does not drive
     anything - clipped.
Signal uart_master_u3/bps_count_bit_cry_0_S0_2[0] undriven or does not drive
     anything - clipped.
Signal uart_master_u3/N_1 undriven or does not drive anything - clipped.
Signal uart_master_u3/bps_count_bit_s_0_S1_2[5] undriven or does not drive
     anything - clipped.
Signal uart_master_u3/bps_count_bit_s_0_COUT_2[5] undriven or does not drive

                                   Page 16




Design:  BP_4S104G5_S                                  Date:  10/29/25  16:09:29

Removed logic (cont)
--------------------
     anything - clipped.
Signal uart_master_u3/data_count_cry_0_S0_2[0] undriven or does not drive
     anything - clipped.
Signal uart_master_u3/N_2 undriven or does not drive anything - clipped.
Signal uart_master_u3/data_count_cry_0_COUT_2[3] undriven or does not drive
     anything - clipped.
Signal uart_master_u4/bps_count_bit_cry_0_S0_3[0] undriven or does not drive
     anything - clipped.
Signal uart_master_u4/N_1 undriven or does not drive anything - clipped.
Signal uart_master_u4/bps_count_bit_s_0_S1_3[5] undriven or does not drive
     anything - clipped.
Signal uart_master_u4/bps_count_bit_s_0_COUT_3[5] undriven or does not drive
     anything - clipped.
Signal uart_master_u4/data_count_cry_0_S0_3[0] undriven or does not drive
     anything - clipped.
Signal uart_master_u4/N_2 undriven or does not drive anything - clipped.
Signal uart_master_u4/data_count_cry_0_COUT_3[3] undriven or does not drive
     anything - clipped.
Signal uart_master_u5/bps_count_bit_cry_0_S0_4[0] undriven or does not drive
     anything - clipped.
Signal uart_master_u5/N_1 undriven or does not drive anything - clipped.
Signal uart_master_u5/bps_count_bit_s_0_S1_4[5] undriven or does not drive
     anything - clipped.
Signal uart_master_u5/bps_count_bit_s_0_COUT_4[5] undriven or does not drive
     anything - clipped.
Signal uart_master_u5/data_count_cry_0_S0_4[0] undriven or does not drive
     anything - clipped.
Signal uart_master_u5/N_2 undriven or does not drive anything - clipped.
Signal uart_master_u5/data_count_cry_0_COUT_4[3] undriven or does not drive
     anything - clipped.
Signal uart_master_u6/bps_count_bit_cry_0_S0_5[0] undriven or does not drive
     anything - clipped.
Signal uart_master_u6/N_1 undriven or does not drive anything - clipped.
Signal uart_master_u6/bps_count_bit_s_0_S1_5[5] undriven or does not drive
     anything - clipped.
Signal uart_master_u6/bps_count_bit_s_0_COUT_5[5] undriven or does not drive
     anything - clipped.
Signal uart_master_u6/data_count_cry_0_S0_5[0] undriven or does not drive
     anything - clipped.
Signal uart_master_u6/N_2 undriven or does not drive anything - clipped.
Signal uart_master_u6/data_count_cry_0_COUT_5[3] undriven or does not drive
     anything - clipped.
Signal uart_master_u7/bps_count_bit_cry_0_S0_6[0] undriven or does not drive
     anything - clipped.
Signal uart_master_u7/N_1 undriven or does not drive anything - clipped.
Signal uart_master_u7/bps_count_bit_s_0_S1_6[5] undriven or does not drive
     anything - clipped.
Signal uart_master_u7/bps_count_bit_s_0_COUT_6[5] undriven or does not drive
     anything - clipped.
Signal uart_master_u7/data_count_cry_0_S0_6[0] undriven or does not drive
     anything - clipped.
Signal uart_master_u7/N_2 undriven or does not drive anything - clipped.
Signal uart_master_u7/data_count_cry_0_COUT_6[3] undriven or does not drive
     anything - clipped.
Signal uart_master_u8/bps_count_bit_cry_0_S0_7[0] undriven or does not drive
     anything - clipped.

                                   Page 17




Design:  BP_4S104G5_S                                  Date:  10/29/25  16:09:29

Removed logic (cont)
--------------------
Signal uart_master_u8/N_1 undriven or does not drive anything - clipped.
Signal uart_master_u8/bps_count_bit_s_0_S1_7[5] undriven or does not drive
     anything - clipped.
Signal uart_master_u8/bps_count_bit_s_0_COUT_7[5] undriven or does not drive
     anything - clipped.
Signal uart_master_u8/data_count_cry_0_S0_7[0] undriven or does not drive
     anything - clipped.
Signal uart_master_u8/N_2 undriven or does not drive anything - clipped.
Signal uart_master_u8/data_count_cry_0_COUT_7[3] undriven or does not drive
     anything - clipped.
Signal uart_master_u9/bps_count_bit_cry_0_S0_8[0] undriven or does not drive
     anything - clipped.
Signal uart_master_u9/N_1 undriven or does not drive anything - clipped.
Signal uart_master_u9/bps_count_bit_s_0_S1_8[5] undriven or does not drive
     anything - clipped.
Signal uart_master_u9/bps_count_bit_s_0_COUT_8[5] undriven or does not drive
     anything - clipped.
Signal uart_master_u9/data_count_cry_0_S0_8[0] undriven or does not drive
     anything - clipped.
Signal uart_master_u9/N_2 undriven or does not drive anything - clipped.
Signal uart_master_u9/data_count_cry_0_COUT_8[3] undriven or does not drive
     anything - clipped.
Signal uart_master_u10/bps_count_bit_cry_0_S0_9[0] undriven or does not drive
     anything - clipped.
Signal uart_master_u10/N_1 undriven or does not drive anything - clipped.
Signal uart_master_u10/bps_count_bit_s_0_S1_9[5] undriven or does not drive
     anything - clipped.
Signal uart_master_u10/bps_count_bit_s_0_COUT_9[5] undriven or does not drive
     anything - clipped.
Signal uart_master_u10/data_count_cry_0_S0_9[0] undriven or does not drive
     anything - clipped.
Signal uart_master_u10/N_2 undriven or does not drive anything - clipped.
Signal uart_master_u10/data_count_cry_0_COUT_9[3] undriven or does not drive
     anything - clipped.
Signal uart_master_u11/bps_count_bit_cry_0_S0_10[0] undriven or does not drive
     anything - clipped.
Signal uart_master_u11/N_1 undriven or does not drive anything - clipped.
Signal uart_master_u11/bps_count_bit_s_0_S1_10[5] undriven or does not drive
     anything - clipped.
Signal uart_master_u11/bps_count_bit_s_0_COUT_10[5] undriven or does not drive
     anything - clipped.
Signal uart_master_u11/data_count_cry_0_S0_10[0] undriven or does not drive
     anything - clipped.
Signal uart_master_u11/N_2 undriven or does not drive anything - clipped.
Signal uart_master_u11/data_count_cry_0_COUT_10[3] undriven or does not drive
     anything - clipped.
Signal uart_master_u12/bps_count_bit_cry_0_S0_11[0] undriven or does not drive
     anything - clipped.
Signal uart_master_u12/N_1 undriven or does not drive anything - clipped.
Signal uart_master_u12/bps_count_bit_s_0_S1_11[5] undriven or does not drive
     anything - clipped.
Signal uart_master_u12/bps_count_bit_s_0_COUT_11[5] undriven or does not drive
     anything - clipped.
Signal uart_master_u12/data_count_cry_0_S0_11[0] undriven or does not drive
     anything - clipped.
Signal uart_master_u12/N_2 undriven or does not drive anything - clipped.

                                   Page 18




Design:  BP_4S104G5_S                                  Date:  10/29/25  16:09:29

Removed logic (cont)
--------------------
Signal uart_master_u12/data_count_cry_0_COUT_11[3] undriven or does not drive
     anything - clipped.
Signal uart_master_u13/bps_count_bit_cry_0_S0_12[0] undriven or does not drive
     anything - clipped.
Signal uart_master_u13/N_1 undriven or does not drive anything - clipped.
Signal uart_master_u13/bps_count_bit_s_0_S1_12[5] undriven or does not drive
     anything - clipped.
Signal uart_master_u13/bps_count_bit_s_0_COUT_12[5] undriven or does not drive
     anything - clipped.
Signal uart_master_u13/data_count_cry_0_S0_12[0] undriven or does not drive
     anything - clipped.
Signal uart_master_u13/N_2 undriven or does not drive anything - clipped.
Signal uart_master_u13/data_count_cry_0_COUT_12[3] undriven or does not drive
     anything - clipped.
Signal uart_master_u14/bps_count_bit_cry_0_S0_13[0] undriven or does not drive
     anything - clipped.
Signal uart_master_u14/N_1 undriven or does not drive anything - clipped.
Signal uart_master_u14/bps_count_bit_s_0_S1_13[5] undriven or does not drive
     anything - clipped.
Signal uart_master_u14/bps_count_bit_s_0_COUT_13[5] undriven or does not drive
     anything - clipped.
Signal uart_master_u14/data_count_cry_0_S0_13[0] undriven or does not drive
     anything - clipped.
Signal uart_master_u14/N_2 undriven or does not drive anything - clipped.
Signal uart_master_u14/data_count_cry_0_COUT_13[3] undriven or does not drive
     anything - clipped.
Signal uart_master_u15/bps_count_bit_cry_0_S0_14[0] undriven or does not drive
     anything - clipped.
Signal uart_master_u15/N_1 undriven or does not drive anything - clipped.
Signal uart_master_u15/bps_count_bit_s_0_S1_14[5] undriven or does not drive
     anything - clipped.
Signal uart_master_u15/bps_count_bit_s_0_COUT_14[5] undriven or does not drive
     anything - clipped.
Signal uart_master_u15/data_count_cry_0_S0_14[0] undriven or does not drive
     anything - clipped.
Signal uart_master_u15/N_2 undriven or does not drive anything - clipped.
Signal uart_master_u15/data_count_cry_0_COUT_14[3] undriven or does not drive
     anything - clipped.
Signal bmc_cpld_i2c_ram_u0/i2c_slave_bmc_u0/un1_r_i2c_command_temp_1_m_0_cry_0_0
     _S1 undriven or does not drive anything - clipped.
Signal bmc_cpld_i2c_ram_u0/i2c_slave_bmc_u0/un1_r_i2c_command_temp_1_m_0_cry_0_0
     _S0 undriven or does not drive anything - clipped.
Signal bmc_cpld_i2c_ram_u0/i2c_slave_bmc_u0/N_4 undriven or does not drive
     anything - clipped.
Signal bmc_cpld_i2c_ram_u0/i2c_slave_bmc_u0/un1_r_i2c_command_temp_1_m_0_s_15_0_
     S1 undriven or does not drive anything - clipped.
Signal bmc_cpld_i2c_ram_u0/i2c_slave_bmc_u0/un1_r_i2c_command_temp_1_m_0_s_15_0_
     COUT undriven or does not drive anything - clipped.
Signal bmc_cpld_i2c_ram_u0/i2c_slave_bmc_u0/r_read_byte_cnt_cry_0_S0[0] undriven
     or does not drive anything - clipped.
Signal bmc_cpld_i2c_ram_u0/i2c_slave_bmc_u0/N_5 undriven or does not drive
     anything - clipped.
Signal bmc_cpld_i2c_ram_u0/i2c_slave_bmc_u0/r_read_byte_cnt_s_0_S1[15] undriven
     or does not drive anything - clipped.
Signal bmc_cpld_i2c_ram_u0/i2c_slave_bmc_u0/r_read_byte_cnt_s_0_COUT[15]
     undriven or does not drive anything - clipped.

                                   Page 19




Design:  BP_4S104G5_S                                  Date:  10/29/25  16:09:29

Removed logic (cont)
--------------------
Signal bmc_cpld_i2c_ram_u0/i2c_slave_bmc_u0/r_write_byte_cnt_cry_0_S0[0]
     undriven or does not drive anything - clipped.
Signal bmc_cpld_i2c_ram_u0/i2c_slave_bmc_u0/N_6 undriven or does not drive
     anything - clipped.
Signal bmc_cpld_i2c_ram_u0/i2c_slave_bmc_u0/r_write_byte_cnt_s_0_S1[15] undriven
     or does not drive anything - clipped.
Signal bmc_cpld_i2c_ram_u0/i2c_slave_bmc_u0/r_write_byte_cnt_s_0_COUT[15]
     undriven or does not drive anything - clipped.
Signal
     bmc_cpld_i2c_ram_u0/i2c_slave_bmc_u0/un1_r_i2c_command_temp_0_4_cry_1_0_S1
     undriven or does not drive anything - clipped.
Signal
     bmc_cpld_i2c_ram_u0/i2c_slave_bmc_u0/un1_r_i2c_command_temp_0_4_cry_1_0_S0
     undriven or does not drive anything - clipped.
Signal bmc_cpld_i2c_ram_u0/i2c_slave_bmc_u0/N_7 undriven or does not drive
     anything - clipped.
Signal bmc_cpld_i2c_ram_u0/i2c_slave_bmc_u0/un1_r_i2c_command_temp_0_4_cry_14_0_
     COUT undriven or does not drive anything - clipped.
Signal bmc_cpld_i2c_ram_u0/i2c_slave_bmc_u0/un1_r_i2c_command_temp_0_cry_0_0_S1
     undriven or does not drive anything - clipped.
Signal bmc_cpld_i2c_ram_u0/i2c_slave_bmc_u0/un1_r_i2c_command_temp_0_cry_0_0_S0
     undriven or does not drive anything - clipped.
Signal bmc_cpld_i2c_ram_u0/i2c_slave_bmc_u0/N_8 undriven or does not drive
     anything - clipped.
Signal bmc_cpld_i2c_ram_u0/i2c_slave_bmc_u0/un1_r_i2c_command_temp_0_s_15_0_S1
     undriven or does not drive anything - clipped.
Signal bmc_cpld_i2c_ram_u0/i2c_slave_bmc_u0/un1_r_i2c_command_temp_0_s_15_0_COUT
     undriven or does not drive anything - clipped.
Signal bmc_cpld_i2c_ram_u0/i2c_slave_bmc_u0/i2c_slave_basic0_u0/r_timeout_cnt_cr
     y_0_S0[0] undriven or does not drive anything - clipped.
Signal bmc_cpld_i2c_ram_u0/i2c_slave_bmc_u0/i2c_slave_basic0_u0/N_21 undriven or
     does not drive anything - clipped.
Signal bmc_cpld_i2c_ram_u0/i2c_slave_bmc_u0/i2c_slave_basic0_u0/r_timeout_cnt_s_
     0_S1[5] undriven or does not drive anything - clipped.
Signal bmc_cpld_i2c_ram_u0/i2c_slave_bmc_u0/i2c_slave_basic0_u0/r_timeout_cnt_s_
     0_COUT[5] undriven or does not drive anything - clipped.
Signal inst_osch_SEDSTDBY undriven or does not drive anything - clipped.
Block pon_reset_inst/reset1_reg_RNILMDB6[2] was optimized away.
Block bmc_cpld_i2c_ram_u0/i2c_slave_bmc_u0/i2c_slave_basic0_u0/r_data_in_lock_RN
     I1ISM5 was optimized away.
Block bmc_cpld_i2c_ram_u0/i2c_slave_bmc_u0/i2c_slave_basic0_u0/r_sda_en_RNIJLQ95
     was optimized away.
Block VCC was optimized away.
Block pll_inst/GND was optimized away.
Block timer_gen_inst/GND was optimized away.
Block inst_i2c_update_flash_config/VCC was optimized away.
Block inst_i2c_update_flash_config/GND was optimized away.
Block p2s_inst/GND was optimized away.
Block uart_master_u0/GND was optimized away.
Block uart_master_u1/GND was optimized away.
Block uart_master_u2/GND was optimized away.
Block uart_master_u3/GND was optimized away.
Block uart_master_u4/GND was optimized away.
Block uart_master_u5/GND was optimized away.
Block uart_master_u6/GND was optimized away.
Block uart_master_u7/GND was optimized away.

                                   Page 20




Design:  BP_4S104G5_S                                  Date:  10/29/25  16:09:29

Removed logic (cont)
--------------------
Block uart_master_u8/GND was optimized away.
Block uart_master_u9/GND was optimized away.
Block uart_master_u10/GND was optimized away.
Block uart_master_u11/GND was optimized away.
Block uart_master_u12/GND was optimized away.
Block uart_master_u13/GND was optimized away.
Block uart_master_u14/GND was optimized away.
Block uart_master_u15/GND was optimized away.
Block bmc_cpld_i2c_ram_u0/i2c_slave_bmc_u0/GND was optimized away.
Block bmc_cpld_i2c_ram_u0/i2c_slave_bmc_u0/i2c_slave_basic0_u0/GND was optimized
     away.

     

PLL/DLL Summary
---------------

PLL 1:                                     Pin/Node Value
  PLL Instance Name:                                pll_inst/PLLInst_0
  PLL Type:                                         EHXPLLJ
  Input Clock:                             PIN      i_CPLD2_CLK_c
  Output Clock(P):                         NODE     clk_50m
  Output Clock(S):                         NODE     clk_25m
  Output Clock(S2):                                 NONE
  Output Clock(S3):                                 NONE
  Feedback Signal:                         NODE     clk_50m
  Reset Signal:                            NODE
       pll_inst/i_CPLD2_PROGRAM_N_c_i
  M Divider Reset Signal:                           NONE
  C Divider Reset Signal:                           NONE
  D Divider Reset Signal:                           NONE
  Standby Signal:                                   NONE
  PLL LOCK signal:                         NODE     pll_lock
  PLL Data bus CLK Signal:                          NONE
  PLL Data bus Strobe Signal:                       NONE
  PLL Data bus Reset Signal:                        NONE
  PLL Data bus Write Enable Signal:                 NONE
  PLL Data bus Address0:                            NONE
  PLL Data bus Address1:                            NONE
  PLL Data bus Address2:                            NONE
  PLL Data bus Address3:                            NONE
  PLL Data bus Address4:                            NONE
  PLL Data In bus Data0:                            NONE
  PLL Data In bus Data1:                            NONE
  PLL Data In bus Data2:                            NONE
  PLL Data In bus Data3:                            NONE
  PLL Data In bus Data4:                            NONE
  PLL Data In bus Data5:                            NONE
  PLL Data In bus Data6:                            NONE
  PLL Data In bus Data7:                            NONE
  PLL Data bus Acknowledge:                         NONE
  PLL Data Out bus Data0:                           NONE
  PLL Data Out bus Data1:                           NONE
  PLL Data Out bus Data2:                           NONE
  PLL Data Out bus Data3:                           NONE
  PLL Data Out bus Data4:                           NONE

                                   Page 21




Design:  BP_4S104G5_S                                  Date:  10/29/25  16:09:29

PLL/DLL Summary (cont)
----------------------
  PLL Data Out bus Data5:                           NONE
  PLL Data Out bus Data6:                           NONE
  PLL Data Out bus Data7:                           NONE
  Input Clock Frequency (MHz):                      25.0000
  Output Clock(P) Frequency (MHz):                  50.0000
  Output Clock(S) Frequency (MHz):                  25.0000
  Output Clock(S2) Frequency (MHz):                 NA
  Output Clock(S3) Frequency (MHz):                 NA
  CLKOP Post Divider A Input:                       DIVA
  CLKOS Post Divider B Input:                       DIVB
  CLKOS2 Post Divider C Input:                      DIVC
  CLKOS3 Post Divider D Input:                      DIVD
  Pre Divider A Input:                              VCO_PHASE
  Pre Divider B Input:                              VCO_PHASE
  Pre Divider C Input:                              VCO_PHASE
  Pre Divider D Input:                              VCO_PHASE
  VCO Bypass A Input:                               VCO_PHASE
  VCO Bypass B Input:                               VCO_PHASE
  VCO Bypass C Input:                               VCO_PHASE
  VCO Bypass D Input:                               VCO_PHASE
  FB_MODE:                                          CLKOP
  CLKI Divider:                                     1
  CLKFB Divider:                                    2
  CLKOP Divider:                                    10
  CLKOS Divider:                                    20
  CLKOS2 Divider:                                   1
  CLKOS3 Divider:                                   1
  Fractional N Divider:                             0
  CLKOP Desired Phase Shift(degree):                0
  CLKOP Trim Option Rising/Falling:                 RISING
  CLKOP Trim Option Delay:                          0
  CLKOS Desired Phase Shift(degree):                0
  CLKOS Trim Option Rising/Falling:                 RISING
  CLKOS Trim Option Delay:                          0
  CLKOS2 Desired Phase Shift(degree):               0
  CLKOS3 Desired Phase Shift(degree):               0

OSC Summary
-----------

OSC 1:                                     Pin/Node Value
  OSC Instance Name:                                inst_osch
  OSC Type:                                         OSCH
  STDBY Input:                                      NONE
  OSC Output:                              NODE     wb_clk
  OSC Nominal Frequency (MHz):                      4.29

Embedded Functional Block Connection Summary
--------------------------------------------

   Desired WISHBONE clock frequency: 4.3 MHz
   Clock source:                     wb_clk
   Reset source:                     NONE
   Functions mode:
      I2C #1 (Primary) Function:     ENABLED
      I2C #2 (Secondary) Function:   DISABLED

                                   Page 22




Design:  BP_4S104G5_S                                  Date:  10/29/25  16:09:29

Embedded Functional Block Connection Summary (cont)
---------------------------------------------------
      SPI Function:                  DISABLED
      Timer/Counter Function:        DISABLED
      Timer/Counter Mode:            WB
      UFM Connection:                DISABLED
      PLL0 Connection:               DISABLED
      PLL1 Connection:               DISABLED
   I2C Function Summary:
   --------------------
      I2C Component:          PRIMARY
      I2C Addressing:         7BIT
      I2C Performance:        100kHz
      Slave Address:          0b1000001
      General Call:           DISABLED
      I2C Wake Up:            DISABLED
      I2C Component:          UFM/Configuration
      I2C Addressing:         7BIT
      I2C Performance:        100kHz
      Slave Address:          0b1000000
   SPI Function Summary:
   --------------------
      None
   Timer/Counter Function Summary:
   ------------------------------
      None
   UFM Function Summary:
   --------------------
      UFM Utilization:        General Purpose Flash Memory
      Available General
      Purpose Flash Memory:   639 Pages (639*128 Bits)

           EBR Blocks with Unique
      Initialization Data:    0

           WID		EBR Instance
      ---		------------


ASIC Components
---------------

Instance Name: inst_osch
         Type: OSCH
Instance Name: inst_i2c_update_flash_config/EFBInst_0
         Type: EFB
Instance Name: pll_inst/PLLInst_0
         Type: EHXPLLJ

GSR Usage
---------

GSR Component:
   The local reset signal 'pon_reset_n' of the design has been inferred as
        Global Set Reset (GSR). The reset signal used for GSR control is
        'pon_reset_n'.
        


                                   Page 23




Design:  BP_4S104G5_S                                  Date:  10/29/25  16:09:29

GSR Usage (cont)
----------------
     GSR Property:
   The design components with GSR property set to ENABLED will respond to global
        set reset while the components with GSR property set to DISABLED will
        not.
        

     Components on inferred reset domain with GSR Property disabled
--------------------------------------------------------------

     These components have the GSR property set to DISABLED and are on the
     inferred reset domain. The components will respond to the reset signal
     'pon_reset_n' via the local reset on the component and not the GSR
     component.

     Type and number of components of the type: 
   Register = 18 

     Type and instance name of component: 
   Register : p2s_inst/so
   Register : p2s_inst_sclk_rio[0]
   Register : p2s_inst/cnt[5]
   Register : p2s_inst/cnt[4]
   Register : p2s_inst/cnt[3]
   Register : p2s_inst/cnt[2]
   Register : p2s_inst/cnt[1]
   Register : p2s_inst/cnt[0]
   Register : p2s_inst/sclk_r[8]
   Register : p2s_inst/sclk_r[7]
   Register : p2s_inst/sclk_r[6]
   Register : p2s_inst/sclk_r[5]
   Register : p2s_inst/sclk_r[4]
   Register : p2s_inst/sclk_r[3]
   Register : p2s_inst/sclk_r[2]
   Register : p2s_inst/sclk_r[1]
   Register : p2s_inst/sld_n_r[1]
   Register : p2s_inst_sld_n_rio[0]

Run Time and Memory Usage
-------------------------

   Total CPU Time: 0 secs  
   Total REAL Time: 0 secs  
   Peak Memory Usage: 56 MB
        













                                   Page 24


Copyright (c) 1991-1994 by NeoCAD Inc. All rights reserved.
     Copyright (c) 1995 AT&T Corp.   All rights reserved.
     Copyright (c) 1995-2001 Lucent Technologies Inc.  All rights reserved.
     Copyright (c) 2001 Agere Systems   All rights reserved.
     Copyright (c) 2002-2024 Lattice Semiconductor Corporation,  All rights
     reserved.
