
Copyright (C) 1994-2023 Synopsys, Inc.
This Synopsys software and all associated documentation are proprietary to Synopsys, Inc.
and may only be used pursuant to the terms and conditions of a written license agreement
with Synopsys, Inc. All other use, reproduction, modification, or distribution of the
Synopsys software or the associated documentation is strictly prohibited.
Tool: Synplify Pro (R)
Build: V-2023.09L-2
Install: C:\lscc\diamond\3.14\synpbase
OS: Windows 10 or later
Hostname: X02567XL

Implementation : impl1

# Written on Wed Oct 29 16:09:21 2025

##### DESIGN INFO #######################################################

Top View:                "BP_4S104G5_S"
Constraint File(s):      (none)




##### SUMMARY ############################################################

Found 0 issues in 0 out of 0 constraints


##### DETAILS ############################################################



Clock Relationships
*******************

Starting                                    Ending                                      |     rise to rise     |     fall to fall     |     rise to fall     |     fall to rise                     
---------------------------------------------------------------------------------------------------------------------------------------------------------------------------------------------------
System                                      System                                      |     10.000           |     No paths         |     No paths         |     No paths                         
System                                      pll_i25M_o50M_o25M|CLKOS_inferred_clock     |     No paths         |     No paths         |     No paths         |     10.000                           
System                                      pll_i25M_o50M_o25M|CLKOP_inferred_clock     |     10.000           |     No paths         |     No paths         |     No paths                         
pll_i25M_o50M_o25M|CLKOS_inferred_clock     System                                      |     No paths         |     No paths         |     10.000           |     No paths                         
pll_i25M_o50M_o25M|CLKOS_inferred_clock     pll_i25M_o50M_o25M|CLKOS_inferred_clock     |     10.000           |     No paths         |     No paths         |     No paths                         
pll_i25M_o50M_o25M|CLKOP_inferred_clock     pll_i25M_o50M_o25M|CLKOS_inferred_clock     |     Diff grp         |     No paths         |     No paths         |     No paths                         
pll_i25M_o50M_o25M|CLKOP_inferred_clock     pll_i25M_o50M_o25M|CLKOP_inferred_clock     |     10.000           |     No paths         |     No paths         |     No paths                         
===================================================================================================================================================================================================
 Note: 'No paths' indicates there are no paths in the design for that pair of clock edges.
       'Diff grp' indicates that paths exist but the starting clock and ending clock are in different clock groups.


Unconstrained Start/End Points
******************************

p:i_BOARD_ID0
p:i_BOARD_ID1
p:i_BOARD_ID2
p:i_BOARD_ID3
p:i_BOARD_ID4
p:i_CPLD2_CLK
p:i_CPLD2_DONE
p:i_CPLD2_HDR_R
p:i_CPLD2_INIT_N
p:i_CPLD2_JTAGEN_N
p:i_CPLD2_PROGRAM_N
p:i_CPLD2_PULLUP_SN
p:i_I2C1_CPLD2_REG_SCL
p:i_MCIO01A_CB_ID0_R
p:i_MCIO01A_CB_ID1_R
p:i_MCIO01A_NVME0_PRSNT_R_N
p:i_MCIO01A_NVME1_PRSNT_R_N
p:i_MCIO01A_PE_WAKE_R_N
p:i_MCIO01C_CB_ID0_R
p:i_MCIO01C_CB_ID1_R
p:i_MCIO01C_NVME0_PRSNT_R_N
p:i_MCIO01C_NVME1_PRSNT_R_N
p:i_MCIO01C_PE_WAKE_R_N
p:i_MCIO02A_CB_ID0_R
p:i_MCIO02A_CB_ID1_R
p:i_MCIO02A_NVME0_PRSNT_R_N
p:i_MCIO02A_NVME1_PRSNT_R_N
p:i_MCIO02A_PE_WAKE_R_N
p:i_MCIO02C_CB_ID0_R
p:i_MCIO02C_CB_ID1_R
p:i_MCIO02C_NVME0_PRSNT_R_N
p:i_MCIO02C_NVME1_PRSNT_R_N
p:i_MCIO02C_PE_WAKE_R_N
p:i_MCIO11A_CB_ID0_R
p:i_MCIO11A_CB_ID1_R
p:i_MCIO11A_NVME0_PRSNT_R_N
p:i_MCIO11A_NVME1_PRSNT_R_N
p:i_MCIO11A_PE_WAKE_R_N
p:i_MCIO11C_CB_ID0_R
p:i_MCIO11C_CB_ID1_R
p:i_MCIO11C_NVME0_PRSNT_R_N
p:i_MCIO11C_NVME1_PRSNT_R_N
p:i_MCIO11C_PE_WAKE_R_N
p:i_MCIO12A_CB_ID0_R
p:i_MCIO12A_CB_ID1_R
p:i_MCIO12A_NVME0_PRSNT_R_N
p:i_MCIO12A_NVME1_PRSNT_R_N
p:i_MCIO12A_PE_WAKE_R_N
p:i_MCIO12C_CB_ID0_R
p:i_MCIO12C_CB_ID1_R
p:i_MCIO12C_NVME0_PRSNT_R_N
p:i_MCIO12C_NVME1_PRSNT_R_N
p:i_MCIO12C_PE_WAKE_R_N
p:i_MCIO21A_CB_ID0_R
p:i_MCIO21A_CB_ID1_R
p:i_MCIO21A_NVME0_PRSNT_R_N
p:i_MCIO21A_NVME1_PRSNT_R_N
p:i_MCIO21A_PE_WAKE_R_N
p:i_MCIO21C_CB_ID0_R
p:i_MCIO21C_CB_ID1_R
p:i_MCIO21C_NVME0_PRSNT_R_N
p:i_MCIO21C_NVME1_PRSNT_R_N
p:i_MCIO21C_PE_WAKE_R_N
p:i_MCIO22A_CB_ID0_R
p:i_MCIO22A_CB_ID1_R
p:i_MCIO22A_NVME0_PRSNT_R_N
p:i_MCIO22A_NVME1_PRSNT_R_N
p:i_MCIO22A_PE_WAKE_R_N
p:i_MCIO22C_CB_ID0_R
p:i_MCIO22C_CB_ID1_R
p:i_MCIO22C_NVME0_PRSNT_R_N
p:i_MCIO22C_NVME1_PRSNT_R_N
p:i_MCIO22C_PE_WAKE_R_N
p:i_MCIO31A_CB_ID0_R
p:i_MCIO31A_CB_ID1_R
p:i_MCIO31A_NVME0_PRSNT_R_N
p:i_MCIO31A_NVME1_PRSNT_R_N
p:i_MCIO31A_PE_WAKE_R_N
p:i_MCIO31C_CB_ID0_R
p:i_MCIO31C_CB_ID1_R
p:i_MCIO31C_NVME0_PRSNT_R_N
p:i_MCIO31C_NVME1_PRSNT_R_N
p:i_MCIO31C_PE_WAKE_R_N
p:i_MCIO32A_CB_ID0_R
p:i_MCIO32A_CB_ID1_R
p:i_MCIO32A_NVME0_PRSNT_R_N
p:i_MCIO32A_NVME1_PRSNT_R_N
p:i_MCIO32A_PE_WAKE_R_N
p:i_MCIO32C_CB_ID0_R
p:i_MCIO32C_CB_ID1_R
p:i_MCIO32C_NVME0_PRSNT_R_N
p:i_MCIO32C_NVME1_PRSNT_R_N
p:i_MCIO32C_PE_WAKE_R_N
p:i_NIC1A_CB_ID0_R
p:i_NIC1A_CB_ID1_R
p:i_NIC1C_CB_ID0_R
p:i_NIC1C_CB_ID1_R
p:i_NIC2A_CB_ID0_R
p:i_NIC2A_CB_ID1_R
p:i_NIC2C_CB_ID0_R
p:i_NIC2C_CB_ID1_R
p:i_NIC3A_CB_ID0_R
p:i_NIC3A_CB_ID1_R
p:i_NIC3C_CB_ID0_R
p:i_NIC3C_CB_ID1_R
p:i_NIC4A_CB_ID0_R
p:i_NIC4A_CB_ID1_R
p:i_NIC4C_CB_ID0_R
p:i_NIC4C_CB_ID1_R
p:i_NIC5A_CB_ID0_R
p:i_NIC5A_CB_ID1_R
p:i_NIC5C_CB_ID0_R
p:i_NIC5C_CB_ID1_R
p:i_NIC6A_CB_ID0_R
p:i_NIC6A_CB_ID1_R
p:i_NIC6C_CB_ID0_R
p:i_NIC6C_CB_ID1_R
p:i_NIC7A_CB_ID0_R
p:i_NIC7A_CB_ID1_R
p:i_NIC7C_CB_ID0_R
p:i_NIC7C_CB_ID1_R
p:i_NIC8A_CB_ID0_R
p:i_NIC8A_CB_ID1_R
p:i_NIC8C_CB_ID0_R
p:i_NIC8C_CB_ID1_R
p:i_NPU1A_CB_ID1_R
p:i_NPU1C_CB_ID1_R
p:i_NPU2A_CB_ID1_R
p:i_NPU2C_CB_ID1_R
p:i_NPU3A_CB_ID1_R
p:i_NPU3C_CB_ID1_R
p:i_NPU4A_CB_ID1_R
p:i_NPU4C_CB_ID1_R
p:i_NPU5A_CB_ID1_R
p:i_NPU5C_CB_ID1_R
p:i_NPU6A_CB_ID1_R
p:i_NPU6C_CB_ID1_R
p:i_NPU7A_CB_ID1_R
p:i_NPU7C_CB_ID1_R
p:i_NPU8A_CB_ID1_R
p:i_NPU8C_CB_ID1_R
p:i_NVME1_CB_ID0_R
p:i_NVME1_CB_ID1_R
p:i_NVME2_CB_ID0_R
p:i_NVME2_CB_ID1_R
p:i_NVME3_CB_ID0_R
p:i_NVME3_CB_ID1_R
p:i_NVME3_PRSNT0_R_N
p:i_NVME3_PRSNT1_R_N
p:i_NVME4_CB_ID0_R
p:i_NVME4_CB_ID1_R
p:i_NVME4_PRSNT0_R_N
p:i_NVME4_PRSNT1_R_N
p:i_P0V8_SW1_ALERT_N
p:i_P0V8_SW1_FAULT_N
p:i_PCA_ID0
p:i_PCA_ID1
p:i_PCA_ID2
p:i_PCB_ID0
p:i_PCB_ID1
p:i_PCB_ID2
p:i_SCPLD_SGPIO_CLK
p:i_SCPLD_SGPIO_DATA_IN
p:i_SCPLD_SGPIO_LD
p:io_I2C1_CPLD2_REG_SDA (bidir end point)
p:io_I2C1_CPLD2_REG_SDA (bidir start point)
p:io_I2C1_CPLD2_UPDATE_SCL (bidir end point)
p:io_I2C1_CPLD2_UPDATE_SCL (bidir start point)
p:io_I2C1_CPLD2_UPDATE_SDA (bidir end point)
p:io_I2C1_CPLD2_UPDATE_SDA (bidir start point)
p:io_MCIO01A_PWR_EN_R (bidir end point)
p:io_MCIO01A_PWR_EN_R (bidir start point)
p:io_MCIO01C_PWR_EN_R (bidir end point)
p:io_MCIO01C_PWR_EN_R (bidir start point)
p:io_MCIO02A_PWR_EN_R (bidir end point)
p:io_MCIO02A_PWR_EN_R (bidir start point)
p:io_MCIO02C_PWR_EN_R (bidir end point)
p:io_MCIO02C_PWR_EN_R (bidir start point)
p:io_MCIO11A_PWR_EN_R (bidir end point)
p:io_MCIO11A_PWR_EN_R (bidir start point)
p:io_MCIO11C_PWR_EN_R (bidir end point)
p:io_MCIO11C_PWR_EN_R (bidir start point)
p:io_MCIO12A_PWR_EN_R (bidir end point)
p:io_MCIO12A_PWR_EN_R (bidir start point)
p:io_MCIO12C_PWR_EN_R (bidir end point)
p:io_MCIO12C_PWR_EN_R (bidir start point)
p:io_MCIO21A_PWR_EN_R (bidir end point)
p:io_MCIO21A_PWR_EN_R (bidir start point)
p:io_MCIO21C_PWR_EN_R (bidir end point)
p:io_MCIO21C_PWR_EN_R (bidir start point)
p:io_MCIO22A_PWR_EN_R (bidir end point)
p:io_MCIO22A_PWR_EN_R (bidir start point)
p:io_MCIO22C_PWR_EN_R (bidir end point)
p:io_MCIO22C_PWR_EN_R (bidir start point)
p:io_MCIO31A_PWR_EN_R (bidir end point)
p:io_MCIO31A_PWR_EN_R (bidir start point)
p:io_MCIO31C_PWR_EN_R (bidir end point)
p:io_MCIO31C_PWR_EN_R (bidir start point)
p:io_MCIO32A_PWR_EN_R (bidir end point)
p:io_MCIO32A_PWR_EN_R (bidir start point)
p:io_MCIO32C_PWR_EN_R (bidir end point)
p:io_MCIO32C_PWR_EN_R (bidir start point)
p:o_CPLD2_LED2_N
p:o_CPLD2_LED3_N
p:o_CPLD_RSV1_R
p:o_CPLD_RSV2_R
p:o_CPLD_RSV3_R
p:o_CPLD_RSV4_R
p:o_CPLD_RSV5_R
p:o_CPLD_RSV6_R
p:o_MCIO01_11_GPU_THROTTLE_R_N
p:o_MCIO02_12_GPU_THROTTLE_R_N
p:o_MCIO21_31_GPU_THROTTLE_R_N
p:o_MCIO22_32_GPU_THROTTLE_R_N
p:o_NIC1_4_GPU_THROTTLE_R_N
p:o_NIC5_8_GPU_THROTTLE_R_N
p:o_NPU1_4_GPU_THROTTLE_R_N
p:o_NPU5_8_GPU_THROTTLE_R_N
p:o_SCPLD_SGPIO_DATA_OUT


Inapplicable constraints
************************

(none)


Applicable constraints with issues
**********************************

(none)


Constraints with matching wildcard expressions
**********************************************

(none)


Library Report
**************


# End of Constraint Checker Report
