{
"Synplify Pro (R) Job Log" : {
	"Date" : "16:45:20    31-Oct-2025",
	"Working Directory" : "D:/ODM MB SWITCH/SWITCH/CPLD/BP_4S104G5/pro/impl1",
	"Install" : "C:/lscc/diamond/3_14/synpbase"
},
"impl1" :{
   "Job Flow" : "Sequential",
   "Start Time" : "16:45:00",
   "Runtime" : "20s",
   "Executable Run Time" : "18s",
   "synthesis" : {
      "Job Flow" : "Sequential",
      "Start Time" : "16:45:00",
      "Runtime" : "20s",
      "Executable Run Time" : "18s",
      "compile" : {
         "Job Flow" : "Sequential",
         "Start Time" : "16:45:00",
         "Runtime" : "14s",
         "Executable Run Time" : "12s",
         "compile_flow" : {
            "Job Flow" : "Sequential",
            "Start Time" : "16:45:00",
            "Runtime" : "11s",
            "Executable Run Time" : "09s",
            "compiler" : {
               "executable" : "bin64/c_hdl.exe",
               "Run Directory" : "D:/ODM MB SWITCH/SWITCH/CPLD/BP_4S104G5/pro/impl1",
               "Run State" : "Complete",
               "Return Code" : "0",
               "Has Errors" : "no",
               "Run Start Time" : "16:45:00",
               "Run Time" : "11s",
               "Exe Run Time" : "09s",
               "Memory Usage" : "-",
               "Up-to-date (run skipped)" : "no"
            },
            "multi_srs_gen" : {
               "executable" : "bin64/syn_nfilter.exe",
               "Run Directory" : "D:/ODM MB SWITCH/SWITCH/CPLD/BP_4S104G5/pro/impl1",
               "Run State" : "Complete",
               "Return Code" : "0",
               "Has Errors" : "no",
               "Run Start Time" : "16:45:11",
               "Run Time" : "00s",
               "Exe Run Time" : "00s",
               "Memory Usage" : "-",
               "Up-to-date (run skipped)" : "no"
            }
         },
         "premap" : {
            "executable" : "bin64/m_gen_lattice.exe",
            "Run Directory" : "D:/ODM MB SWITCH/SWITCH/CPLD/BP_4S104G5/pro/impl1",
            "Run State" : "Complete",
            "Return Code" : "1",
            "Has Errors" : "no",
            "Run Start Time" : "16:45:11",
            "Run Time" : "03s",
            "Exe Run Time" : "03s",
            "Memory Usage" : "-",
            "Up-to-date (run skipped)" : "no"
         }
      },
      "map" : {
         "Job Flow" : "Sequential",
         "Start Time" : "16:45:14",
         "Runtime" : "06s",
         "Executable Run Time" : "06s",
         "fpga_mapper" : {
            "executable" : "bin64/m_gen_lattice.exe",
            "Run Directory" : "D:/ODM MB SWITCH/SWITCH/CPLD/BP_4S104G5/pro/impl1",
            "Run State" : "Complete",
            "Return Code" : "1",
            "Has Errors" : "no",
            "Run Start Time" : "16:45:14",
            "Run Time" : "06s",
            "Exe Run Time" : "06s",
            "Memory Usage" : "-",
            "Up-to-date (run skipped)" : "no"
         }
      }
   }
}
}