
Copyright (C) 1994-2020 Synopsys, Inc.
This Synopsys software and all associated documentation are proprietary to Synopsys, Inc.
and may only be used pursuant to the terms and conditions of a written license agreement
with Synopsys, Inc. All other use, reproduction, modification, or distribution of the
Synopsys software or the associated documentation is strictly prohibited.
Tool: Synplify Pro (R)
Build: Q-2020.03L-SP1
Install: D:\lscc\diamond\3.12\synpbase
OS: Windows 6.2

Hostname: RDHZW10V129

Implementation : impl1
Synopsys HDL compiler and linker, Version comp202003synp2, Build 182R, Built Oct 29 2020 10:49:53, @

Modified Files: 0
FID:  path (prevtimestamp, timestamp)

*******************************************************************
Modules that may have changed as a result of file changes: 0
MID:  lib.cell.view

*******************************************************************
Unmodified files: 52
FID:  path (timestamp)
0        D:\Work_File\CPLD_code\CPLD_DB\34.CNIT-K AMD GPU Server V200R001B01\01.MB_M CPLD\V01\BM_H13DSP_M\rtl\include\BM_H13DSP_M_VA_PORT.v (2025-03-07 17:12:04)
1        D:\Work_File\CPLD_code\CPLD_DB\34.CNIT-K AMD GPU Server V200R001B01\01.MB_M CPLD\V01\BM_H13DSP_M\rtl\include\pwrseq_define.vh (2025-02-09 17:25:55)
69       D:\Work_File\CPLD_code\CPLD_DB\34.CNIT-K AMD GPU Server V200R001B01\01.MB_M CPLD\V01\BM_H13DSP_M\rtl\source\74HC164\s2p_164.v (2024-02-22 14:51:23)
2        D:\Work_File\CPLD_code\CPLD_DB\34.CNIT-K AMD GPU Server V200R001B01\01.MB_M CPLD\V01\BM_H13DSP_M\rtl\source\74LV165\pvt_gpi.v (2022-12-01 22:01:12)
3        D:\Work_File\CPLD_code\CPLD_DB\34.CNIT-K AMD GPU Server V200R001B01\01.MB_M CPLD\V01\BM_H13DSP_M\rtl\source\BM_H13DSP_M_TOP.v (2025-03-13 18:29:31)
5        D:\Work_File\CPLD_code\CPLD_DB\34.CNIT-K AMD GPU Server V200R001B01\01.MB_M CPLD\V01\BM_H13DSP_M\rtl\source\ESPI_LINK\espi_link.v (2023-02-08 15:56:07)
6        D:\Work_File\CPLD_code\CPLD_DB\34.CNIT-K AMD GPU Server V200R001B01\01.MB_M CPLD\V01\BM_H13DSP_M\rtl\source\ESPI_LINK\pch_cpld_espi_ram.v (2025-01-21 20:01:16)
7        D:\Work_File\CPLD_code\CPLD_DB\34.CNIT-K AMD GPU Server V200R001B01\01.MB_M CPLD\V01\BM_H13DSP_M\rtl\source\ESPI_LINK\pcie_dync_alloc.v (2025-02-26 14:08:56)
8        D:\Work_File\CPLD_code\CPLD_DB\34.CNIT-K AMD GPU Server V200R001B01\01.MB_M CPLD\V01\BM_H13DSP_M\rtl\source\IIC_Update\I2C_UPDATE.v (2025-02-09 16:51:32)
10       D:\Work_File\CPLD_code\CPLD_DB\34.CNIT-K AMD GPU Server V200R001B01\01.MB_M CPLD\V01\BM_H13DSP_M\rtl\source\PLL\pll_i25M_o50M_o25M.v (2025-02-09 16:50:43)
53       D:\Work_File\CPLD_code\CPLD_DB\34.CNIT-K AMD GPU Server V200R001B01\01.MB_M CPLD\V01\BM_H13DSP_M\rtl\source\Power_Fault\ERROR_CODE.v (2025-03-13 17:16:34)
54       D:\Work_File\CPLD_code\CPLD_DB\34.CNIT-K AMD GPU Server V200R001B01\01.MB_M CPLD\V01\BM_H13DSP_M\rtl\source\Power_Fault\Power_Fault.v (2022-11-30 10:36:56)
55       D:\Work_File\CPLD_code\CPLD_DB\34.CNIT-K AMD GPU Server V200R001B01\01.MB_M CPLD\V01\BM_H13DSP_M\rtl\source\Power_Fault\Pwr_Error_Latch.v (2022-11-30 10:24:04)
56       D:\Work_File\CPLD_code\CPLD_DB\34.CNIT-K AMD GPU Server V200R001B01\01.MB_M CPLD\V01\BM_H13DSP_M\rtl\source\Power_Fault\dimm_fail_event.v (2025-01-24 16:26:47)
57       D:\Work_File\CPLD_code\CPLD_DB\34.CNIT-K AMD GPU Server V200R001B01\01.MB_M CPLD\V01\BM_H13DSP_M\rtl\source\Power_Fault\fault_detectA_chklive.v (2025-02-10 14:56:41)
58       D:\Work_File\CPLD_code\CPLD_DB\34.CNIT-K AMD GPU Server V200R001B01\01.MB_M CPLD\V01\BM_H13DSP_M\rtl\source\Power_Fault\fault_detectB_chklive.v (2022-11-30 10:54:16)
12       D:\Work_File\CPLD_code\CPLD_DB\34.CNIT-K AMD GPU Server V200R001B01\01.MB_M CPLD\V01\BM_H13DSP_M\rtl\source\Pwr_But_Ctrl\Pwr_But_Ctrl.v (2023-11-20 15:29:04)
46       D:\Work_File\CPLD_code\CPLD_DB\34.CNIT-K AMD GPU Server V200R001B01\01.MB_M CPLD\V01\BM_H13DSP_M\rtl\source\Pwr_But_Ctrl\bmc_ctl_pwrbtn.v (2023-06-02 09:19:49)
59       D:\Work_File\CPLD_code\CPLD_DB\34.CNIT-K AMD GPU Server V200R001B01\01.MB_M CPLD\V01\BM_H13DSP_M\rtl\source\Pwr_seq\pwrseq_master.v (2025-02-11 17:34:13)
60       D:\Work_File\CPLD_code\CPLD_DB\34.CNIT-K AMD GPU Server V200R001B01\01.MB_M CPLD\V01\BM_H13DSP_M\rtl\source\Pwr_seq\pwrseq_slave.v (2025-02-27 16:04:57)
15       D:\Work_File\CPLD_code\CPLD_DB\34.CNIT-K AMD GPU Server V200R001B01\01.MB_M CPLD\V01\BM_H13DSP_M\rtl\source\SGPIO_MASTER\p2s_slave.v (2025-02-27 16:00:00)
16       D:\Work_File\CPLD_code\CPLD_DB\34.CNIT-K AMD GPU Server V200R001B01\01.MB_M CPLD\V01\BM_H13DSP_M\rtl\source\SGPIO_MASTER\s2p_master.v (2022-11-30 10:22:54)
47       D:\Work_File\CPLD_code\CPLD_DB\34.CNIT-K AMD GPU Server V200R001B01\01.MB_M CPLD\V01\BM_H13DSP_M\rtl\source\Signal_Latch\Edge_Detect_SL.v (2023-09-20 10:22:08)
48       D:\Work_File\CPLD_code\CPLD_DB\34.CNIT-K AMD GPU Server V200R001B01\01.MB_M CPLD\V01\BM_H13DSP_M\rtl\source\Signal_Latch\Signal_Latch.v (2023-09-20 10:22:09)
61       D:\Work_File\CPLD_code\CPLD_DB\34.CNIT-K AMD GPU Server V200R001B01\01.MB_M CPLD\V01\BM_H13DSP_M\rtl\source\bios_i2c\bios_cpld_i2c_ram.v (2025-03-07 17:31:16)
17       D:\Work_File\CPLD_code\CPLD_DB\34.CNIT-K AMD GPU Server V200R001B01\01.MB_M CPLD\V01\BM_H13DSP_M\rtl\source\bmc_i2c\bmc_cpld_i2c_ram.v (2025-03-13 18:29:28)
18       D:\Work_File\CPLD_code\CPLD_DB\34.CNIT-K AMD GPU Server V200R001B01\01.MB_M CPLD\V01\BM_H13DSP_M\rtl\source\bmc_i2c\i2c_slave_basic0.v (2024-12-27 20:50:03)
19       D:\Work_File\CPLD_code\CPLD_DB\34.CNIT-K AMD GPU Server V200R001B01\01.MB_M CPLD\V01\BM_H13DSP_M\rtl\source\bmc_i2c\i2c_slave_bmc.v (2024-12-27 20:50:13)
21       D:\Work_File\CPLD_code\CPLD_DB\34.CNIT-K AMD GPU Server V200R001B01\01.MB_M CPLD\V01\BM_H13DSP_M\rtl\source\common\ClkDiv.v (2022-06-16 20:16:55)
22       D:\Work_File\CPLD_code\CPLD_DB\34.CNIT-K AMD GPU Server V200R001B01\01.MB_M CPLD\V01\BM_H13DSP_M\rtl\source\common\ClkDivTree.v (2023-05-13 14:15:57)
62       D:\Work_File\CPLD_code\CPLD_DB\34.CNIT-K AMD GPU Server V200R001B01\01.MB_M CPLD\V01\BM_H13DSP_M\rtl\source\common\MESSAGE_CONTROL.v (2022-01-26 15:15:04)
63       D:\Work_File\CPLD_code\CPLD_DB\34.CNIT-K AMD GPU Server V200R001B01\01.MB_M CPLD\V01\BM_H13DSP_M\rtl\source\common\cmos_clear.v (2025-02-11 11:52:30)
64       D:\Work_File\CPLD_code\CPLD_DB\34.CNIT-K AMD GPU Server V200R001B01\01.MB_M CPLD\V01\BM_H13DSP_M\rtl\source\common\cpu_module.v (2025-02-27 15:49:53)
65       D:\Work_File\CPLD_code\CPLD_DB\34.CNIT-K AMD GPU Server V200R001B01\01.MB_M CPLD\V01\BM_H13DSP_M\rtl\source\common\cpu_thermtrip.v (2025-02-11 11:52:06)
23       D:\Work_File\CPLD_code\CPLD_DB\34.CNIT-K AMD GPU Server V200R001B01\01.MB_M CPLD\V01\BM_H13DSP_M\rtl\source\common\delay.v (2022-12-06 21:52:33)
24       D:\Work_File\CPLD_code\CPLD_DB\34.CNIT-K AMD GPU Server V200R001B01\01.MB_M CPLD\V01\BM_H13DSP_M\rtl\source\common\edge_delay.v (2022-11-30 10:56:40)
25       D:\Work_File\CPLD_code\CPLD_DB\34.CNIT-K AMD GPU Server V200R001B01\01.MB_M CPLD\V01\BM_H13DSP_M\rtl\source\common\edge_detect.v (2022-12-02 15:43:56)
66       D:\Work_File\CPLD_code\CPLD_DB\34.CNIT-K AMD GPU Server V200R001B01\01.MB_M CPLD\V01\BM_H13DSP_M\rtl\source\common\extrst_evt_count.v (2024-12-27 20:25:58)
67       D:\Work_File\CPLD_code\CPLD_DB\34.CNIT-K AMD GPU Server V200R001B01\01.MB_M CPLD\V01\BM_H13DSP_M\rtl\source\common\genCntr.v (2022-12-02 15:43:56)
26       D:\Work_File\CPLD_code\CPLD_DB\34.CNIT-K AMD GPU Server V200R001B01\01.MB_M CPLD\V01\BM_H13DSP_M\rtl\source\common\lowpass_filter.v (2022-12-02 15:43:56)
68       D:\Work_File\CPLD_code\CPLD_DB\34.CNIT-K AMD GPU Server V200R001B01\01.MB_M CPLD\V01\BM_H13DSP_M\rtl\source\common\nmi_clear.v (2022-04-22 14:46:16)
27       D:\Work_File\CPLD_code\CPLD_DB\34.CNIT-K AMD GPU Server V200R001B01\01.MB_M CPLD\V01\BM_H13DSP_M\rtl\source\common\pon_reset.v (2022-11-30 10:12:18)
28       D:\Work_File\CPLD_code\CPLD_DB\34.CNIT-K AMD GPU Server V200R001B01\01.MB_M CPLD\V01\BM_H13DSP_M\rtl\source\common\synclib.v (2022-11-30 10:20:46)
49       D:\Work_File\CPLD_code\CPLD_DB\34.CNIT-K AMD GPU Server V200R001B01\01.MB_M CPLD\V01\BM_H13DSP_M\rtl\source\common\system_rst.v (2025-02-10 19:45:06)
29       D:\Work_File\CPLD_code\CPLD_DB\34.CNIT-K AMD GPU Server V200R001B01\01.MB_M CPLD\V01\BM_H13DSP_M\rtl\source\common\timer_gen_50mhz.v (2022-12-21 10:23:35)
50       D:\Work_File\CPLD_code\CPLD_DB\34.CNIT-K AMD GPU Server V200R001B01\01.MB_M CPLD\V01\BM_H13DSP_M\rtl\source\uart\mcio_uart_master.v (2024-05-14 17:51:13)
40       D:\lscc\diamond\3.12\synpbase\lib\lucent\machxo3lf.v (2020-10-29 10:20:54)
41       D:\lscc\diamond\3.12\synpbase\lib\lucent\pmi_def.v (2020-10-29 10:20:54)
42       D:\lscc\diamond\3.12\synpbase\lib\vlog\hypermods.v (2020-10-29 10:23:10)
43       D:\lscc\diamond\3.12\synpbase\lib\vlog\scemi_objects.v (2020-10-29 10:23:10)
44       D:\lscc\diamond\3.12\synpbase\lib\vlog\scemi_pipes.svh (2020-10-29 10:23:10)
45       D:\lscc\diamond\3.12\synpbase\lib\vlog\umr_capim.v (2020-10-29 10:23:10)

*******************************************************************
Unchanged modules: 55
MID:  lib.cell.view
0        work.BM_H13DSP_M.verilog
1        work.BREAK_COMBI.verilog
2        work.BREAK_COMBI_N.verilog
3        work.ClkDiv.verilog
4        work.ClkDivTree.verilog
5        work.Edge_Detect.verilog
6        work.Edge_Detect_SL.verilog
7        work.I2C_UPDATE.verilog
8        work.ISOLATE_COMBI.verilog
9        work.MESSAGE_CONTROL.verilog
10       work.PGM_DEBOUNCE.verilog
11       work.PGM_DEBOUNCE_GPO_N.verilog
12       work.PGM_DEBOUNCE_N.verilog
13       work.Power_Fault.verilog
14       work.Pwr_But_Ctrl.verilog
15       work.Pwr_Error_Latch.verilog
16       work.STABLE.verilog
17       work.SYNC_DATA.verilog
18       work.SYNC_DATA_N.verilog
19       work.SYNC_RESET_AASD.verilog
20       work.SYNC_RESET_N_AASD.verilog
21       work.SYNC_RESET_SASD.verilog
22       work.Signal_Latch.verilog
23       work.UART_MASTER.verilog
54       work.bios_cpld_i2c_ram.verilog
24       work.bmc_cpld_i2c_ram.verilog
25       work.bmc_ctl_pwrbtn.verilog
26       work.clear_cmos.verilog
27       work.clear_nmi.verilog
28       work.cpu_module.verilog
29       work.cpu_thermtrip.verilog
30       work.delay.verilog
31       work.dimm_fail_event.verilog
32       work.edge_delay.verilog
34       work.error_code.verilog
35       work.espi_link.verilog
36       work.extrst_evt_count.verilog
37       work.fault_detectA_chklive.verilog
38       work.fault_detectB_chklive.verilog
39       work.genCntr.verilog
40       work.i2c_slave_basic0.verilog
41       work.i2c_slave_bmc.verilog
42       work.lowpass_filter.verilog
43       work.p2s_slave.verilog
44       work.pch_cpld_espi_ram.verilog
45       work.pcie_dync_alloc.verilog
46       work.pll_i25M_o50M_o25M.verilog
47       work.pon_reset.verilog
48       work.pvt_gpi.verilog
49       work.pwrseq_master.verilog
50       work.pwrseq_slave.verilog
55       work.s2p_164.verilog
51       work.s2p_master.verilog
52       work.system_rst.verilog
53       work.timer_gen.verilog
