
Copyright (C) 1994-2023 Synopsys, Inc.
This Synopsys software and all associated documentation are proprietary to Synopsys, Inc.
and may only be used pursuant to the terms and conditions of a written license agreement
with Synopsys, Inc. All other use, reproduction, modification, or distribution of the
Synopsys software or the associated documentation is strictly prohibited.
Tool: Synplify Pro (R)
Build: V-2023.09L-2
Install: C:\studyware\lattice_diamond_3_14\synpbase
OS: Windows 10 or later
Hostname: Z02665MJ

Implementation : impl1
Synopsys HDL compiler and linker, Version comp202309synp1, Build 349R, Built Sep 17 2024 08:16:26, @

Modified Files: 103
FID:  path (prevtimestamp, timestamp)
70       C:\CPLD\intel\fenghuo_initial\BM_H13DSP_M\rtl\include\BM_H13DSP_M_VA_PORT.v (N/A, 2025-09-23 10:27:12)
71       C:\CPLD\intel\fenghuo_initial\BM_H13DSP_M\rtl\include\pwrseq_define.vh (N/A, 2025-02-09 17:25:55)
72       C:\CPLD\intel\fenghuo_initial\BM_H13DSP_M\rtl\source\74HC164\s2p_164.v (N/A, 2024-02-22 14:51:23)
73       C:\CPLD\intel\fenghuo_initial\BM_H13DSP_M\rtl\source\74LV165\pvt_gpi.v (N/A, 2022-12-01 22:01:12)
74       C:\CPLD\intel\fenghuo_initial\BM_H13DSP_M\rtl\source\BM_H13DSP_M_TOP.v (N/A, 2025-03-13 18:29:31)
75       C:\CPLD\intel\fenghuo_initial\BM_H13DSP_M\rtl\source\ESPI_LINK\espi_link.v (N/A, 2023-02-08 15:56:07)
76       C:\CPLD\intel\fenghuo_initial\BM_H13DSP_M\rtl\source\ESPI_LINK\pch_cpld_espi_ram.v (N/A, 2025-01-21 20:01:16)
77       C:\CPLD\intel\fenghuo_initial\BM_H13DSP_M\rtl\source\ESPI_LINK\pcie_dync_alloc.v (N/A, 2025-02-26 14:08:56)
78       C:\CPLD\intel\fenghuo_initial\BM_H13DSP_M\rtl\source\IIC_Update\I2C_UPDATE.v (N/A, 2025-02-09 16:51:32)
79       C:\CPLD\intel\fenghuo_initial\BM_H13DSP_M\rtl\source\PLL\pll_i25M_o50M_o25M.v (N/A, 2025-02-09 16:50:43)
80       C:\CPLD\intel\fenghuo_initial\BM_H13DSP_M\rtl\source\Power_Fault\ERROR_CODE.v (N/A, 2025-03-13 17:16:34)
81       C:\CPLD\intel\fenghuo_initial\BM_H13DSP_M\rtl\source\Power_Fault\Power_Fault.v (N/A, 2022-11-30 10:36:56)
82       C:\CPLD\intel\fenghuo_initial\BM_H13DSP_M\rtl\source\Power_Fault\Pwr_Error_Latch.v (N/A, 2022-11-30 10:24:04)
83       C:\CPLD\intel\fenghuo_initial\BM_H13DSP_M\rtl\source\Power_Fault\dimm_fail_event.v (N/A, 2025-01-24 16:26:47)
84       C:\CPLD\intel\fenghuo_initial\BM_H13DSP_M\rtl\source\Power_Fault\fault_detectA_chklive.v (N/A, 2025-02-10 14:56:41)
85       C:\CPLD\intel\fenghuo_initial\BM_H13DSP_M\rtl\source\Power_Fault\fault_detectB_chklive.v (N/A, 2022-11-30 10:54:16)
86       C:\CPLD\intel\fenghuo_initial\BM_H13DSP_M\rtl\source\Pwr_But_Ctrl\Pwr_But_Ctrl.v (N/A, 2023-11-20 15:29:04)
87       C:\CPLD\intel\fenghuo_initial\BM_H13DSP_M\rtl\source\Pwr_But_Ctrl\bmc_ctl_pwrbtn.v (N/A, 2023-06-02 09:19:49)
88       C:\CPLD\intel\fenghuo_initial\BM_H13DSP_M\rtl\source\Pwr_seq\pwrseq_master.v (N/A, 2025-02-11 17:34:13)
89       C:\CPLD\intel\fenghuo_initial\BM_H13DSP_M\rtl\source\Pwr_seq\pwrseq_slave.v (N/A, 2025-02-27 16:04:57)
90       C:\CPLD\intel\fenghuo_initial\BM_H13DSP_M\rtl\source\SGPIO_MASTER\p2s_slave.v (N/A, 2025-02-27 16:00:00)
91       C:\CPLD\intel\fenghuo_initial\BM_H13DSP_M\rtl\source\SGPIO_MASTER\s2p_master.v (N/A, 2022-11-30 10:22:54)
92       C:\CPLD\intel\fenghuo_initial\BM_H13DSP_M\rtl\source\Signal_Latch\Edge_Detect_SL.v (N/A, 2023-09-20 10:22:08)
93       C:\CPLD\intel\fenghuo_initial\BM_H13DSP_M\rtl\source\Signal_Latch\Signal_Latch.v (N/A, 2023-09-20 10:22:09)
94       C:\CPLD\intel\fenghuo_initial\BM_H13DSP_M\rtl\source\bios_i2c\bios_cpld_i2c_ram.v (N/A, 2025-03-07 17:31:16)
95       C:\CPLD\intel\fenghuo_initial\BM_H13DSP_M\rtl\source\bmc_i2c\bmc_cpld_i2c_ram.v (N/A, 2025-03-13 18:29:28)
96       C:\CPLD\intel\fenghuo_initial\BM_H13DSP_M\rtl\source\bmc_i2c\i2c_slave_basic0.v (N/A, 2024-12-27 20:50:03)
97       C:\CPLD\intel\fenghuo_initial\BM_H13DSP_M\rtl\source\bmc_i2c\i2c_slave_bmc.v (N/A, 2024-12-27 20:50:13)
98       C:\CPLD\intel\fenghuo_initial\BM_H13DSP_M\rtl\source\common\ClkDiv.v (N/A, 2022-06-16 20:16:55)
99       C:\CPLD\intel\fenghuo_initial\BM_H13DSP_M\rtl\source\common\ClkDivTree.v (N/A, 2023-05-13 14:15:57)
100      C:\CPLD\intel\fenghuo_initial\BM_H13DSP_M\rtl\source\common\MESSAGE_CONTROL.v (N/A, 2022-01-26 15:15:04)
101      C:\CPLD\intel\fenghuo_initial\BM_H13DSP_M\rtl\source\common\cmos_clear.v (N/A, 2025-02-11 11:52:30)
102      C:\CPLD\intel\fenghuo_initial\BM_H13DSP_M\rtl\source\common\cpu_module.v (N/A, 2025-02-27 15:49:53)
103      C:\CPLD\intel\fenghuo_initial\BM_H13DSP_M\rtl\source\common\cpu_thermtrip.v (N/A, 2025-02-11 11:52:06)
104      C:\CPLD\intel\fenghuo_initial\BM_H13DSP_M\rtl\source\common\delay.v (N/A, 2022-12-06 21:52:33)
105      C:\CPLD\intel\fenghuo_initial\BM_H13DSP_M\rtl\source\common\edge_delay.v (N/A, 2022-11-30 10:56:40)
106      C:\CPLD\intel\fenghuo_initial\BM_H13DSP_M\rtl\source\common\edge_detect.v (N/A, 2022-12-02 15:43:56)
107      C:\CPLD\intel\fenghuo_initial\BM_H13DSP_M\rtl\source\common\extrst_evt_count.v (N/A, 2024-12-27 20:25:58)
108      C:\CPLD\intel\fenghuo_initial\BM_H13DSP_M\rtl\source\common\genCntr.v (N/A, 2022-12-02 15:43:56)
109      C:\CPLD\intel\fenghuo_initial\BM_H13DSP_M\rtl\source\common\lowpass_filter.v (N/A, 2022-12-02 15:43:56)
110      C:\CPLD\intel\fenghuo_initial\BM_H13DSP_M\rtl\source\common\nmi_clear.v (N/A, 2022-04-22 14:46:16)
111      C:\CPLD\intel\fenghuo_initial\BM_H13DSP_M\rtl\source\common\pon_reset.v (N/A, 2022-11-30 10:12:18)
112      C:\CPLD\intel\fenghuo_initial\BM_H13DSP_M\rtl\source\common\synclib.v (N/A, 2025-10-23 14:10:12)
113      C:\CPLD\intel\fenghuo_initial\BM_H13DSP_M\rtl\source\common\system_rst.v (N/A, 2025-02-10 19:45:06)
114      C:\CPLD\intel\fenghuo_initial\BM_H13DSP_M\rtl\source\common\timer_gen_50mhz.v (N/A, 2022-12-21 10:23:35)
115      C:\CPLD\intel\fenghuo_initial\BM_H13DSP_M\rtl\source\uart\mcio_uart_master.v (N/A, 2024-05-14 17:51:13)
116      C:\studyware\lattice_diamond_3_14\synpbase\lib\lucent\machxo3lf.v (N/A, 2024-09-17 14:02:13)
117      C:\studyware\lattice_diamond_3_14\synpbase\lib\lucent\pmi_def.v (N/A, 2024-09-24 07:33:10)
118      C:\studyware\lattice_diamond_3_14\synpbase\lib\vlog\hypermods.v (N/A, 2024-09-24 07:33:35)
119      C:\studyware\lattice_diamond_3_14\synpbase\lib\vlog\scemi_objects.v (N/A, 2024-09-24 07:33:35)
120      C:\studyware\lattice_diamond_3_14\synpbase\lib\vlog\scemi_pipes.svh (N/A, 2024-09-24 07:33:35)
0        D:\Work_File\CPLD_code\CPLD_DB\34.CNIT-K AMD GPU Server V200R001B01\01.MB_M CPLD\V01\BM_H13DSP_M\rtl\include\BM_H13DSP_M_VA_PORT.v (2025-03-07 17:12:04, N/A)
1        D:\Work_File\CPLD_code\CPLD_DB\34.CNIT-K AMD GPU Server V200R001B01\01.MB_M CPLD\V01\BM_H13DSP_M\rtl\include\pwrseq_define.vh (2025-02-09 17:25:55, N/A)
69       D:\Work_File\CPLD_code\CPLD_DB\34.CNIT-K AMD GPU Server V200R001B01\01.MB_M CPLD\V01\BM_H13DSP_M\rtl\source\74HC164\s2p_164.v (2024-02-22 14:51:23, N/A)
2        D:\Work_File\CPLD_code\CPLD_DB\34.CNIT-K AMD GPU Server V200R001B01\01.MB_M CPLD\V01\BM_H13DSP_M\rtl\source\74LV165\pvt_gpi.v (2022-12-01 22:01:12, N/A)
3        D:\Work_File\CPLD_code\CPLD_DB\34.CNIT-K AMD GPU Server V200R001B01\01.MB_M CPLD\V01\BM_H13DSP_M\rtl\source\BM_H13DSP_M_TOP.v (2025-03-13 18:29:31, N/A)
5        D:\Work_File\CPLD_code\CPLD_DB\34.CNIT-K AMD GPU Server V200R001B01\01.MB_M CPLD\V01\BM_H13DSP_M\rtl\source\ESPI_LINK\espi_link.v (2023-02-08 15:56:07, N/A)
6        D:\Work_File\CPLD_code\CPLD_DB\34.CNIT-K AMD GPU Server V200R001B01\01.MB_M CPLD\V01\BM_H13DSP_M\rtl\source\ESPI_LINK\pch_cpld_espi_ram.v (2025-01-21 20:01:16, N/A)
7        D:\Work_File\CPLD_code\CPLD_DB\34.CNIT-K AMD GPU Server V200R001B01\01.MB_M CPLD\V01\BM_H13DSP_M\rtl\source\ESPI_LINK\pcie_dync_alloc.v (2025-02-26 14:08:56, N/A)
8        D:\Work_File\CPLD_code\CPLD_DB\34.CNIT-K AMD GPU Server V200R001B01\01.MB_M CPLD\V01\BM_H13DSP_M\rtl\source\IIC_Update\I2C_UPDATE.v (2025-02-09 16:51:32, N/A)
10       D:\Work_File\CPLD_code\CPLD_DB\34.CNIT-K AMD GPU Server V200R001B01\01.MB_M CPLD\V01\BM_H13DSP_M\rtl\source\PLL\pll_i25M_o50M_o25M.v (2025-02-09 16:50:43, N/A)
53       D:\Work_File\CPLD_code\CPLD_DB\34.CNIT-K AMD GPU Server V200R001B01\01.MB_M CPLD\V01\BM_H13DSP_M\rtl\source\Power_Fault\ERROR_CODE.v (2025-03-13 17:16:34, N/A)
54       D:\Work_File\CPLD_code\CPLD_DB\34.CNIT-K AMD GPU Server V200R001B01\01.MB_M CPLD\V01\BM_H13DSP_M\rtl\source\Power_Fault\Power_Fault.v (2022-11-30 10:36:56, N/A)
55       D:\Work_File\CPLD_code\CPLD_DB\34.CNIT-K AMD GPU Server V200R001B01\01.MB_M CPLD\V01\BM_H13DSP_M\rtl\source\Power_Fault\Pwr_Error_Latch.v (2022-11-30 10:24:04, N/A)
56       D:\Work_File\CPLD_code\CPLD_DB\34.CNIT-K AMD GPU Server V200R001B01\01.MB_M CPLD\V01\BM_H13DSP_M\rtl\source\Power_Fault\dimm_fail_event.v (2025-01-24 16:26:47, N/A)
57       D:\Work_File\CPLD_code\CPLD_DB\34.CNIT-K AMD GPU Server V200R001B01\01.MB_M CPLD\V01\BM_H13DSP_M\rtl\source\Power_Fault\fault_detectA_chklive.v (2025-02-10 14:56:41, N/A)
58       D:\Work_File\CPLD_code\CPLD_DB\34.CNIT-K AMD GPU Server V200R001B01\01.MB_M CPLD\V01\BM_H13DSP_M\rtl\source\Power_Fault\fault_detectB_chklive.v (2022-11-30 10:54:16, N/A)
12       D:\Work_File\CPLD_code\CPLD_DB\34.CNIT-K AMD GPU Server V200R001B01\01.MB_M CPLD\V01\BM_H13DSP_M\rtl\source\Pwr_But_Ctrl\Pwr_But_Ctrl.v (2023-11-20 15:29:04, N/A)
46       D:\Work_File\CPLD_code\CPLD_DB\34.CNIT-K AMD GPU Server V200R001B01\01.MB_M CPLD\V01\BM_H13DSP_M\rtl\source\Pwr_But_Ctrl\bmc_ctl_pwrbtn.v (2023-06-02 09:19:49, N/A)
59       D:\Work_File\CPLD_code\CPLD_DB\34.CNIT-K AMD GPU Server V200R001B01\01.MB_M CPLD\V01\BM_H13DSP_M\rtl\source\Pwr_seq\pwrseq_master.v (2025-02-11 17:34:13, N/A)
60       D:\Work_File\CPLD_code\CPLD_DB\34.CNIT-K AMD GPU Server V200R001B01\01.MB_M CPLD\V01\BM_H13DSP_M\rtl\source\Pwr_seq\pwrseq_slave.v (2025-02-27 16:04:57, N/A)
15       D:\Work_File\CPLD_code\CPLD_DB\34.CNIT-K AMD GPU Server V200R001B01\01.MB_M CPLD\V01\BM_H13DSP_M\rtl\source\SGPIO_MASTER\p2s_slave.v (2025-02-27 16:00:00, N/A)
16       D:\Work_File\CPLD_code\CPLD_DB\34.CNIT-K AMD GPU Server V200R001B01\01.MB_M CPLD\V01\BM_H13DSP_M\rtl\source\SGPIO_MASTER\s2p_master.v (2022-11-30 10:22:54, N/A)
47       D:\Work_File\CPLD_code\CPLD_DB\34.CNIT-K AMD GPU Server V200R001B01\01.MB_M CPLD\V01\BM_H13DSP_M\rtl\source\Signal_Latch\Edge_Detect_SL.v (2023-09-20 10:22:08, N/A)
48       D:\Work_File\CPLD_code\CPLD_DB\34.CNIT-K AMD GPU Server V200R001B01\01.MB_M CPLD\V01\BM_H13DSP_M\rtl\source\Signal_Latch\Signal_Latch.v (2023-09-20 10:22:09, N/A)
61       D:\Work_File\CPLD_code\CPLD_DB\34.CNIT-K AMD GPU Server V200R001B01\01.MB_M CPLD\V01\BM_H13DSP_M\rtl\source\bios_i2c\bios_cpld_i2c_ram.v (2025-03-07 17:31:16, N/A)
17       D:\Work_File\CPLD_code\CPLD_DB\34.CNIT-K AMD GPU Server V200R001B01\01.MB_M CPLD\V01\BM_H13DSP_M\rtl\source\bmc_i2c\bmc_cpld_i2c_ram.v (2025-03-13 18:29:28, N/A)
18       D:\Work_File\CPLD_code\CPLD_DB\34.CNIT-K AMD GPU Server V200R001B01\01.MB_M CPLD\V01\BM_H13DSP_M\rtl\source\bmc_i2c\i2c_slave_basic0.v (2024-12-27 20:50:03, N/A)
19       D:\Work_File\CPLD_code\CPLD_DB\34.CNIT-K AMD GPU Server V200R001B01\01.MB_M CPLD\V01\BM_H13DSP_M\rtl\source\bmc_i2c\i2c_slave_bmc.v (2024-12-27 20:50:13, N/A)
21       D:\Work_File\CPLD_code\CPLD_DB\34.CNIT-K AMD GPU Server V200R001B01\01.MB_M CPLD\V01\BM_H13DSP_M\rtl\source\common\ClkDiv.v (2022-06-16 20:16:55, N/A)
22       D:\Work_File\CPLD_code\CPLD_DB\34.CNIT-K AMD GPU Server V200R001B01\01.MB_M CPLD\V01\BM_H13DSP_M\rtl\source\common\ClkDivTree.v (2023-05-13 14:15:57, N/A)
62       D:\Work_File\CPLD_code\CPLD_DB\34.CNIT-K AMD GPU Server V200R001B01\01.MB_M CPLD\V01\BM_H13DSP_M\rtl\source\common\MESSAGE_CONTROL.v (2022-01-26 15:15:04, N/A)
63       D:\Work_File\CPLD_code\CPLD_DB\34.CNIT-K AMD GPU Server V200R001B01\01.MB_M CPLD\V01\BM_H13DSP_M\rtl\source\common\cmos_clear.v (2025-02-11 11:52:30, N/A)
64       D:\Work_File\CPLD_code\CPLD_DB\34.CNIT-K AMD GPU Server V200R001B01\01.MB_M CPLD\V01\BM_H13DSP_M\rtl\source\common\cpu_module.v (2025-02-27 15:49:53, N/A)
65       D:\Work_File\CPLD_code\CPLD_DB\34.CNIT-K AMD GPU Server V200R001B01\01.MB_M CPLD\V01\BM_H13DSP_M\rtl\source\common\cpu_thermtrip.v (2025-02-11 11:52:06, N/A)
23       D:\Work_File\CPLD_code\CPLD_DB\34.CNIT-K AMD GPU Server V200R001B01\01.MB_M CPLD\V01\BM_H13DSP_M\rtl\source\common\delay.v (2022-12-06 21:52:33, N/A)
24       D:\Work_File\CPLD_code\CPLD_DB\34.CNIT-K AMD GPU Server V200R001B01\01.MB_M CPLD\V01\BM_H13DSP_M\rtl\source\common\edge_delay.v (2022-11-30 10:56:40, N/A)
25       D:\Work_File\CPLD_code\CPLD_DB\34.CNIT-K AMD GPU Server V200R001B01\01.MB_M CPLD\V01\BM_H13DSP_M\rtl\source\common\edge_detect.v (2022-12-02 15:43:56, N/A)
66       D:\Work_File\CPLD_code\CPLD_DB\34.CNIT-K AMD GPU Server V200R001B01\01.MB_M CPLD\V01\BM_H13DSP_M\rtl\source\common\extrst_evt_count.v (2024-12-27 20:25:58, N/A)
67       D:\Work_File\CPLD_code\CPLD_DB\34.CNIT-K AMD GPU Server V200R001B01\01.MB_M CPLD\V01\BM_H13DSP_M\rtl\source\common\genCntr.v (2022-12-02 15:43:56, N/A)
26       D:\Work_File\CPLD_code\CPLD_DB\34.CNIT-K AMD GPU Server V200R001B01\01.MB_M CPLD\V01\BM_H13DSP_M\rtl\source\common\lowpass_filter.v (2022-12-02 15:43:56, N/A)
68       D:\Work_File\CPLD_code\CPLD_DB\34.CNIT-K AMD GPU Server V200R001B01\01.MB_M CPLD\V01\BM_H13DSP_M\rtl\source\common\nmi_clear.v (2022-04-22 14:46:16, N/A)
27       D:\Work_File\CPLD_code\CPLD_DB\34.CNIT-K AMD GPU Server V200R001B01\01.MB_M CPLD\V01\BM_H13DSP_M\rtl\source\common\pon_reset.v (2022-11-30 10:12:18, N/A)
28       D:\Work_File\CPLD_code\CPLD_DB\34.CNIT-K AMD GPU Server V200R001B01\01.MB_M CPLD\V01\BM_H13DSP_M\rtl\source\common\synclib.v (2022-11-30 10:20:46, N/A)
49       D:\Work_File\CPLD_code\CPLD_DB\34.CNIT-K AMD GPU Server V200R001B01\01.MB_M CPLD\V01\BM_H13DSP_M\rtl\source\common\system_rst.v (2025-02-10 19:45:06, N/A)
29       D:\Work_File\CPLD_code\CPLD_DB\34.CNIT-K AMD GPU Server V200R001B01\01.MB_M CPLD\V01\BM_H13DSP_M\rtl\source\common\timer_gen_50mhz.v (2022-12-21 10:23:35, N/A)
50       D:\Work_File\CPLD_code\CPLD_DB\34.CNIT-K AMD GPU Server V200R001B01\01.MB_M CPLD\V01\BM_H13DSP_M\rtl\source\uart\mcio_uart_master.v (2024-05-14 17:51:13, N/A)
40       D:\lscc\diamond\3.12\synpbase\lib\lucent\machxo3lf.v (2020-10-29 10:20:54, N/A)
41       D:\lscc\diamond\3.12\synpbase\lib\lucent\pmi_def.v (2020-10-29 10:20:54, N/A)
42       D:\lscc\diamond\3.12\synpbase\lib\vlog\hypermods.v (2020-10-29 10:23:10, N/A)
43       D:\lscc\diamond\3.12\synpbase\lib\vlog\scemi_objects.v (2020-10-29 10:23:10, N/A)
44       D:\lscc\diamond\3.12\synpbase\lib\vlog\scemi_pipes.svh (2020-10-29 10:23:10, N/A)
45       D:\lscc\diamond\3.12\synpbase\lib\vlog\umr_capim.v (2020-10-29 10:23:10, N/A)

*******************************************************************
Modules that may have changed as a result of file changes: 55
MID:  lib.cell.view
0        work.BM_H13DSP_M.verilog may have changed because the following files changed:
                        C:\CPLD\intel\fenghuo_initial\BM_H13DSP_M\rtl\include\BM_H13DSP_M_VA_PORT.v (N/A, 2025-09-23 10:27:12) <-- (module definition)
                        C:\CPLD\intel\fenghuo_initial\BM_H13DSP_M\rtl\include\pwrseq_define.vh (N/A, 2025-02-09 17:25:55) <-- (may instantiate this module)
                        C:\CPLD\intel\fenghuo_initial\BM_H13DSP_M\rtl\source\BM_H13DSP_M_TOP.v (N/A, 2025-03-13 18:29:31) <-- (may instantiate this module)
                        C:\CPLD\intel\fenghuo_initial\BM_H13DSP_M\rtl\source\Pwr_seq\pwrseq_master.v (N/A, 2025-02-11 17:34:13) <-- (may instantiate this module)
                        C:\CPLD\intel\fenghuo_initial\BM_H13DSP_M\rtl\source\Pwr_seq\pwrseq_slave.v (N/A, 2025-02-27 16:04:57) <-- (may instantiate this module)
1        work.BREAK_COMBI.verilog may have changed because the following files changed:
                        C:\CPLD\intel\fenghuo_initial\BM_H13DSP_M\rtl\include\BM_H13DSP_M_VA_PORT.v (N/A, 2025-09-23 10:27:12) <-- (may instantiate this module)
                        C:\CPLD\intel\fenghuo_initial\BM_H13DSP_M\rtl\include\pwrseq_define.vh (N/A, 2025-02-09 17:25:55) <-- (may instantiate this module)
                        C:\CPLD\intel\fenghuo_initial\BM_H13DSP_M\rtl\source\BM_H13DSP_M_TOP.v (N/A, 2025-03-13 18:29:31) <-- (may instantiate this module)
                        C:\CPLD\intel\fenghuo_initial\BM_H13DSP_M\rtl\source\Pwr_seq\pwrseq_master.v (N/A, 2025-02-11 17:34:13) <-- (may instantiate this module)
                        C:\CPLD\intel\fenghuo_initial\BM_H13DSP_M\rtl\source\Pwr_seq\pwrseq_slave.v (N/A, 2025-02-27 16:04:57) <-- (may instantiate this module)
                        C:\CPLD\intel\fenghuo_initial\BM_H13DSP_M\rtl\source\common\synclib.v (N/A, 2025-10-23 14:10:12) <-- (module definition)
2        work.BREAK_COMBI_N.verilog may have changed because the following files changed:
                        C:\CPLD\intel\fenghuo_initial\BM_H13DSP_M\rtl\include\BM_H13DSP_M_VA_PORT.v (N/A, 2025-09-23 10:27:12) <-- (may instantiate this module)
                        C:\CPLD\intel\fenghuo_initial\BM_H13DSP_M\rtl\include\pwrseq_define.vh (N/A, 2025-02-09 17:25:55) <-- (may instantiate this module)
                        C:\CPLD\intel\fenghuo_initial\BM_H13DSP_M\rtl\source\BM_H13DSP_M_TOP.v (N/A, 2025-03-13 18:29:31) <-- (may instantiate this module)
                        C:\CPLD\intel\fenghuo_initial\BM_H13DSP_M\rtl\source\Pwr_seq\pwrseq_master.v (N/A, 2025-02-11 17:34:13) <-- (may instantiate this module)
                        C:\CPLD\intel\fenghuo_initial\BM_H13DSP_M\rtl\source\Pwr_seq\pwrseq_slave.v (N/A, 2025-02-27 16:04:57) <-- (may instantiate this module)
                        C:\CPLD\intel\fenghuo_initial\BM_H13DSP_M\rtl\source\common\synclib.v (N/A, 2025-10-23 14:10:12) <-- (module definition)
3        work.ClkDiv.verilog may have changed because the following files changed:
                        C:\CPLD\intel\fenghuo_initial\BM_H13DSP_M\rtl\include\BM_H13DSP_M_VA_PORT.v (N/A, 2025-09-23 10:27:12) <-- (may instantiate this module)
                        C:\CPLD\intel\fenghuo_initial\BM_H13DSP_M\rtl\include\pwrseq_define.vh (N/A, 2025-02-09 17:25:55) <-- (may instantiate this module)
                        C:\CPLD\intel\fenghuo_initial\BM_H13DSP_M\rtl\source\BM_H13DSP_M_TOP.v (N/A, 2025-03-13 18:29:31) <-- (may instantiate this module)
                        C:\CPLD\intel\fenghuo_initial\BM_H13DSP_M\rtl\source\Pwr_seq\pwrseq_master.v (N/A, 2025-02-11 17:34:13) <-- (may instantiate this module)
                        C:\CPLD\intel\fenghuo_initial\BM_H13DSP_M\rtl\source\Pwr_seq\pwrseq_slave.v (N/A, 2025-02-27 16:04:57) <-- (may instantiate this module)
                        C:\CPLD\intel\fenghuo_initial\BM_H13DSP_M\rtl\source\common\ClkDiv.v (N/A, 2022-06-16 20:16:55) <-- (module definition)
                        C:\CPLD\intel\fenghuo_initial\BM_H13DSP_M\rtl\source\common\ClkDivTree.v (N/A, 2023-05-13 14:15:57) <-- (may instantiate this module)
4        work.ClkDivTree.verilog may have changed because the following files changed:
                        C:\CPLD\intel\fenghuo_initial\BM_H13DSP_M\rtl\include\BM_H13DSP_M_VA_PORT.v (N/A, 2025-09-23 10:27:12) <-- (may instantiate this module)
                        C:\CPLD\intel\fenghuo_initial\BM_H13DSP_M\rtl\include\pwrseq_define.vh (N/A, 2025-02-09 17:25:55) <-- (may instantiate this module)
                        C:\CPLD\intel\fenghuo_initial\BM_H13DSP_M\rtl\source\BM_H13DSP_M_TOP.v (N/A, 2025-03-13 18:29:31) <-- (may instantiate this module)
                        C:\CPLD\intel\fenghuo_initial\BM_H13DSP_M\rtl\source\Pwr_seq\pwrseq_master.v (N/A, 2025-02-11 17:34:13) <-- (may instantiate this module)
                        C:\CPLD\intel\fenghuo_initial\BM_H13DSP_M\rtl\source\Pwr_seq\pwrseq_slave.v (N/A, 2025-02-27 16:04:57) <-- (may instantiate this module)
                        C:\CPLD\intel\fenghuo_initial\BM_H13DSP_M\rtl\source\common\ClkDivTree.v (N/A, 2023-05-13 14:15:57) <-- (module definition)
5        work.Edge_Detect.verilog may have changed because the following files changed:
                        C:\CPLD\intel\fenghuo_initial\BM_H13DSP_M\rtl\include\BM_H13DSP_M_VA_PORT.v (N/A, 2025-09-23 10:27:12) <-- (may instantiate this module)
                        C:\CPLD\intel\fenghuo_initial\BM_H13DSP_M\rtl\include\pwrseq_define.vh (N/A, 2025-02-09 17:25:55) <-- (may instantiate this module)
                        C:\CPLD\intel\fenghuo_initial\BM_H13DSP_M\rtl\source\BM_H13DSP_M_TOP.v (N/A, 2025-03-13 18:29:31) <-- (may instantiate this module)
                        C:\CPLD\intel\fenghuo_initial\BM_H13DSP_M\rtl\source\Power_Fault\Power_Fault.v (N/A, 2022-11-30 10:36:56) <-- (may instantiate this module)
                        C:\CPLD\intel\fenghuo_initial\BM_H13DSP_M\rtl\source\Power_Fault\Pwr_Error_Latch.v (N/A, 2022-11-30 10:24:04) <-- (may instantiate this module)
                        C:\CPLD\intel\fenghuo_initial\BM_H13DSP_M\rtl\source\Pwr_But_Ctrl\bmc_ctl_pwrbtn.v (N/A, 2023-06-02 09:19:49) <-- (may instantiate this module)
                        C:\CPLD\intel\fenghuo_initial\BM_H13DSP_M\rtl\source\Pwr_seq\pwrseq_master.v (N/A, 2025-02-11 17:34:13) <-- (may instantiate this module)
                        C:\CPLD\intel\fenghuo_initial\BM_H13DSP_M\rtl\source\Pwr_seq\pwrseq_slave.v (N/A, 2025-02-27 16:04:57) <-- (may instantiate this module)
                        C:\CPLD\intel\fenghuo_initial\BM_H13DSP_M\rtl\source\common\edge_detect.v (N/A, 2022-12-02 15:43:56) <-- (module definition)
6        work.Edge_Detect_SL.verilog may have changed because the following files changed:
                        C:\CPLD\intel\fenghuo_initial\BM_H13DSP_M\rtl\include\BM_H13DSP_M_VA_PORT.v (N/A, 2025-09-23 10:27:12) <-- (may instantiate this module)
                        C:\CPLD\intel\fenghuo_initial\BM_H13DSP_M\rtl\include\pwrseq_define.vh (N/A, 2025-02-09 17:25:55) <-- (may instantiate this module)
                        C:\CPLD\intel\fenghuo_initial\BM_H13DSP_M\rtl\source\BM_H13DSP_M_TOP.v (N/A, 2025-03-13 18:29:31) <-- (may instantiate this module)
                        C:\CPLD\intel\fenghuo_initial\BM_H13DSP_M\rtl\source\Pwr_seq\pwrseq_master.v (N/A, 2025-02-11 17:34:13) <-- (may instantiate this module)
                        C:\CPLD\intel\fenghuo_initial\BM_H13DSP_M\rtl\source\Pwr_seq\pwrseq_slave.v (N/A, 2025-02-27 16:04:57) <-- (may instantiate this module)
                        C:\CPLD\intel\fenghuo_initial\BM_H13DSP_M\rtl\source\Signal_Latch\Edge_Detect_SL.v (N/A, 2023-09-20 10:22:08) <-- (module definition)
                        C:\CPLD\intel\fenghuo_initial\BM_H13DSP_M\rtl\source\Signal_Latch\Signal_Latch.v (N/A, 2023-09-20 10:22:09) <-- (may instantiate this module)
7        work.I2C_UPDATE.verilog may have changed because the following files changed:
                        C:\CPLD\intel\fenghuo_initial\BM_H13DSP_M\rtl\include\BM_H13DSP_M_VA_PORT.v (N/A, 2025-09-23 10:27:12) <-- (may instantiate this module)
                        C:\CPLD\intel\fenghuo_initial\BM_H13DSP_M\rtl\include\pwrseq_define.vh (N/A, 2025-02-09 17:25:55) <-- (may instantiate this module)
                        C:\CPLD\intel\fenghuo_initial\BM_H13DSP_M\rtl\source\BM_H13DSP_M_TOP.v (N/A, 2025-03-13 18:29:31) <-- (may instantiate this module)
                        C:\CPLD\intel\fenghuo_initial\BM_H13DSP_M\rtl\source\IIC_Update\I2C_UPDATE.v (N/A, 2025-02-09 16:51:32) <-- (module definition)
                        C:\CPLD\intel\fenghuo_initial\BM_H13DSP_M\rtl\source\Pwr_seq\pwrseq_master.v (N/A, 2025-02-11 17:34:13) <-- (may instantiate this module)
                        C:\CPLD\intel\fenghuo_initial\BM_H13DSP_M\rtl\source\Pwr_seq\pwrseq_slave.v (N/A, 2025-02-27 16:04:57) <-- (may instantiate this module)
8        work.ISOLATE_COMBI.verilog may have changed because the following files changed:
                        C:\CPLD\intel\fenghuo_initial\BM_H13DSP_M\rtl\include\BM_H13DSP_M_VA_PORT.v (N/A, 2025-09-23 10:27:12) <-- (may instantiate this module)
                        C:\CPLD\intel\fenghuo_initial\BM_H13DSP_M\rtl\include\pwrseq_define.vh (N/A, 2025-02-09 17:25:55) <-- (may instantiate this module)
                        C:\CPLD\intel\fenghuo_initial\BM_H13DSP_M\rtl\source\BM_H13DSP_M_TOP.v (N/A, 2025-03-13 18:29:31) <-- (may instantiate this module)
                        C:\CPLD\intel\fenghuo_initial\BM_H13DSP_M\rtl\source\Pwr_seq\pwrseq_master.v (N/A, 2025-02-11 17:34:13) <-- (may instantiate this module)
                        C:\CPLD\intel\fenghuo_initial\BM_H13DSP_M\rtl\source\Pwr_seq\pwrseq_slave.v (N/A, 2025-02-27 16:04:57) <-- (may instantiate this module)
                        C:\CPLD\intel\fenghuo_initial\BM_H13DSP_M\rtl\source\common\synclib.v (N/A, 2025-10-23 14:10:12) <-- (module definition)
9        work.MESSAGE_CONTROL.verilog may have changed because the following files changed:
                        C:\CPLD\intel\fenghuo_initial\BM_H13DSP_M\rtl\source\common\MESSAGE_CONTROL.v (N/A, 2022-01-26 15:15:04) <-- (module definition)
10       work.PGM_DEBOUNCE.verilog may have changed because the following files changed:
                        C:\CPLD\intel\fenghuo_initial\BM_H13DSP_M\rtl\include\BM_H13DSP_M_VA_PORT.v (N/A, 2025-09-23 10:27:12) <-- (may instantiate this module)
                        C:\CPLD\intel\fenghuo_initial\BM_H13DSP_M\rtl\include\pwrseq_define.vh (N/A, 2025-02-09 17:25:55) <-- (may instantiate this module)
                        C:\CPLD\intel\fenghuo_initial\BM_H13DSP_M\rtl\source\BM_H13DSP_M_TOP.v (N/A, 2025-03-13 18:29:31) <-- (may instantiate this module)
                        C:\CPLD\intel\fenghuo_initial\BM_H13DSP_M\rtl\source\Pwr_seq\pwrseq_master.v (N/A, 2025-02-11 17:34:13) <-- (may instantiate this module)
                        C:\CPLD\intel\fenghuo_initial\BM_H13DSP_M\rtl\source\Pwr_seq\pwrseq_slave.v (N/A, 2025-02-27 16:04:57) <-- (may instantiate this module)
                        C:\CPLD\intel\fenghuo_initial\BM_H13DSP_M\rtl\source\common\synclib.v (N/A, 2025-10-23 14:10:12) <-- (module definition)
11       work.PGM_DEBOUNCE_GPO_N.verilog may have changed because the following files changed:
                        C:\CPLD\intel\fenghuo_initial\BM_H13DSP_M\rtl\include\BM_H13DSP_M_VA_PORT.v (N/A, 2025-09-23 10:27:12) <-- (may instantiate this module)
                        C:\CPLD\intel\fenghuo_initial\BM_H13DSP_M\rtl\include\pwrseq_define.vh (N/A, 2025-02-09 17:25:55) <-- (may instantiate this module)
                        C:\CPLD\intel\fenghuo_initial\BM_H13DSP_M\rtl\source\BM_H13DSP_M_TOP.v (N/A, 2025-03-13 18:29:31) <-- (may instantiate this module)
                        C:\CPLD\intel\fenghuo_initial\BM_H13DSP_M\rtl\source\Pwr_seq\pwrseq_master.v (N/A, 2025-02-11 17:34:13) <-- (may instantiate this module)
                        C:\CPLD\intel\fenghuo_initial\BM_H13DSP_M\rtl\source\Pwr_seq\pwrseq_slave.v (N/A, 2025-02-27 16:04:57) <-- (may instantiate this module)
                        C:\CPLD\intel\fenghuo_initial\BM_H13DSP_M\rtl\source\common\synclib.v (N/A, 2025-10-23 14:10:12) <-- (module definition)
12       work.PGM_DEBOUNCE_N.verilog may have changed because the following files changed:
                        C:\CPLD\intel\fenghuo_initial\BM_H13DSP_M\rtl\include\BM_H13DSP_M_VA_PORT.v (N/A, 2025-09-23 10:27:12) <-- (may instantiate this module)
                        C:\CPLD\intel\fenghuo_initial\BM_H13DSP_M\rtl\include\pwrseq_define.vh (N/A, 2025-02-09 17:25:55) <-- (may instantiate this module)
                        C:\CPLD\intel\fenghuo_initial\BM_H13DSP_M\rtl\source\BM_H13DSP_M_TOP.v (N/A, 2025-03-13 18:29:31) <-- (may instantiate this module)
                        C:\CPLD\intel\fenghuo_initial\BM_H13DSP_M\rtl\source\Pwr_seq\pwrseq_master.v (N/A, 2025-02-11 17:34:13) <-- (may instantiate this module)
                        C:\CPLD\intel\fenghuo_initial\BM_H13DSP_M\rtl\source\Pwr_seq\pwrseq_slave.v (N/A, 2025-02-27 16:04:57) <-- (may instantiate this module)
                        C:\CPLD\intel\fenghuo_initial\BM_H13DSP_M\rtl\source\common\synclib.v (N/A, 2025-10-23 14:10:12) <-- (module definition)
13       work.Power_Fault.verilog may have changed because the following files changed:
                        C:\CPLD\intel\fenghuo_initial\BM_H13DSP_M\rtl\source\Power_Fault\Power_Fault.v (N/A, 2022-11-30 10:36:56) <-- (module definition)
14       work.Pwr_But_Ctrl.verilog may have changed because the following files changed:
                        C:\CPLD\intel\fenghuo_initial\BM_H13DSP_M\rtl\include\BM_H13DSP_M_VA_PORT.v (N/A, 2025-09-23 10:27:12) <-- (may instantiate this module)
                        C:\CPLD\intel\fenghuo_initial\BM_H13DSP_M\rtl\include\pwrseq_define.vh (N/A, 2025-02-09 17:25:55) <-- (may instantiate this module)
                        C:\CPLD\intel\fenghuo_initial\BM_H13DSP_M\rtl\source\BM_H13DSP_M_TOP.v (N/A, 2025-03-13 18:29:31) <-- (may instantiate this module)
                        C:\CPLD\intel\fenghuo_initial\BM_H13DSP_M\rtl\source\Pwr_But_Ctrl\Pwr_But_Ctrl.v (N/A, 2023-11-20 15:29:04) <-- (module definition)
                        C:\CPLD\intel\fenghuo_initial\BM_H13DSP_M\rtl\source\Pwr_seq\pwrseq_master.v (N/A, 2025-02-11 17:34:13) <-- (may instantiate this module)
                        C:\CPLD\intel\fenghuo_initial\BM_H13DSP_M\rtl\source\Pwr_seq\pwrseq_slave.v (N/A, 2025-02-27 16:04:57) <-- (may instantiate this module)
15       work.Pwr_Error_Latch.verilog may have changed because the following files changed:
                        C:\CPLD\intel\fenghuo_initial\BM_H13DSP_M\rtl\source\Power_Fault\Power_Fault.v (N/A, 2022-11-30 10:36:56) <-- (may instantiate this module)
                        C:\CPLD\intel\fenghuo_initial\BM_H13DSP_M\rtl\source\Power_Fault\Pwr_Error_Latch.v (N/A, 2022-11-30 10:24:04) <-- (module definition)
16       work.STABLE.verilog may have changed because the following files changed:
                        C:\CPLD\intel\fenghuo_initial\BM_H13DSP_M\rtl\include\BM_H13DSP_M_VA_PORT.v (N/A, 2025-09-23 10:27:12) <-- (may instantiate this module)
                        C:\CPLD\intel\fenghuo_initial\BM_H13DSP_M\rtl\include\pwrseq_define.vh (N/A, 2025-02-09 17:25:55) <-- (may instantiate this module)
                        C:\CPLD\intel\fenghuo_initial\BM_H13DSP_M\rtl\source\BM_H13DSP_M_TOP.v (N/A, 2025-03-13 18:29:31) <-- (may instantiate this module)
                        C:\CPLD\intel\fenghuo_initial\BM_H13DSP_M\rtl\source\Pwr_seq\pwrseq_master.v (N/A, 2025-02-11 17:34:13) <-- (may instantiate this module)
                        C:\CPLD\intel\fenghuo_initial\BM_H13DSP_M\rtl\source\Pwr_seq\pwrseq_slave.v (N/A, 2025-02-27 16:04:57) <-- (may instantiate this module)
                        C:\CPLD\intel\fenghuo_initial\BM_H13DSP_M\rtl\source\common\synclib.v (N/A, 2025-10-23 14:10:12) <-- (module definition)
17       work.SYNC_DATA.verilog may have changed because the following files changed:
                        C:\CPLD\intel\fenghuo_initial\BM_H13DSP_M\rtl\include\BM_H13DSP_M_VA_PORT.v (N/A, 2025-09-23 10:27:12) <-- (may instantiate this module)
                        C:\CPLD\intel\fenghuo_initial\BM_H13DSP_M\rtl\include\pwrseq_define.vh (N/A, 2025-02-09 17:25:55) <-- (may instantiate this module)
                        C:\CPLD\intel\fenghuo_initial\BM_H13DSP_M\rtl\source\BM_H13DSP_M_TOP.v (N/A, 2025-03-13 18:29:31) <-- (may instantiate this module)
                        C:\CPLD\intel\fenghuo_initial\BM_H13DSP_M\rtl\source\Pwr_seq\pwrseq_master.v (N/A, 2025-02-11 17:34:13) <-- (may instantiate this module)
                        C:\CPLD\intel\fenghuo_initial\BM_H13DSP_M\rtl\source\Pwr_seq\pwrseq_slave.v (N/A, 2025-02-27 16:04:57) <-- (may instantiate this module)
                        C:\CPLD\intel\fenghuo_initial\BM_H13DSP_M\rtl\source\common\synclib.v (N/A, 2025-10-23 14:10:12) <-- (module definition)
18       work.SYNC_DATA_N.verilog may have changed because the following files changed:
                        C:\CPLD\intel\fenghuo_initial\BM_H13DSP_M\rtl\include\BM_H13DSP_M_VA_PORT.v (N/A, 2025-09-23 10:27:12) <-- (may instantiate this module)
                        C:\CPLD\intel\fenghuo_initial\BM_H13DSP_M\rtl\include\pwrseq_define.vh (N/A, 2025-02-09 17:25:55) <-- (may instantiate this module)
                        C:\CPLD\intel\fenghuo_initial\BM_H13DSP_M\rtl\source\BM_H13DSP_M_TOP.v (N/A, 2025-03-13 18:29:31) <-- (may instantiate this module)
                        C:\CPLD\intel\fenghuo_initial\BM_H13DSP_M\rtl\source\Pwr_seq\pwrseq_master.v (N/A, 2025-02-11 17:34:13) <-- (may instantiate this module)
                        C:\CPLD\intel\fenghuo_initial\BM_H13DSP_M\rtl\source\Pwr_seq\pwrseq_slave.v (N/A, 2025-02-27 16:04:57) <-- (may instantiate this module)
                        C:\CPLD\intel\fenghuo_initial\BM_H13DSP_M\rtl\source\common\synclib.v (N/A, 2025-10-23 14:10:12) <-- (module definition)
19       work.SYNC_RESET_AASD.verilog may have changed because the following files changed:
                        C:\CPLD\intel\fenghuo_initial\BM_H13DSP_M\rtl\include\BM_H13DSP_M_VA_PORT.v (N/A, 2025-09-23 10:27:12) <-- (may instantiate this module)
                        C:\CPLD\intel\fenghuo_initial\BM_H13DSP_M\rtl\include\pwrseq_define.vh (N/A, 2025-02-09 17:25:55) <-- (may instantiate this module)
                        C:\CPLD\intel\fenghuo_initial\BM_H13DSP_M\rtl\source\BM_H13DSP_M_TOP.v (N/A, 2025-03-13 18:29:31) <-- (may instantiate this module)
                        C:\CPLD\intel\fenghuo_initial\BM_H13DSP_M\rtl\source\Pwr_seq\pwrseq_master.v (N/A, 2025-02-11 17:34:13) <-- (may instantiate this module)
                        C:\CPLD\intel\fenghuo_initial\BM_H13DSP_M\rtl\source\Pwr_seq\pwrseq_slave.v (N/A, 2025-02-27 16:04:57) <-- (may instantiate this module)
                        C:\CPLD\intel\fenghuo_initial\BM_H13DSP_M\rtl\source\common\synclib.v (N/A, 2025-10-23 14:10:12) <-- (module definition)
20       work.SYNC_RESET_N_AASD.verilog may have changed because the following files changed:
                        C:\CPLD\intel\fenghuo_initial\BM_H13DSP_M\rtl\include\BM_H13DSP_M_VA_PORT.v (N/A, 2025-09-23 10:27:12) <-- (may instantiate this module)
                        C:\CPLD\intel\fenghuo_initial\BM_H13DSP_M\rtl\include\pwrseq_define.vh (N/A, 2025-02-09 17:25:55) <-- (may instantiate this module)
                        C:\CPLD\intel\fenghuo_initial\BM_H13DSP_M\rtl\source\BM_H13DSP_M_TOP.v (N/A, 2025-03-13 18:29:31) <-- (may instantiate this module)
                        C:\CPLD\intel\fenghuo_initial\BM_H13DSP_M\rtl\source\Pwr_seq\pwrseq_master.v (N/A, 2025-02-11 17:34:13) <-- (may instantiate this module)
                        C:\CPLD\intel\fenghuo_initial\BM_H13DSP_M\rtl\source\Pwr_seq\pwrseq_slave.v (N/A, 2025-02-27 16:04:57) <-- (may instantiate this module)
                        C:\CPLD\intel\fenghuo_initial\BM_H13DSP_M\rtl\source\common\synclib.v (N/A, 2025-10-23 14:10:12) <-- (module definition)
21       work.SYNC_RESET_SASD.verilog may have changed because the following files changed:
                        C:\CPLD\intel\fenghuo_initial\BM_H13DSP_M\rtl\include\BM_H13DSP_M_VA_PORT.v (N/A, 2025-09-23 10:27:12) <-- (may instantiate this module)
                        C:\CPLD\intel\fenghuo_initial\BM_H13DSP_M\rtl\include\pwrseq_define.vh (N/A, 2025-02-09 17:25:55) <-- (may instantiate this module)
                        C:\CPLD\intel\fenghuo_initial\BM_H13DSP_M\rtl\source\BM_H13DSP_M_TOP.v (N/A, 2025-03-13 18:29:31) <-- (may instantiate this module)
                        C:\CPLD\intel\fenghuo_initial\BM_H13DSP_M\rtl\source\Pwr_seq\pwrseq_master.v (N/A, 2025-02-11 17:34:13) <-- (may instantiate this module)
                        C:\CPLD\intel\fenghuo_initial\BM_H13DSP_M\rtl\source\Pwr_seq\pwrseq_slave.v (N/A, 2025-02-27 16:04:57) <-- (may instantiate this module)
                        C:\CPLD\intel\fenghuo_initial\BM_H13DSP_M\rtl\source\common\synclib.v (N/A, 2025-10-23 14:10:12) <-- (module definition)
22       work.Signal_Latch.verilog may have changed because the following files changed:
                        C:\CPLD\intel\fenghuo_initial\BM_H13DSP_M\rtl\include\BM_H13DSP_M_VA_PORT.v (N/A, 2025-09-23 10:27:12) <-- (may instantiate this module)
                        C:\CPLD\intel\fenghuo_initial\BM_H13DSP_M\rtl\include\pwrseq_define.vh (N/A, 2025-02-09 17:25:55) <-- (may instantiate this module)
                        C:\CPLD\intel\fenghuo_initial\BM_H13DSP_M\rtl\source\BM_H13DSP_M_TOP.v (N/A, 2025-03-13 18:29:31) <-- (may instantiate this module)
                        C:\CPLD\intel\fenghuo_initial\BM_H13DSP_M\rtl\source\Pwr_seq\pwrseq_master.v (N/A, 2025-02-11 17:34:13) <-- (may instantiate this module)
                        C:\CPLD\intel\fenghuo_initial\BM_H13DSP_M\rtl\source\Pwr_seq\pwrseq_slave.v (N/A, 2025-02-27 16:04:57) <-- (may instantiate this module)
                        C:\CPLD\intel\fenghuo_initial\BM_H13DSP_M\rtl\source\Signal_Latch\Signal_Latch.v (N/A, 2023-09-20 10:22:09) <-- (module definition)
23       work.UART_MASTER.verilog may have changed because the following files changed:
                        C:\CPLD\intel\fenghuo_initial\BM_H13DSP_M\rtl\include\BM_H13DSP_M_VA_PORT.v (N/A, 2025-09-23 10:27:12) <-- (may instantiate this module)
                        C:\CPLD\intel\fenghuo_initial\BM_H13DSP_M\rtl\include\pwrseq_define.vh (N/A, 2025-02-09 17:25:55) <-- (may instantiate this module)
                        C:\CPLD\intel\fenghuo_initial\BM_H13DSP_M\rtl\source\BM_H13DSP_M_TOP.v (N/A, 2025-03-13 18:29:31) <-- (may instantiate this module)
                        C:\CPLD\intel\fenghuo_initial\BM_H13DSP_M\rtl\source\Pwr_seq\pwrseq_master.v (N/A, 2025-02-11 17:34:13) <-- (may instantiate this module)
                        C:\CPLD\intel\fenghuo_initial\BM_H13DSP_M\rtl\source\Pwr_seq\pwrseq_slave.v (N/A, 2025-02-27 16:04:57) <-- (may instantiate this module)
                        C:\CPLD\intel\fenghuo_initial\BM_H13DSP_M\rtl\source\uart\mcio_uart_master.v (N/A, 2024-05-14 17:51:13) <-- (module definition)
54       work.bios_cpld_i2c_ram.verilog may have changed because the following files changed:
                        C:\CPLD\intel\fenghuo_initial\BM_H13DSP_M\rtl\include\BM_H13DSP_M_VA_PORT.v (N/A, 2025-09-23 10:27:12) <-- (may instantiate this module)
                        C:\CPLD\intel\fenghuo_initial\BM_H13DSP_M\rtl\include\pwrseq_define.vh (N/A, 2025-02-09 17:25:55) <-- (may instantiate this module)
                        C:\CPLD\intel\fenghuo_initial\BM_H13DSP_M\rtl\source\BM_H13DSP_M_TOP.v (N/A, 2025-03-13 18:29:31) <-- (may instantiate this module)
                        C:\CPLD\intel\fenghuo_initial\BM_H13DSP_M\rtl\source\Pwr_seq\pwrseq_master.v (N/A, 2025-02-11 17:34:13) <-- (may instantiate this module)
                        C:\CPLD\intel\fenghuo_initial\BM_H13DSP_M\rtl\source\Pwr_seq\pwrseq_slave.v (N/A, 2025-02-27 16:04:57) <-- (may instantiate this module)
                        C:\CPLD\intel\fenghuo_initial\BM_H13DSP_M\rtl\source\bios_i2c\bios_cpld_i2c_ram.v (N/A, 2025-03-07 17:31:16) <-- (module definition)
24       work.bmc_cpld_i2c_ram.verilog may have changed because the following files changed:
                        C:\CPLD\intel\fenghuo_initial\BM_H13DSP_M\rtl\include\BM_H13DSP_M_VA_PORT.v (N/A, 2025-09-23 10:27:12) <-- (may instantiate this module)
                        C:\CPLD\intel\fenghuo_initial\BM_H13DSP_M\rtl\include\pwrseq_define.vh (N/A, 2025-02-09 17:25:55) <-- (may instantiate this module)
                        C:\CPLD\intel\fenghuo_initial\BM_H13DSP_M\rtl\source\BM_H13DSP_M_TOP.v (N/A, 2025-03-13 18:29:31) <-- (may instantiate this module)
                        C:\CPLD\intel\fenghuo_initial\BM_H13DSP_M\rtl\source\Pwr_seq\pwrseq_master.v (N/A, 2025-02-11 17:34:13) <-- (may instantiate this module)
                        C:\CPLD\intel\fenghuo_initial\BM_H13DSP_M\rtl\source\Pwr_seq\pwrseq_slave.v (N/A, 2025-02-27 16:04:57) <-- (may instantiate this module)
                        C:\CPLD\intel\fenghuo_initial\BM_H13DSP_M\rtl\source\bmc_i2c\bmc_cpld_i2c_ram.v (N/A, 2025-03-13 18:29:28) <-- (module definition)
25       work.bmc_ctl_pwrbtn.verilog may have changed because the following files changed:
                        C:\CPLD\intel\fenghuo_initial\BM_H13DSP_M\rtl\include\BM_H13DSP_M_VA_PORT.v (N/A, 2025-09-23 10:27:12) <-- (may instantiate this module)
                        C:\CPLD\intel\fenghuo_initial\BM_H13DSP_M\rtl\include\pwrseq_define.vh (N/A, 2025-02-09 17:25:55) <-- (may instantiate this module)
                        C:\CPLD\intel\fenghuo_initial\BM_H13DSP_M\rtl\source\BM_H13DSP_M_TOP.v (N/A, 2025-03-13 18:29:31) <-- (may instantiate this module)
                        C:\CPLD\intel\fenghuo_initial\BM_H13DSP_M\rtl\source\Pwr_But_Ctrl\bmc_ctl_pwrbtn.v (N/A, 2023-06-02 09:19:49) <-- (module definition)
                        C:\CPLD\intel\fenghuo_initial\BM_H13DSP_M\rtl\source\Pwr_seq\pwrseq_master.v (N/A, 2025-02-11 17:34:13) <-- (may instantiate this module)
                        C:\CPLD\intel\fenghuo_initial\BM_H13DSP_M\rtl\source\Pwr_seq\pwrseq_slave.v (N/A, 2025-02-27 16:04:57) <-- (may instantiate this module)
26       work.clear_cmos.verilog may have changed because the following files changed:
                        C:\CPLD\intel\fenghuo_initial\BM_H13DSP_M\rtl\include\BM_H13DSP_M_VA_PORT.v (N/A, 2025-09-23 10:27:12) <-- (may instantiate this module)
                        C:\CPLD\intel\fenghuo_initial\BM_H13DSP_M\rtl\include\pwrseq_define.vh (N/A, 2025-02-09 17:25:55) <-- (may instantiate this module)
                        C:\CPLD\intel\fenghuo_initial\BM_H13DSP_M\rtl\source\BM_H13DSP_M_TOP.v (N/A, 2025-03-13 18:29:31) <-- (may instantiate this module)
                        C:\CPLD\intel\fenghuo_initial\BM_H13DSP_M\rtl\source\Pwr_seq\pwrseq_master.v (N/A, 2025-02-11 17:34:13) <-- (may instantiate this module)
                        C:\CPLD\intel\fenghuo_initial\BM_H13DSP_M\rtl\source\Pwr_seq\pwrseq_slave.v (N/A, 2025-02-27 16:04:57) <-- (may instantiate this module)
                        C:\CPLD\intel\fenghuo_initial\BM_H13DSP_M\rtl\source\common\cmos_clear.v (N/A, 2025-02-11 11:52:30) <-- (module definition)
27       work.clear_nmi.verilog may have changed because the following files changed:
                        C:\CPLD\intel\fenghuo_initial\BM_H13DSP_M\rtl\include\BM_H13DSP_M_VA_PORT.v (N/A, 2025-09-23 10:27:12) <-- (may instantiate this module)
                        C:\CPLD\intel\fenghuo_initial\BM_H13DSP_M\rtl\include\pwrseq_define.vh (N/A, 2025-02-09 17:25:55) <-- (may instantiate this module)
                        C:\CPLD\intel\fenghuo_initial\BM_H13DSP_M\rtl\source\BM_H13DSP_M_TOP.v (N/A, 2025-03-13 18:29:31) <-- (may instantiate this module)
                        C:\CPLD\intel\fenghuo_initial\BM_H13DSP_M\rtl\source\Pwr_seq\pwrseq_master.v (N/A, 2025-02-11 17:34:13) <-- (may instantiate this module)
                        C:\CPLD\intel\fenghuo_initial\BM_H13DSP_M\rtl\source\Pwr_seq\pwrseq_slave.v (N/A, 2025-02-27 16:04:57) <-- (may instantiate this module)
                        C:\CPLD\intel\fenghuo_initial\BM_H13DSP_M\rtl\source\common\nmi_clear.v (N/A, 2022-04-22 14:46:16) <-- (module definition)
28       work.cpu_module.verilog may have changed because the following files changed:
                        C:\CPLD\intel\fenghuo_initial\BM_H13DSP_M\rtl\include\BM_H13DSP_M_VA_PORT.v (N/A, 2025-09-23 10:27:12) <-- (may instantiate this module)
                        C:\CPLD\intel\fenghuo_initial\BM_H13DSP_M\rtl\include\pwrseq_define.vh (N/A, 2025-02-09 17:25:55) <-- (may instantiate this module)
                        C:\CPLD\intel\fenghuo_initial\BM_H13DSP_M\rtl\source\BM_H13DSP_M_TOP.v (N/A, 2025-03-13 18:29:31) <-- (may instantiate this module)
                        C:\CPLD\intel\fenghuo_initial\BM_H13DSP_M\rtl\source\Pwr_seq\pwrseq_master.v (N/A, 2025-02-11 17:34:13) <-- (may instantiate this module)
                        C:\CPLD\intel\fenghuo_initial\BM_H13DSP_M\rtl\source\Pwr_seq\pwrseq_slave.v (N/A, 2025-02-27 16:04:57) <-- (may instantiate this module)
                        C:\CPLD\intel\fenghuo_initial\BM_H13DSP_M\rtl\source\common\cpu_module.v (N/A, 2025-02-27 15:49:53) <-- (module definition)
29       work.cpu_thermtrip.verilog may have changed because the following files changed:
                        C:\CPLD\intel\fenghuo_initial\BM_H13DSP_M\rtl\include\BM_H13DSP_M_VA_PORT.v (N/A, 2025-09-23 10:27:12) <-- (may instantiate this module)
                        C:\CPLD\intel\fenghuo_initial\BM_H13DSP_M\rtl\include\pwrseq_define.vh (N/A, 2025-02-09 17:25:55) <-- (may instantiate this module)
                        C:\CPLD\intel\fenghuo_initial\BM_H13DSP_M\rtl\source\BM_H13DSP_M_TOP.v (N/A, 2025-03-13 18:29:31) <-- (may instantiate this module)
                        C:\CPLD\intel\fenghuo_initial\BM_H13DSP_M\rtl\source\Pwr_seq\pwrseq_master.v (N/A, 2025-02-11 17:34:13) <-- (may instantiate this module)
                        C:\CPLD\intel\fenghuo_initial\BM_H13DSP_M\rtl\source\Pwr_seq\pwrseq_slave.v (N/A, 2025-02-27 16:04:57) <-- (may instantiate this module)
                        C:\CPLD\intel\fenghuo_initial\BM_H13DSP_M\rtl\source\common\cpu_thermtrip.v (N/A, 2025-02-11 11:52:06) <-- (module definition)
30       work.delay.verilog may have changed because the following files changed:
                        C:\CPLD\intel\fenghuo_initial\BM_H13DSP_M\rtl\source\common\delay.v (N/A, 2022-12-06 21:52:33) <-- (module definition)
31       work.dimm_fail_event.verilog may have changed because the following files changed:
                        C:\CPLD\intel\fenghuo_initial\BM_H13DSP_M\rtl\include\BM_H13DSP_M_VA_PORT.v (N/A, 2025-09-23 10:27:12) <-- (may instantiate this module)
                        C:\CPLD\intel\fenghuo_initial\BM_H13DSP_M\rtl\include\pwrseq_define.vh (N/A, 2025-02-09 17:25:55) <-- (may instantiate this module)
                        C:\CPLD\intel\fenghuo_initial\BM_H13DSP_M\rtl\source\BM_H13DSP_M_TOP.v (N/A, 2025-03-13 18:29:31) <-- (may instantiate this module)
                        C:\CPLD\intel\fenghuo_initial\BM_H13DSP_M\rtl\source\Power_Fault\dimm_fail_event.v (N/A, 2025-01-24 16:26:47) <-- (module definition)
                        C:\CPLD\intel\fenghuo_initial\BM_H13DSP_M\rtl\source\Pwr_seq\pwrseq_master.v (N/A, 2025-02-11 17:34:13) <-- (may instantiate this module)
                        C:\CPLD\intel\fenghuo_initial\BM_H13DSP_M\rtl\source\Pwr_seq\pwrseq_slave.v (N/A, 2025-02-27 16:04:57) <-- (may instantiate this module)
32       work.edge_delay.verilog may have changed because the following files changed:
                        C:\CPLD\intel\fenghuo_initial\BM_H13DSP_M\rtl\include\BM_H13DSP_M_VA_PORT.v (N/A, 2025-09-23 10:27:12) <-- (may instantiate this module)
                        C:\CPLD\intel\fenghuo_initial\BM_H13DSP_M\rtl\include\pwrseq_define.vh (N/A, 2025-02-09 17:25:55) <-- (may instantiate this module)
                        C:\CPLD\intel\fenghuo_initial\BM_H13DSP_M\rtl\source\BM_H13DSP_M_TOP.v (N/A, 2025-03-13 18:29:31) <-- (may instantiate this module)
                        C:\CPLD\intel\fenghuo_initial\BM_H13DSP_M\rtl\source\Power_Fault\fault_detectA_chklive.v (N/A, 2025-02-10 14:56:41) <-- (may instantiate this module)
                        C:\CPLD\intel\fenghuo_initial\BM_H13DSP_M\rtl\source\Pwr_seq\pwrseq_master.v (N/A, 2025-02-11 17:34:13) <-- (may instantiate this module)
                        C:\CPLD\intel\fenghuo_initial\BM_H13DSP_M\rtl\source\Pwr_seq\pwrseq_slave.v (N/A, 2025-02-27 16:04:57) <-- (may instantiate this module)
                        C:\CPLD\intel\fenghuo_initial\BM_H13DSP_M\rtl\source\common\cmos_clear.v (N/A, 2025-02-11 11:52:30) <-- (may instantiate this module)
                        C:\CPLD\intel\fenghuo_initial\BM_H13DSP_M\rtl\source\common\edge_delay.v (N/A, 2022-11-30 10:56:40) <-- (module definition)
                        C:\CPLD\intel\fenghuo_initial\BM_H13DSP_M\rtl\source\common\nmi_clear.v (N/A, 2022-04-22 14:46:16) <-- (may instantiate this module)
34       work.error_code.verilog may have changed because the following files changed:
                        C:\CPLD\intel\fenghuo_initial\BM_H13DSP_M\rtl\include\BM_H13DSP_M_VA_PORT.v (N/A, 2025-09-23 10:27:12) <-- (may instantiate this module)
                        C:\CPLD\intel\fenghuo_initial\BM_H13DSP_M\rtl\include\pwrseq_define.vh (N/A, 2025-02-09 17:25:55) <-- (may instantiate this module)
                        C:\CPLD\intel\fenghuo_initial\BM_H13DSP_M\rtl\source\BM_H13DSP_M_TOP.v (N/A, 2025-03-13 18:29:31) <-- (may instantiate this module)
                        C:\CPLD\intel\fenghuo_initial\BM_H13DSP_M\rtl\source\Power_Fault\ERROR_CODE.v (N/A, 2025-03-13 17:16:34) <-- (module definition)
                        C:\CPLD\intel\fenghuo_initial\BM_H13DSP_M\rtl\source\Pwr_seq\pwrseq_master.v (N/A, 2025-02-11 17:34:13) <-- (may instantiate this module)
                        C:\CPLD\intel\fenghuo_initial\BM_H13DSP_M\rtl\source\Pwr_seq\pwrseq_slave.v (N/A, 2025-02-27 16:04:57) <-- (may instantiate this module)
35       work.espi_link.verilog may have changed because the following files changed:
                        C:\CPLD\intel\fenghuo_initial\BM_H13DSP_M\rtl\include\BM_H13DSP_M_VA_PORT.v (N/A, 2025-09-23 10:27:12) <-- (may instantiate this module)
                        C:\CPLD\intel\fenghuo_initial\BM_H13DSP_M\rtl\include\pwrseq_define.vh (N/A, 2025-02-09 17:25:55) <-- (may instantiate this module)
                        C:\CPLD\intel\fenghuo_initial\BM_H13DSP_M\rtl\source\BM_H13DSP_M_TOP.v (N/A, 2025-03-13 18:29:31) <-- (may instantiate this module)
                        C:\CPLD\intel\fenghuo_initial\BM_H13DSP_M\rtl\source\ESPI_LINK\espi_link.v (N/A, 2023-02-08 15:56:07) <-- (module definition)
                        C:\CPLD\intel\fenghuo_initial\BM_H13DSP_M\rtl\source\Pwr_seq\pwrseq_master.v (N/A, 2025-02-11 17:34:13) <-- (may instantiate this module)
                        C:\CPLD\intel\fenghuo_initial\BM_H13DSP_M\rtl\source\Pwr_seq\pwrseq_slave.v (N/A, 2025-02-27 16:04:57) <-- (may instantiate this module)
36       work.extrst_evt_count.verilog may have changed because the following files changed:
                        C:\CPLD\intel\fenghuo_initial\BM_H13DSP_M\rtl\source\common\extrst_evt_count.v (N/A, 2024-12-27 20:25:58) <-- (module definition)
37       work.fault_detectA_chklive.verilog may have changed because the following files changed:
                        C:\CPLD\intel\fenghuo_initial\BM_H13DSP_M\rtl\source\Power_Fault\fault_detectA_chklive.v (N/A, 2025-02-10 14:56:41) <-- (module definition)
38       work.fault_detectB_chklive.verilog may have changed because the following files changed:
                        C:\CPLD\intel\fenghuo_initial\BM_H13DSP_M\rtl\include\BM_H13DSP_M_VA_PORT.v (N/A, 2025-09-23 10:27:12) <-- (may instantiate this module)
                        C:\CPLD\intel\fenghuo_initial\BM_H13DSP_M\rtl\include\pwrseq_define.vh (N/A, 2025-02-09 17:25:55) <-- (may instantiate this module)
                        C:\CPLD\intel\fenghuo_initial\BM_H13DSP_M\rtl\source\BM_H13DSP_M_TOP.v (N/A, 2025-03-13 18:29:31) <-- (may instantiate this module)
                        C:\CPLD\intel\fenghuo_initial\BM_H13DSP_M\rtl\source\Power_Fault\fault_detectA_chklive.v (N/A, 2025-02-10 14:56:41) <-- (may instantiate this module)
                        C:\CPLD\intel\fenghuo_initial\BM_H13DSP_M\rtl\source\Power_Fault\fault_detectB_chklive.v (N/A, 2022-11-30 10:54:16) <-- (module definition)
                        C:\CPLD\intel\fenghuo_initial\BM_H13DSP_M\rtl\source\Pwr_seq\pwrseq_master.v (N/A, 2025-02-11 17:34:13) <-- (may instantiate this module)
                        C:\CPLD\intel\fenghuo_initial\BM_H13DSP_M\rtl\source\Pwr_seq\pwrseq_slave.v (N/A, 2025-02-27 16:04:57) <-- (may instantiate this module)
                        C:\CPLD\intel\fenghuo_initial\BM_H13DSP_M\rtl\source\common\cpu_thermtrip.v (N/A, 2025-02-11 11:52:06) <-- (may instantiate this module)
39       work.genCntr.verilog may have changed because the following files changed:
                        C:\CPLD\intel\fenghuo_initial\BM_H13DSP_M\rtl\source\common\genCntr.v (N/A, 2022-12-02 15:43:56) <-- (module definition)
40       work.i2c_slave_basic0.verilog may have changed because the following files changed:
                        C:\CPLD\intel\fenghuo_initial\BM_H13DSP_M\rtl\include\BM_H13DSP_M_VA_PORT.v (N/A, 2025-09-23 10:27:12) <-- (may instantiate this module)
                        C:\CPLD\intel\fenghuo_initial\BM_H13DSP_M\rtl\include\pwrseq_define.vh (N/A, 2025-02-09 17:25:55) <-- (may instantiate this module)
                        C:\CPLD\intel\fenghuo_initial\BM_H13DSP_M\rtl\source\BM_H13DSP_M_TOP.v (N/A, 2025-03-13 18:29:31) <-- (may instantiate this module)
                        C:\CPLD\intel\fenghuo_initial\BM_H13DSP_M\rtl\source\Pwr_seq\pwrseq_master.v (N/A, 2025-02-11 17:34:13) <-- (may instantiate this module)
                        C:\CPLD\intel\fenghuo_initial\BM_H13DSP_M\rtl\source\Pwr_seq\pwrseq_slave.v (N/A, 2025-02-27 16:04:57) <-- (may instantiate this module)
                        C:\CPLD\intel\fenghuo_initial\BM_H13DSP_M\rtl\source\bios_i2c\bios_cpld_i2c_ram.v (N/A, 2025-03-07 17:31:16) <-- (may instantiate this module)
                        C:\CPLD\intel\fenghuo_initial\BM_H13DSP_M\rtl\source\bmc_i2c\bmc_cpld_i2c_ram.v (N/A, 2025-03-13 18:29:28) <-- (may instantiate this module)
                        C:\CPLD\intel\fenghuo_initial\BM_H13DSP_M\rtl\source\bmc_i2c\i2c_slave_basic0.v (N/A, 2024-12-27 20:50:03) <-- (module definition)
                        C:\CPLD\intel\fenghuo_initial\BM_H13DSP_M\rtl\source\bmc_i2c\i2c_slave_bmc.v (N/A, 2024-12-27 20:50:13) <-- (may instantiate this module)
41       work.i2c_slave_bmc.verilog may have changed because the following files changed:
                        C:\CPLD\intel\fenghuo_initial\BM_H13DSP_M\rtl\include\BM_H13DSP_M_VA_PORT.v (N/A, 2025-09-23 10:27:12) <-- (may instantiate this module)
                        C:\CPLD\intel\fenghuo_initial\BM_H13DSP_M\rtl\include\pwrseq_define.vh (N/A, 2025-02-09 17:25:55) <-- (may instantiate this module)
                        C:\CPLD\intel\fenghuo_initial\BM_H13DSP_M\rtl\source\BM_H13DSP_M_TOP.v (N/A, 2025-03-13 18:29:31) <-- (may instantiate this module)
                        C:\CPLD\intel\fenghuo_initial\BM_H13DSP_M\rtl\source\Pwr_seq\pwrseq_master.v (N/A, 2025-02-11 17:34:13) <-- (may instantiate this module)
                        C:\CPLD\intel\fenghuo_initial\BM_H13DSP_M\rtl\source\Pwr_seq\pwrseq_slave.v (N/A, 2025-02-27 16:04:57) <-- (may instantiate this module)
                        C:\CPLD\intel\fenghuo_initial\BM_H13DSP_M\rtl\source\bios_i2c\bios_cpld_i2c_ram.v (N/A, 2025-03-07 17:31:16) <-- (may instantiate this module)
                        C:\CPLD\intel\fenghuo_initial\BM_H13DSP_M\rtl\source\bmc_i2c\bmc_cpld_i2c_ram.v (N/A, 2025-03-13 18:29:28) <-- (may instantiate this module)
                        C:\CPLD\intel\fenghuo_initial\BM_H13DSP_M\rtl\source\bmc_i2c\i2c_slave_bmc.v (N/A, 2024-12-27 20:50:13) <-- (module definition)
42       work.lowpass_filter.verilog may have changed because the following files changed:
                        C:\CPLD\intel\fenghuo_initial\BM_H13DSP_M\rtl\include\BM_H13DSP_M_VA_PORT.v (N/A, 2025-09-23 10:27:12) <-- (may instantiate this module)
                        C:\CPLD\intel\fenghuo_initial\BM_H13DSP_M\rtl\include\pwrseq_define.vh (N/A, 2025-02-09 17:25:55) <-- (may instantiate this module)
                        C:\CPLD\intel\fenghuo_initial\BM_H13DSP_M\rtl\source\BM_H13DSP_M_TOP.v (N/A, 2025-03-13 18:29:31) <-- (may instantiate this module)
                        C:\CPLD\intel\fenghuo_initial\BM_H13DSP_M\rtl\source\Pwr_But_Ctrl\Pwr_But_Ctrl.v (N/A, 2023-11-20 15:29:04) <-- (may instantiate this module)
                        C:\CPLD\intel\fenghuo_initial\BM_H13DSP_M\rtl\source\Pwr_seq\pwrseq_master.v (N/A, 2025-02-11 17:34:13) <-- (may instantiate this module)
                        C:\CPLD\intel\fenghuo_initial\BM_H13DSP_M\rtl\source\Pwr_seq\pwrseq_slave.v (N/A, 2025-02-27 16:04:57) <-- (may instantiate this module)
                        C:\CPLD\intel\fenghuo_initial\BM_H13DSP_M\rtl\source\common\lowpass_filter.v (N/A, 2022-12-02 15:43:56) <-- (module definition)
                        C:\CPLD\intel\fenghuo_initial\BM_H13DSP_M\rtl\source\common\system_rst.v (N/A, 2025-02-10 19:45:06) <-- (may instantiate this module)
43       work.p2s_slave.verilog may have changed because the following files changed:
                        C:\CPLD\intel\fenghuo_initial\BM_H13DSP_M\rtl\include\BM_H13DSP_M_VA_PORT.v (N/A, 2025-09-23 10:27:12) <-- (may instantiate this module)
                        C:\CPLD\intel\fenghuo_initial\BM_H13DSP_M\rtl\include\pwrseq_define.vh (N/A, 2025-02-09 17:25:55) <-- (may instantiate this module)
                        C:\CPLD\intel\fenghuo_initial\BM_H13DSP_M\rtl\source\BM_H13DSP_M_TOP.v (N/A, 2025-03-13 18:29:31) <-- (may instantiate this module)
                        C:\CPLD\intel\fenghuo_initial\BM_H13DSP_M\rtl\source\Pwr_seq\pwrseq_master.v (N/A, 2025-02-11 17:34:13) <-- (may instantiate this module)
                        C:\CPLD\intel\fenghuo_initial\BM_H13DSP_M\rtl\source\Pwr_seq\pwrseq_slave.v (N/A, 2025-02-27 16:04:57) <-- (may instantiate this module)
                        C:\CPLD\intel\fenghuo_initial\BM_H13DSP_M\rtl\source\SGPIO_MASTER\p2s_slave.v (N/A, 2025-02-27 16:00:00) <-- (module definition)
44       work.pch_cpld_espi_ram.verilog may have changed because the following files changed:
                        C:\CPLD\intel\fenghuo_initial\BM_H13DSP_M\rtl\include\BM_H13DSP_M_VA_PORT.v (N/A, 2025-09-23 10:27:12) <-- (may instantiate this module)
                        C:\CPLD\intel\fenghuo_initial\BM_H13DSP_M\rtl\include\pwrseq_define.vh (N/A, 2025-02-09 17:25:55) <-- (may instantiate this module)
                        C:\CPLD\intel\fenghuo_initial\BM_H13DSP_M\rtl\source\BM_H13DSP_M_TOP.v (N/A, 2025-03-13 18:29:31) <-- (may instantiate this module)
                        C:\CPLD\intel\fenghuo_initial\BM_H13DSP_M\rtl\source\ESPI_LINK\pch_cpld_espi_ram.v (N/A, 2025-01-21 20:01:16) <-- (module definition)
                        C:\CPLD\intel\fenghuo_initial\BM_H13DSP_M\rtl\source\Pwr_seq\pwrseq_master.v (N/A, 2025-02-11 17:34:13) <-- (may instantiate this module)
                        C:\CPLD\intel\fenghuo_initial\BM_H13DSP_M\rtl\source\Pwr_seq\pwrseq_slave.v (N/A, 2025-02-27 16:04:57) <-- (may instantiate this module)
45       work.pcie_dync_alloc.verilog may have changed because the following files changed:
                        C:\CPLD\intel\fenghuo_initial\BM_H13DSP_M\rtl\include\BM_H13DSP_M_VA_PORT.v (N/A, 2025-09-23 10:27:12) <-- (may instantiate this module)
                        C:\CPLD\intel\fenghuo_initial\BM_H13DSP_M\rtl\include\pwrseq_define.vh (N/A, 2025-02-09 17:25:55) <-- (may instantiate this module)
                        C:\CPLD\intel\fenghuo_initial\BM_H13DSP_M\rtl\source\BM_H13DSP_M_TOP.v (N/A, 2025-03-13 18:29:31) <-- (may instantiate this module)
                        C:\CPLD\intel\fenghuo_initial\BM_H13DSP_M\rtl\source\ESPI_LINK\pch_cpld_espi_ram.v (N/A, 2025-01-21 20:01:16) <-- (may instantiate this module)
                        C:\CPLD\intel\fenghuo_initial\BM_H13DSP_M\rtl\source\ESPI_LINK\pcie_dync_alloc.v (N/A, 2025-02-26 14:08:56) <-- (module definition)
                        C:\CPLD\intel\fenghuo_initial\BM_H13DSP_M\rtl\source\Pwr_seq\pwrseq_master.v (N/A, 2025-02-11 17:34:13) <-- (may instantiate this module)
                        C:\CPLD\intel\fenghuo_initial\BM_H13DSP_M\rtl\source\Pwr_seq\pwrseq_slave.v (N/A, 2025-02-27 16:04:57) <-- (may instantiate this module)
                        C:\CPLD\intel\fenghuo_initial\BM_H13DSP_M\rtl\source\bios_i2c\bios_cpld_i2c_ram.v (N/A, 2025-03-07 17:31:16) <-- (may instantiate this module)
46       work.pll_i25M_o50M_o25M.verilog may have changed because the following files changed:
                        C:\CPLD\intel\fenghuo_initial\BM_H13DSP_M\rtl\include\BM_H13DSP_M_VA_PORT.v (N/A, 2025-09-23 10:27:12) <-- (may instantiate this module)
                        C:\CPLD\intel\fenghuo_initial\BM_H13DSP_M\rtl\include\pwrseq_define.vh (N/A, 2025-02-09 17:25:55) <-- (may instantiate this module)
                        C:\CPLD\intel\fenghuo_initial\BM_H13DSP_M\rtl\source\BM_H13DSP_M_TOP.v (N/A, 2025-03-13 18:29:31) <-- (may instantiate this module)
                        C:\CPLD\intel\fenghuo_initial\BM_H13DSP_M\rtl\source\PLL\pll_i25M_o50M_o25M.v (N/A, 2025-02-09 16:50:43) <-- (module definition)
                        C:\CPLD\intel\fenghuo_initial\BM_H13DSP_M\rtl\source\Pwr_seq\pwrseq_master.v (N/A, 2025-02-11 17:34:13) <-- (may instantiate this module)
                        C:\CPLD\intel\fenghuo_initial\BM_H13DSP_M\rtl\source\Pwr_seq\pwrseq_slave.v (N/A, 2025-02-27 16:04:57) <-- (may instantiate this module)
47       work.pon_reset.verilog may have changed because the following files changed:
                        C:\CPLD\intel\fenghuo_initial\BM_H13DSP_M\rtl\include\BM_H13DSP_M_VA_PORT.v (N/A, 2025-09-23 10:27:12) <-- (may instantiate this module)
                        C:\CPLD\intel\fenghuo_initial\BM_H13DSP_M\rtl\include\pwrseq_define.vh (N/A, 2025-02-09 17:25:55) <-- (may instantiate this module)
                        C:\CPLD\intel\fenghuo_initial\BM_H13DSP_M\rtl\source\BM_H13DSP_M_TOP.v (N/A, 2025-03-13 18:29:31) <-- (may instantiate this module)
                        C:\CPLD\intel\fenghuo_initial\BM_H13DSP_M\rtl\source\Pwr_seq\pwrseq_master.v (N/A, 2025-02-11 17:34:13) <-- (may instantiate this module)
                        C:\CPLD\intel\fenghuo_initial\BM_H13DSP_M\rtl\source\Pwr_seq\pwrseq_slave.v (N/A, 2025-02-27 16:04:57) <-- (may instantiate this module)
                        C:\CPLD\intel\fenghuo_initial\BM_H13DSP_M\rtl\source\common\pon_reset.v (N/A, 2022-11-30 10:12:18) <-- (module definition)
48       work.pvt_gpi.verilog may have changed because the following files changed:
                        C:\CPLD\intel\fenghuo_initial\BM_H13DSP_M\rtl\include\BM_H13DSP_M_VA_PORT.v (N/A, 2025-09-23 10:27:12) <-- (may instantiate this module)
                        C:\CPLD\intel\fenghuo_initial\BM_H13DSP_M\rtl\include\pwrseq_define.vh (N/A, 2025-02-09 17:25:55) <-- (may instantiate this module)
                        C:\CPLD\intel\fenghuo_initial\BM_H13DSP_M\rtl\source\74LV165\pvt_gpi.v (N/A, 2022-12-01 22:01:12) <-- (module definition)
                        C:\CPLD\intel\fenghuo_initial\BM_H13DSP_M\rtl\source\BM_H13DSP_M_TOP.v (N/A, 2025-03-13 18:29:31) <-- (may instantiate this module)
                        C:\CPLD\intel\fenghuo_initial\BM_H13DSP_M\rtl\source\Pwr_seq\pwrseq_master.v (N/A, 2025-02-11 17:34:13) <-- (may instantiate this module)
                        C:\CPLD\intel\fenghuo_initial\BM_H13DSP_M\rtl\source\Pwr_seq\pwrseq_slave.v (N/A, 2025-02-27 16:04:57) <-- (may instantiate this module)
49       work.pwrseq_master.verilog may have changed because the following files changed:
                        C:\CPLD\intel\fenghuo_initial\BM_H13DSP_M\rtl\include\BM_H13DSP_M_VA_PORT.v (N/A, 2025-09-23 10:27:12) <-- (may instantiate this module)
                        C:\CPLD\intel\fenghuo_initial\BM_H13DSP_M\rtl\include\pwrseq_define.vh (N/A, 2025-02-09 17:25:55) <-- (may instantiate this module)
                        C:\CPLD\intel\fenghuo_initial\BM_H13DSP_M\rtl\source\BM_H13DSP_M_TOP.v (N/A, 2025-03-13 18:29:31) <-- (may instantiate this module)
                        C:\CPLD\intel\fenghuo_initial\BM_H13DSP_M\rtl\source\Pwr_seq\pwrseq_master.v (N/A, 2025-02-11 17:34:13) <-- (module definition)
                        C:\CPLD\intel\fenghuo_initial\BM_H13DSP_M\rtl\source\Pwr_seq\pwrseq_slave.v (N/A, 2025-02-27 16:04:57) <-- (may instantiate this module)
50       work.pwrseq_slave.verilog may have changed because the following files changed:
                        C:\CPLD\intel\fenghuo_initial\BM_H13DSP_M\rtl\include\BM_H13DSP_M_VA_PORT.v (N/A, 2025-09-23 10:27:12) <-- (may instantiate this module)
                        C:\CPLD\intel\fenghuo_initial\BM_H13DSP_M\rtl\include\pwrseq_define.vh (N/A, 2025-02-09 17:25:55) <-- (may instantiate this module)
                        C:\CPLD\intel\fenghuo_initial\BM_H13DSP_M\rtl\source\BM_H13DSP_M_TOP.v (N/A, 2025-03-13 18:29:31) <-- (may instantiate this module)
                        C:\CPLD\intel\fenghuo_initial\BM_H13DSP_M\rtl\source\Pwr_seq\pwrseq_master.v (N/A, 2025-02-11 17:34:13) <-- (may instantiate this module)
                        C:\CPLD\intel\fenghuo_initial\BM_H13DSP_M\rtl\source\Pwr_seq\pwrseq_slave.v (N/A, 2025-02-27 16:04:57) <-- (module definition)
55       work.s2p_164.verilog may have changed because the following files changed:
                        C:\CPLD\intel\fenghuo_initial\BM_H13DSP_M\rtl\include\BM_H13DSP_M_VA_PORT.v (N/A, 2025-09-23 10:27:12) <-- (may instantiate this module)
                        C:\CPLD\intel\fenghuo_initial\BM_H13DSP_M\rtl\include\pwrseq_define.vh (N/A, 2025-02-09 17:25:55) <-- (may instantiate this module)
                        C:\CPLD\intel\fenghuo_initial\BM_H13DSP_M\rtl\source\74HC164\s2p_164.v (N/A, 2024-02-22 14:51:23) <-- (module definition)
                        C:\CPLD\intel\fenghuo_initial\BM_H13DSP_M\rtl\source\BM_H13DSP_M_TOP.v (N/A, 2025-03-13 18:29:31) <-- (may instantiate this module)
                        C:\CPLD\intel\fenghuo_initial\BM_H13DSP_M\rtl\source\Pwr_seq\pwrseq_master.v (N/A, 2025-02-11 17:34:13) <-- (may instantiate this module)
                        C:\CPLD\intel\fenghuo_initial\BM_H13DSP_M\rtl\source\Pwr_seq\pwrseq_slave.v (N/A, 2025-02-27 16:04:57) <-- (may instantiate this module)
51       work.s2p_master.verilog may have changed because the following files changed:
                        C:\CPLD\intel\fenghuo_initial\BM_H13DSP_M\rtl\include\BM_H13DSP_M_VA_PORT.v (N/A, 2025-09-23 10:27:12) <-- (may instantiate this module)
                        C:\CPLD\intel\fenghuo_initial\BM_H13DSP_M\rtl\include\pwrseq_define.vh (N/A, 2025-02-09 17:25:55) <-- (may instantiate this module)
                        C:\CPLD\intel\fenghuo_initial\BM_H13DSP_M\rtl\source\BM_H13DSP_M_TOP.v (N/A, 2025-03-13 18:29:31) <-- (may instantiate this module)
                        C:\CPLD\intel\fenghuo_initial\BM_H13DSP_M\rtl\source\Pwr_seq\pwrseq_master.v (N/A, 2025-02-11 17:34:13) <-- (may instantiate this module)
                        C:\CPLD\intel\fenghuo_initial\BM_H13DSP_M\rtl\source\Pwr_seq\pwrseq_slave.v (N/A, 2025-02-27 16:04:57) <-- (may instantiate this module)
                        C:\CPLD\intel\fenghuo_initial\BM_H13DSP_M\rtl\source\SGPIO_MASTER\s2p_master.v (N/A, 2022-11-30 10:22:54) <-- (module definition)
52       work.system_rst.verilog may have changed because the following files changed:
                        C:\CPLD\intel\fenghuo_initial\BM_H13DSP_M\rtl\include\BM_H13DSP_M_VA_PORT.v (N/A, 2025-09-23 10:27:12) <-- (may instantiate this module)
                        C:\CPLD\intel\fenghuo_initial\BM_H13DSP_M\rtl\include\pwrseq_define.vh (N/A, 2025-02-09 17:25:55) <-- (may instantiate this module)
                        C:\CPLD\intel\fenghuo_initial\BM_H13DSP_M\rtl\source\BM_H13DSP_M_TOP.v (N/A, 2025-03-13 18:29:31) <-- (may instantiate this module)
                        C:\CPLD\intel\fenghuo_initial\BM_H13DSP_M\rtl\source\Pwr_seq\pwrseq_master.v (N/A, 2025-02-11 17:34:13) <-- (may instantiate this module)
                        C:\CPLD\intel\fenghuo_initial\BM_H13DSP_M\rtl\source\Pwr_seq\pwrseq_slave.v (N/A, 2025-02-27 16:04:57) <-- (may instantiate this module)
                        C:\CPLD\intel\fenghuo_initial\BM_H13DSP_M\rtl\source\common\system_rst.v (N/A, 2025-02-10 19:45:06) <-- (module definition)
53       work.timer_gen.verilog may have changed because the following files changed:
                        C:\CPLD\intel\fenghuo_initial\BM_H13DSP_M\rtl\include\BM_H13DSP_M_VA_PORT.v (N/A, 2025-09-23 10:27:12) <-- (may instantiate this module)
                        C:\CPLD\intel\fenghuo_initial\BM_H13DSP_M\rtl\include\pwrseq_define.vh (N/A, 2025-02-09 17:25:55) <-- (may instantiate this module)
                        C:\CPLD\intel\fenghuo_initial\BM_H13DSP_M\rtl\source\BM_H13DSP_M_TOP.v (N/A, 2025-03-13 18:29:31) <-- (may instantiate this module)
                        C:\CPLD\intel\fenghuo_initial\BM_H13DSP_M\rtl\source\Pwr_seq\pwrseq_master.v (N/A, 2025-02-11 17:34:13) <-- (may instantiate this module)
                        C:\CPLD\intel\fenghuo_initial\BM_H13DSP_M\rtl\source\Pwr_seq\pwrseq_slave.v (N/A, 2025-02-27 16:04:57) <-- (may instantiate this module)
                        C:\CPLD\intel\fenghuo_initial\BM_H13DSP_M\rtl\source\common\timer_gen_50mhz.v (N/A, 2022-12-21 10:23:35) <-- (module definition)

*******************************************************************
Unmodified files: 0
FID:  path (timestamp)

*******************************************************************
Unchanged modules: 0
MID:  lib.cell.view
