{
"Synplify Pro (R) Job Log" : {
	"Date" : "16:01:47    18-Nov-2025",
	"Working Directory" : "D:/FH_MB_powerup_1106_shixu_ok_exit_fault_change_right_addcpuprsnt_ok_add_pull_down_add_pwrbmc_ctrl/MB/09/BM_H13DSP_M/pro/impl1",
	"Install" : "C:/lscc/diamond/3_14/synpbase"
},
"impl1" :{
   "Job Flow" : "Sequential",
   "Start Time" : "16:00:44",
   "Runtime" : "01m:03s",
   "Executable Run Time" : "01m:01s",
   "synthesis" : {
      "Job Flow" : "Sequential",
      "Start Time" : "16:00:44",
      "Runtime" : "01m:03s",
      "Executable Run Time" : "01m:01s",
      "compile" : {
         "Job Flow" : "Sequential",
         "Start Time" : "16:00:44",
         "Runtime" : "34s",
         "Executable Run Time" : "33s",
         "compile_flow" : {
            "Job Flow" : "Sequential",
            "Start Time" : "16:00:44",
            "Runtime" : "27s",
            "Executable Run Time" : "26s",
            "compiler" : {
               "executable" : "bin64/c_hdl.exe",
               "Run Directory" : "D:/FH_MB_powerup_1106_shixu_ok_exit_fault_change_right_addcpuprsnt_ok_add_pull_down_add_pwrbmc_ctrl/MB/09/BM_H13DSP_M/pro/impl1",
               "Run State" : "Complete",
               "Return Code" : "0",
               "Has Errors" : "no",
               "Run Start Time" : "16:00:44",
               "Run Time" : "26s",
               "Exe Run Time" : "25s",
               "Memory Usage" : "-",
               "Up-to-date (run skipped)" : "no"
            },
            "multi_srs_gen" : {
               "executable" : "bin64/syn_nfilter.exe",
               "Run Directory" : "D:/FH_MB_powerup_1106_shixu_ok_exit_fault_change_right_addcpuprsnt_ok_add_pull_down_add_pwrbmc_ctrl/MB/09/BM_H13DSP_M/pro/impl1",
               "Run State" : "Complete",
               "Return Code" : "0",
               "Has Errors" : "no",
               "Run Start Time" : "16:01:10",
               "Run Time" : "01s",
               "Exe Run Time" : "01s",
               "Memory Usage" : "-",
               "Up-to-date (run skipped)" : "no"
            }
         },
         "premap" : {
            "executable" : "bin64/m_gen_lattice.exe",
            "Run Directory" : "D:/FH_MB_powerup_1106_shixu_ok_exit_fault_change_right_addcpuprsnt_ok_add_pull_down_add_pwrbmc_ctrl/MB/09/BM_H13DSP_M/pro/impl1",
            "Run State" : "Complete",
            "Return Code" : "1",
            "Has Errors" : "no",
            "Run Start Time" : "16:01:11",
            "Run Time" : "07s",
            "Exe Run Time" : "07s",
            "Memory Usage" : "-",
            "Up-to-date (run skipped)" : "no"
         }
      },
      "map" : {
         "Job Flow" : "Sequential",
         "Start Time" : "16:01:19",
         "Runtime" : "28s",
         "Executable Run Time" : "28s",
         "fpga_mapper" : {
            "executable" : "bin64/m_gen_lattice.exe",
            "Run Directory" : "D:/FH_MB_powerup_1106_shixu_ok_exit_fault_change_right_addcpuprsnt_ok_add_pull_down_add_pwrbmc_ctrl/MB/09/BM_H13DSP_M/pro/impl1",
            "Run State" : "Complete",
            "Return Code" : "1",
            "Has Errors" : "no",
            "Run Start Time" : "16:01:19",
            "Run Time" : "28s",
            "Exe Run Time" : "28s",
            "Memory Usage" : "-",
            "Up-to-date (run skipped)" : "no"
         }
      }
   }
}
}