SCUBA, Version Diamond (64-bit) 3.12.0.240.2
Thu Feb 06 21:43:24 2025
  
Copyright (c) 1991-1994 by NeoCAD Inc. All rights reserved.
Copyright (c) 1995 AT&T Corp.   All rights reserved.
Copyright (c) 1995-2001 Lucent Technologies Inc.  All rights reserved.
Copyright (c) 2001 Agere Systems   All rights reserved.
Copyright (c) 2002-2020 Lattice Semiconductor Corporation,  All rights reserved.
  
BEGIN SCUBA Module Synthesis
  
    Issued command   : D:\lscc\diamond\3.12\ispfpga\bin\nt64\scuba.exe -w -n I2C_UPDATE -lang verilog -synth synplify -bus_exp 7 -bb -type efb -arch xo3c00f -freq 4.29 -i2c1config -i2c1_freq 100 -i2c1_sa 1000001 -i2c1_addr 7 -ufm -ufm_ebr 2045 -mem_size 1 -ufm_0 -wb -dev 6900 
    Circuit name     : I2C_UPDATE
    Module type      : efb
    Module Version   : 1.2
    Ports            : 
    Inputs       : wb_clk_i, wb_rst_i, wb_cyc_i, wb_stb_i, wb_we_i, wb_adr_i[7:0], wb_dat_i[7:0]
    Outputs      : wb_dat_o[7:0], wb_ack_o, i2c1_irqo, wbc_ufm_irq
    Inouts       : i2c1_scl, i2c1_sda
    I/O buffer       : not inserted
    EDIF output      : I2C_UPDATE.edn
    Verilog output   : I2C_UPDATE.v
    Verilog template : I2C_UPDATE_tmpl.v
    Verilog purpose  : for synthesis and simulation
    Bus notation     : big endian
    Report output    : I2C_UPDATE.srp
    Estimated Resource Usage:
  
END   SCUBA Module Synthesis

