{
"Synplify Pro (R) Job Log" : {
	"Date" : "14:50:01    18-Nov-2025",
	"Working Directory" : "D:/FH_MB_powerup_1106_shixu_ok_exit_fault_change_right_addcpuprsnt_ok_add_pull_down_add_pwrbmc_ctrl/MB/09/BM_H13DSP_S/pro/impl1",
	"Install" : "C:/lscc/diamond/3_14/synpbase"
},
"impl1" :{
   "Job Flow" : "Sequential",
   "Start Time" : "14:49:37",
   "Runtime" : "24s",
   "Executable Run Time" : "22s",
   "synthesis" : {
      "Job Flow" : "Sequential",
      "Start Time" : "14:49:37",
      "Runtime" : "24s",
      "Executable Run Time" : "22s",
      "compile" : {
         "Job Flow" : "Sequential",
         "Start Time" : "14:49:37",
         "Runtime" : "15s",
         "Executable Run Time" : "13s",
         "compile_flow" : {
            "Job Flow" : "Sequential",
            "Start Time" : "14:49:37",
            "Runtime" : "12s",
            "Executable Run Time" : "10s",
            "compiler" : {
               "executable" : "bin64/c_hdl.exe",
               "Run Directory" : "D:/FH_MB_powerup_1106_shixu_ok_exit_fault_change_right_addcpuprsnt_ok_add_pull_down_add_pwrbmc_ctrl/MB/09/BM_H13DSP_S/pro/impl1",
               "Run State" : "Complete",
               "Return Code" : "0",
               "Has Errors" : "no",
               "Run Start Time" : "14:49:37",
               "Run Time" : "12s",
               "Exe Run Time" : "10s",
               "Memory Usage" : "-",
               "Up-to-date (run skipped)" : "no"
            },
            "multi_srs_gen" : {
               "executable" : "bin64/syn_nfilter.exe",
               "Run Directory" : "D:/FH_MB_powerup_1106_shixu_ok_exit_fault_change_right_addcpuprsnt_ok_add_pull_down_add_pwrbmc_ctrl/MB/09/BM_H13DSP_S/pro/impl1",
               "Run State" : "Complete",
               "Return Code" : "0",
               "Has Errors" : "no",
               "Run Start Time" : "14:49:49",
               "Run Time" : "00s",
               "Exe Run Time" : "00s",
               "Memory Usage" : "-",
               "Up-to-date (run skipped)" : "no"
            }
         },
         "premap" : {
            "executable" : "bin64/m_gen_lattice.exe",
            "Run Directory" : "D:/FH_MB_powerup_1106_shixu_ok_exit_fault_change_right_addcpuprsnt_ok_add_pull_down_add_pwrbmc_ctrl/MB/09/BM_H13DSP_S/pro/impl1",
            "Run State" : "Complete",
            "Return Code" : "1",
            "Has Errors" : "no",
            "Run Start Time" : "14:49:49",
            "Run Time" : "03s",
            "Exe Run Time" : "03s",
            "Memory Usage" : "-",
            "Up-to-date (run skipped)" : "no"
         }
      },
      "map" : {
         "Job Flow" : "Sequential",
         "Start Time" : "14:49:52",
         "Runtime" : "09s",
         "Executable Run Time" : "09s",
         "fpga_mapper" : {
            "executable" : "bin64/m_gen_lattice.exe",
            "Run Directory" : "D:/FH_MB_powerup_1106_shixu_ok_exit_fault_change_right_addcpuprsnt_ok_add_pull_down_add_pwrbmc_ctrl/MB/09/BM_H13DSP_S/pro/impl1",
            "Run State" : "Complete",
            "Return Code" : "1",
            "Has Errors" : "no",
            "Run Start Time" : "14:49:52",
            "Run Time" : "09s",
            "Exe Run Time" : "09s",
            "Memory Usage" : "-",
            "Up-to-date (run skipped)" : "no"
         }
      }
   }
}
}