Resource Usage Report
Part: lcmxo3lf_6900c-5

Register bits: 1806 of 54912 (3%)
Latch bits:      44
PIC Latch:       0
I/O cells:       178

Details:
BB:             4
CCU2D:          155
EFB:            1
EHXPLLJ:        1
FD1P3AX:        56
FD1P3BX:        192
FD1P3DX:        1032
FD1S1AY:        32
FD1S1D:         12
FD1S3AX:        4
FD1S3BX:        151
FD1S3DX:        332
FD1S3IX:        1
GSR:            1
IB:             61
IFS1P3BX:       15
IFS1P3DX:       21
INV:            43
L6MUX21:        39
OB:             95
OBZ:            18
OFS1P3BX:       1
OFS1P3DX:       1
ORCALUT4:       2619
OSCH:           1
PFUMX:          119
PUR:            1
VHI:            54
VLO:            54
