C:\lscc\diamond\3_14\synpbase\bin64\c_hdl.exe  -osyn  "D:\ODM MB SWITCH_002_powerup_for_test\MB\09\BM_H13DSP_S\pro\impl1\synwork\BM_H13DSP_S_impl1_comp.srs"  -top  BM_H13DSP_S  -hdllog  "D:\ODM MB SWITCH_002_powerup_for_test\MB\09\BM_H13DSP_S\pro\impl1\synlog\BM_H13DSP_S_impl1_compiler.srr"  -encrypt  -mp  4  -verification_mode 0  -verilog  -prodtype  synplify_pro  -dspmac -fixsmult -infer_seqShift -nram -sdff_counter -divnmod -nostructver  -lattice   -I "D:\ODM MB SWITCH_002_powerup_for_test\MB\09\BM_H13DSP_S\rtl\include"  -I "D:\ODM MB SWITCH_002_powerup_for_test\MB\09\BM_H13DSP_S\pro"  -I "D:\ODM MB SWITCH_002_powerup_for_test\MB\09\BM_H13DSP_S\pro\impl1\"  -I C:\lscc\diamond\3_14\synpbase\lib   -v2001  -devicelib  C:\lscc\diamond\3_14\synpbase\lib\lucent\machxo3lf.v  -devicelib  C:\lscc\diamond\3_14\synpbase\lib\lucent\pmi_def.v  -encrypt  -pro  -dmgen  "D:\ODM MB SWITCH_002_powerup_for_test\MB\09\BM_H13DSP_S\pro\impl1\dm"  -ui -fid2 -ram -sharing on -ll 2000 -autosm  -D_MULTIPLE_FILE_COMPILATION_UNIT_  -lib work -fv2001 "D:\ODM MB SWITCH_002_powerup_for_test\MB\09\BM_H13DSP_S\rtl\source\BM_H13DSP_S_TOP.v" -lib work -fv2001 "D:\ODM MB SWITCH_002_powerup_for_test\MB\09\BM_H13DSP_S\rtl\source\common\ClkDiv.v" -lib work -fv2001 "D:\ODM MB SWITCH_002_powerup_for_test\MB\09\BM_H13DSP_S\rtl\source\common\ClkDivTree.v" -lib work -fv2001 "D:\ODM MB SWITCH_002_powerup_for_test\MB\09\BM_H13DSP_S\rtl\source\common\delay.v" -lib work -fv2001 "D:\ODM MB SWITCH_002_powerup_for_test\MB\09\BM_H13DSP_S\rtl\source\common\edge_delay.v" -lib work -fv2001 "D:\ODM MB SWITCH_002_powerup_for_test\MB\09\BM_H13DSP_S\rtl\source\common\edge_detect.v" -lib work -fv2001 "D:\ODM MB SWITCH_002_powerup_for_test\MB\09\BM_H13DSP_S\rtl\source\common\lowpass_filter.v" -lib work -fv2001 "D:\ODM MB SWITCH_002_powerup_for_test\MB\09\BM_H13DSP_S\rtl\source\common\pon_reset.v" -lib work -fv2001 "D:\ODM MB SWITCH_002_powerup_for_test\MB\09\BM_H13DSP_S\rtl\source\common\synclib.v" -lib work -fv2001 "D:\ODM MB SWITCH_002_powerup_for_test\MB\09\BM_H13DSP_S\rtl\source\common\UID_Function.v" -lib work -fv2001 "D:\ODM MB SWITCH_002_powerup_for_test\MB\09\BM_H13DSP_S\rtl\source\common\timer_gen_50mhz.v" -lib work -fv2001 "D:\ODM MB SWITCH_002_powerup_for_test\MB\09\BM_H13DSP_S\rtl\source\74LV165\pvt_gpi.v" -lib work -fv2001 "D:\ODM MB SWITCH_002_powerup_for_test\MB\09\BM_H13DSP_S\rtl\source\bmc_i2c\bmc_cpld_i2c_ram.v" -lib work -fv2001 "D:\ODM MB SWITCH_002_powerup_for_test\MB\09\BM_H13DSP_S\rtl\source\bmc_i2c\i2c_slave_basic0.v" -lib work -fv2001 "D:\ODM MB SWITCH_002_powerup_for_test\MB\09\BM_H13DSP_S\rtl\source\bmc_i2c\i2c_slave_bmc.v" -lib work -fv2001 "D:\ODM MB SWITCH_002_powerup_for_test\MB\09\BM_H13DSP_S\rtl\source\uart\aux_uart_master.v" -lib work -fv2001 "D:\ODM MB SWITCH_002_powerup_for_test\MB\09\BM_H13DSP_S\rtl\source\uart\mcio_uart_master.v" -lib work -fv2001 "D:\ODM MB SWITCH_002_powerup_for_test\MB\09\BM_H13DSP_S\rtl\source\IIC_Update\I2C_UPDATE.v" -lib work -fv2001 "D:\ODM MB SWITCH_002_powerup_for_test\MB\09\BM_H13DSP_S\rtl\source\PLL\pll_i25M_o50M_o25M.v" -lib work -fv2001 "D:\ODM MB SWITCH_002_powerup_for_test\MB\09\BM_H13DSP_S\rtl\source\SGPIO_SLAVE\s2p_slave.v" -lib work -fv2001 "D:\ODM MB SWITCH_002_powerup_for_test\MB\09\BM_H13DSP_S\rtl\source\SGPIO_SLAVE\p2s_slave.v" -lib work -fv2001 "D:\ODM MB SWITCH_002_powerup_for_test\MB\09\BM_H13DSP_S\rtl\source\74HC164\s2p_164.v"  -jobname  "compiler" 
relcom:C:\lscc\diamond\3_14\synpbase\bin64\c_hdl.exe -osyn "D:\ODM MB SWITCH_002_powerup_for_test\MB\09\BM_H13DSP_S\pro\impl1\synwork\BM_H13DSP_S_impl1_comp.srs" -top BM_H13DSP_S -hdllog "D:\ODM MB SWITCH_002_powerup_for_test\MB\09\BM_H13DSP_S\pro\impl1\synlog\BM_H13DSP_S_impl1_compiler.srr" -encrypt -mp 4 -verification_mode 0 -verilog -prodtype synplify_pro -dspmac -fixsmult -infer_seqShift -nram -sdff_counter -divnmod -nostructver -lattice -I "D:\ODM MB SWITCH_002_powerup_for_test\MB\09\BM_H13DSP_S\rtl\include" -I "D:\ODM MB SWITCH_002_powerup_for_test\MB\09\BM_H13DSP_S\pro" -I "D:\ODM MB SWITCH_002_powerup_for_test\MB\09\BM_H13DSP_S\pro\impl1\" -I C:\lscc\diamond\3_14\synpbase\lib -v2001 -devicelib C:\lscc\diamond\3_14\synpbase\lib\lucent\machxo3lf.v -devicelib C:\lscc\diamond\3_14\synpbase\lib\lucent\pmi_def.v -encrypt -pro -dmgen "D:\ODM MB SWITCH_002_powerup_for_test\MB\09\BM_H13DSP_S\pro\impl1\dm" -ui -fid2 -ram -sharing on -ll 2000 -autosm -D_MULTIPLE_FILE_COMPILATION_UNIT_ -lib work -fv2001 "D:\ODM MB SWITCH_002_powerup_for_test\MB\09\BM_H13DSP_S\rtl\source\BM_H13DSP_S_TOP.v" -lib work -fv2001 "D:\ODM MB SWITCH_002_powerup_for_test\MB\09\BM_H13DSP_S\rtl\source\common\ClkDiv.v" -lib work -fv2001 "D:\ODM MB SWITCH_002_powerup_for_test\MB\09\BM_H13DSP_S\rtl\source\common\ClkDivTree.v" -lib work -fv2001 "D:\ODM MB SWITCH_002_powerup_for_test\MB\09\BM_H13DSP_S\rtl\source\common\delay.v" -lib work -fv2001 "D:\ODM MB SWITCH_002_powerup_for_test\MB\09\BM_H13DSP_S\rtl\source\common\edge_delay.v" -lib work -fv2001 "D:\ODM MB SWITCH_002_powerup_for_test\MB\09\BM_H13DSP_S\rtl\source\common\edge_detect.v" -lib work -fv2001 "D:\ODM MB SWITCH_002_powerup_for_test\MB\09\BM_H13DSP_S\rtl\source\common\lowpass_filter.v" -lib work -fv2001 "D:\ODM MB SWITCH_002_powerup_for_test\MB\09\BM_H13DSP_S\rtl\source\common\pon_reset.v" -lib work -fv2001 "D:\ODM MB SWITCH_002_powerup_for_test\MB\09\BM_H13DSP_S\rtl\source\common\synclib.v" -lib work -fv2001 "D:\ODM MB SWITCH_002_powerup_for_test\MB\09\BM_H13DSP_S\rtl\source\common\UID_Function.v" -lib work -fv2001 "D:\ODM MB SWITCH_002_powerup_for_test\MB\09\BM_H13DSP_S\rtl\source\common\timer_gen_50mhz.v" -lib work -fv2001 "D:\ODM MB SWITCH_002_powerup_for_test\MB\09\BM_H13DSP_S\rtl\source\74LV165\pvt_gpi.v" -lib work -fv2001 "D:\ODM MB SWITCH_002_powerup_for_test\MB\09\BM_H13DSP_S\rtl\source\bmc_i2c\bmc_cpld_i2c_ram.v" -lib work -fv2001 "D:\ODM MB SWITCH_002_powerup_for_test\MB\09\BM_H13DSP_S\rtl\source\bmc_i2c\i2c_slave_basic0.v" -lib work -fv2001 "D:\ODM MB SWITCH_002_powerup_for_test\MB\09\BM_H13DSP_S\rtl\source\bmc_i2c\i2c_slave_bmc.v" -lib work -fv2001 "D:\ODM MB SWITCH_002_powerup_for_test\MB\09\BM_H13DSP_S\rtl\source\uart\aux_uart_master.v" -lib work -fv2001 "D:\ODM MB SWITCH_002_powerup_for_test\MB\09\BM_H13DSP_S\rtl\source\uart\mcio_uart_master.v" -lib work -fv2001 "D:\ODM MB SWITCH_002_powerup_for_test\MB\09\BM_H13DSP_S\rtl\source\IIC_Update\I2C_UPDATE.v" -lib work -fv2001 "D:\ODM MB SWITCH_002_powerup_for_test\MB\09\BM_H13DSP_S\rtl\source\PLL\pll_i25M_o50M_o25M.v" -lib work -fv2001 "D:\ODM MB SWITCH_002_powerup_for_test\MB\09\BM_H13DSP_S\rtl\source\SGPIO_SLAVE\s2p_slave.v" -lib work -fv2001 "D:\ODM MB SWITCH_002_powerup_for_test\MB\09\BM_H13DSP_S\rtl\source\SGPIO_SLAVE\p2s_slave.v" -lib work -fv2001 "D:\ODM MB SWITCH_002_powerup_for_test\MB\09\BM_H13DSP_S\rtl\source\74HC164\s2p_164.v" -jobname "compiler"
rc:0 success:1 runtime:14
file:..\synwork\bm_h13dsp_s_impl1_comp.srs|io:o|time:1762158437|size:85450|exec:0|csum:
file:..\synlog\bm_h13dsp_s_impl1_compiler.srr|io:o|time:1762158437|size:59028|exec:0|csum:
file:c:\lscc\diamond\3_14\synpbase\lib\lucent\machxo3lf.v|io:i|time:1726552933|size:48881|exec:0|csum:ED660AD7FCEAF9F2A957D1F551DD63E7
file:c:\lscc\diamond\3_14\synpbase\lib\lucent\pmi_def.v|io:i|time:1727134390|size:40584|exec:0|csum:62845CEC2BB6FEBE1BA059B1E18015F4
file:.\-fv2001|io:i|time:0|size:-1|exec:0|csum:
file:..\..\..\rtl\source\bm_h13dsp_s_top.v|io:i|time:1762158366|size:141419|exec:0|csum:B45C9FE22DF8A9E8B1E6BD7A72C87E6D
file:.\-fv2001|io:i|time:0|size:-1|exec:0|csum:
file:..\..\..\rtl\source\common\clkdiv.v|io:i|time:1655381815|size:5070|exec:0|csum:CCF751086A0C687CB2EC28DAD94CEA5C
file:.\-fv2001|io:i|time:0|size:-1|exec:0|csum:
file:..\..\..\rtl\source\common\clkdivtree.v|io:i|time:1683958557|size:5263|exec:0|csum:1D7731C66CE55E4DCAFC40B510D7A2A2
file:.\-fv2001|io:i|time:0|size:-1|exec:0|csum:
file:..\..\..\rtl\source\common\delay.v|io:i|time:1670334753|size:1845|exec:0|csum:B13625735B4E2DCCF30E0C0CBAA49859
file:.\-fv2001|io:i|time:0|size:-1|exec:0|csum:
file:..\..\..\rtl\source\common\edge_delay.v|io:i|time:1669777000|size:2635|exec:0|csum:FE4EC9828498BA91E51AE547F6AD318B
file:.\-fv2001|io:i|time:0|size:-1|exec:0|csum:
file:..\..\..\rtl\source\common\edge_detect.v|io:i|time:1669967036|size:2476|exec:0|csum:1077536694184205F49267DED2896C26
file:.\-fv2001|io:i|time:0|size:-1|exec:0|csum:
file:..\..\..\rtl\source\common\lowpass_filter.v|io:i|time:1669967036|size:2650|exec:0|csum:2CC4E17BD46BE0E58D171BF4EAF25D16
file:.\-fv2001|io:i|time:0|size:-1|exec:0|csum:
file:..\..\..\rtl\source\common\pon_reset.v|io:i|time:1669774338|size:3266|exec:0|csum:C80D00405F93AE1D0F515FA34C2635BD
file:.\-fv2001|io:i|time:0|size:-1|exec:0|csum:
file:..\..\..\rtl\source\common\synclib.v|io:i|time:1669774846|size:21598|exec:0|csum:301050A4091C771529348CD81D7A75BD
file:.\-fv2001|io:i|time:0|size:-1|exec:0|csum:
file:..\..\..\rtl\source\common\uid_function.v|io:i|time:1680765178|size:12848|exec:0|csum:6936BBC09F779B43B7F9D3D293E37A7D
file:.\-fv2001|io:i|time:0|size:-1|exec:0|csum:
file:..\..\..\rtl\source\common\timer_gen_50mhz.v|io:i|time:1738850111|size:6631|exec:0|csum:D63D4CEA16664C595C73BC0E85BD7E1E
file:.\-fv2001|io:i|time:0|size:-1|exec:0|csum:
file:..\..\..\rtl\source\74lv165\pvt_gpi.v|io:i|time:1669903272|size:2600|exec:0|csum:6DAE41EA540E72C8103523CED5ECE7EE
file:.\-fv2001|io:i|time:0|size:-1|exec:0|csum:
file:..\..\..\rtl\source\bmc_i2c\bmc_cpld_i2c_ram.v|io:i|time:1761373846|size:44621|exec:0|csum:A852D5643481F265C1B4902E6FF5F2BB
file:.\-fv2001|io:i|time:0|size:-1|exec:0|csum:
file:..\..\..\rtl\source\bmc_i2c\i2c_slave_basic0.v|io:i|time:1735303803|size:18709|exec:0|csum:DD5A7BEDC83C39E9EB5B718DEC2419F0
file:.\-fv2001|io:i|time:0|size:-1|exec:0|csum:
file:..\..\..\rtl\source\bmc_i2c\i2c_slave_bmc.v|io:i|time:1735303813|size:4971|exec:0|csum:9979A15CB857E2BE0565A6C786FC902D
file:.\-fv2001|io:i|time:0|size:-1|exec:0|csum:
file:..\..\..\rtl\source\uart\aux_uart_master.v|io:i|time:1741863522|size:7632|exec:0|csum:062839F093974877FC312D9E025594D8
file:.\-fv2001|io:i|time:0|size:-1|exec:0|csum:
file:..\..\..\rtl\source\uart\mcio_uart_master.v|io:i|time:1715680273|size:6201|exec:0|csum:0F5B937B0765158CCE446B6B06EBF76B
file:.\-fv2001|io:i|time:0|size:-1|exec:0|csum:
file:..\..\..\rtl\source\iic_update\i2c_update.v|io:i|time:1738849404|size:6143|exec:0|csum:DDED567C3781E6935A88D4AD96B68EBE
file:.\-fv2001|io:i|time:0|size:-1|exec:0|csum:
file:..\..\..\rtl\source\pll\pll_i25m_o50m_o25m.v|io:i|time:1738849510|size:4650|exec:0|csum:A623A6D730541A9899BDD7EE14A0BF49
file:.\-fv2001|io:i|time:0|size:-1|exec:0|csum:
file:..\..\..\rtl\source\sgpio_slave\s2p_slave.v|io:i|time:1670334047|size:2553|exec:0|csum:938081AC4D279833385061D73FE55657
file:.\-fv2001|io:i|time:0|size:-1|exec:0|csum:
file:..\..\..\rtl\source\sgpio_slave\p2s_slave.v|io:i|time:1670334022|size:2623|exec:0|csum:5B2C6FC00ED7738A9A01F086426E8807
file:.\-fv2001|io:i|time:0|size:-1|exec:0|csum:
file:..\..\..\rtl\source\74hc164\s2p_164.v|io:i|time:1708584683|size:2571|exec:0|csum:D8AF4ECBBCAA3DFB75B1CCE1E95F6CA2
file:c:\lscc\diamond\3_14\synpbase\bin64\c_hdl.exe|io:i|time:1727134361|size:7450624|exec:1|csum:A7411187494CA4C844650524343F7034
