
Copyright (C) 1994-2023 Synopsys, Inc.
This Synopsys software and all associated documentation are proprietary to Synopsys, Inc.
and may only be used pursuant to the terms and conditions of a written license agreement
with Synopsys, Inc. All other use, reproduction, modification, or distribution of the
Synopsys software or the associated documentation is strictly prohibited.
Tool: Synplify Pro (R)
Build: V-2023.09L-2
Install: C:\lscc\diamond\3_14\synpbase
OS: Windows 10 or later
Hostname: X02567XL

Implementation : impl1

# Written on Mon Nov  3 16:27:19 2025

##### FILES SYNTAX CHECKED ##############################################
Constraint File(s):      (none)

#Run constraint checker to find more issues with constraints.
#########################################################################



No issues found in constraint syntax.



Clock Summary
*************

          Start                                       Requested     Requested     Clock        Clock          Clock
Level     Clock                                       Frequency     Period        Type         Group          Load 
-------------------------------------------------------------------------------------------------------------------
0 -       pll_i25M_o50M_o25M|CLKOP_inferred_clock     100.0 MHz     10.000        inferred     (multiple)     1760 
                                                                                                                   
0 -       pll_i25M_o50M_o25M|CLKOS_inferred_clock     100.0 MHz     10.000        inferred     (multiple)     258  
===================================================================================================================


Clock Load Summary
******************

                                            Clock     Source                                Clock Pin                                 Non-clock Pin     Non-clock Pin
Clock                                       Load      Pin                                   Seq Example                               Seq Example       Comb Example 
---------------------------------------------------------------------------------------------------------------------------------------------------------------------
pll_i25M_o50M_o25M|CLKOP_inferred_clock     1760      pll_inst.PLLInst_0.CLKOP(EHXPLLJ)     r_pal_bios_online_update_en.C             -                 -            
                                                                                                                                                                     
pll_i25M_o50M_o25M|CLKOS_inferred_clock     258       pll_inst.PLLInst_0.CLKOS(EHXPLLJ)     bmc_cpld_i2c_ram_u0.r_reg_0006[7:0].C     -                 -            
=====================================================================================================================================================================
