{
"Synplify Pro (R) Job Log" : {
	"Date" : "16:27:32    03-Nov-2025",
	"Working Directory" : "D:/ODM MB SWITCH_002_powerup_for_test/MB/09/BM_H13DSP_S/pro/impl1",
	"Install" : "C:/lscc/diamond/3_14/synpbase"
},
"impl1" :{
   "Job Flow" : "Sequential",
   "Start Time" : "16:27:04",
   "Runtime" : "28s",
   "Executable Run Time" : "26s",
   "synthesis" : {
      "Job Flow" : "Sequential",
      "Start Time" : "16:27:04",
      "Runtime" : "28s",
      "Executable Run Time" : "26s",
      "compile" : {
         "Job Flow" : "Sequential",
         "Start Time" : "16:27:04",
         "Runtime" : "18s",
         "Executable Run Time" : "16s",
         "compile_flow" : {
            "Job Flow" : "Sequential",
            "Start Time" : "16:27:04",
            "Runtime" : "15s",
            "Executable Run Time" : "13s",
            "compiler" : {
               "executable" : "bin64/c_hdl.exe",
               "Run Directory" : "D:/ODM MB SWITCH_002_powerup_for_test/MB/09/BM_H13DSP_S/pro/impl1",
               "Run State" : "Complete",
               "Return Code" : "0",
               "Has Errors" : "no",
               "Run Start Time" : "16:27:04",
               "Run Time" : "14s",
               "Exe Run Time" : "13s",
               "Memory Usage" : "-",
               "Up-to-date (run skipped)" : "no"
            },
            "multi_srs_gen" : {
               "executable" : "bin64/syn_nfilter.exe",
               "Run Directory" : "D:/ODM MB SWITCH_002_powerup_for_test/MB/09/BM_H13DSP_S/pro/impl1",
               "Run State" : "Complete",
               "Return Code" : "0",
               "Has Errors" : "no",
               "Run Start Time" : "16:27:18",
               "Run Time" : "01s",
               "Exe Run Time" : "00s",
               "Memory Usage" : "-",
               "Up-to-date (run skipped)" : "no"
            }
         },
         "premap" : {
            "executable" : "bin64/m_gen_lattice.exe",
            "Run Directory" : "D:/ODM MB SWITCH_002_powerup_for_test/MB/09/BM_H13DSP_S/pro/impl1",
            "Run State" : "Complete",
            "Return Code" : "1",
            "Has Errors" : "no",
            "Run Start Time" : "16:27:19",
            "Run Time" : "03s",
            "Exe Run Time" : "03s",
            "Memory Usage" : "-",
            "Up-to-date (run skipped)" : "no"
         }
      },
      "map" : {
         "Job Flow" : "Sequential",
         "Start Time" : "16:27:22",
         "Runtime" : "10s",
         "Executable Run Time" : "10s",
         "fpga_mapper" : {
            "executable" : "bin64/m_gen_lattice.exe",
            "Run Directory" : "D:/ODM MB SWITCH_002_powerup_for_test/MB/09/BM_H13DSP_S/pro/impl1",
            "Run State" : "Complete",
            "Return Code" : "1",
            "Has Errors" : "no",
            "Run Start Time" : "16:27:22",
            "Run Time" : "10s",
            "Exe Run Time" : "10s",
            "Memory Usage" : "-",
            "Up-to-date (run skipped)" : "no"
         }
      }
   }
}
}