C:\lscc\diamond\3_14\synpbase\bin64\c_hdl.exe  -osyn  "D:\ODM MB SWITCH\SWITCH\CPLD\BP_4S104G5\pro\impl1\synwork\BP_4S104G5_impl1_comp.srs"  -top  BP_4S104G5  -hdllog  "D:\ODM MB SWITCH\SWITCH\CPLD\BP_4S104G5\pro\impl1\synlog\BP_4S104G5_impl1_compiler.srr"  -encrypt  -mp  4  -verification_mode 0  -verilog  -prodtype  synplify_pro  -dspmac -fixsmult -infer_seqShift -nram -sdff_counter -divnmod -nostructver  -lattice   -I "D:\ODM MB SWITCH\SWITCH\CPLD\BP_4S104G5\rtl\include"  -I "D:\ODM MB SWITCH\SWITCH\CPLD\BP_4S104G5\pro"  -I "D:\ODM MB SWITCH\SWITCH\CPLD\BP_4S104G5\pro\impl1\"  -I C:\lscc\diamond\3_14\synpbase\lib   -v2001  -devicelib  C:\lscc\diamond\3_14\synpbase\lib\lucent\machxo3lf.v  -devicelib  C:\lscc\diamond\3_14\synpbase\lib\lucent\pmi_def.v  -encrypt  -pro  -dmgen  "D:\ODM MB SWITCH\SWITCH\CPLD\BP_4S104G5\pro\impl1\dm"  -ui -fid2 -ram -sharing on -ll 2000 -autosm  -D_MULTIPLE_FILE_COMPILATION_UNIT_  -lib work -fv2001 "D:\ODM MB SWITCH\SWITCH\CPLD\BP_4S104G5\rtl\source\BP_4S104G5_TOP.v" -lib work -fv2001 "D:\ODM MB SWITCH\SWITCH\CPLD\BP_4S104G5\rtl\source\PLL\pll_i25M_o50M_o25M.v" -lib work -fv2001 "D:\ODM MB SWITCH\SWITCH\CPLD\BP_4S104G5\rtl\source\I2C_UPDATE\I2C_UPDATE.v" -lib work -fv2001 "D:\ODM MB SWITCH\SWITCH\CPLD\BP_4S104G5\rtl\source\bmc_i2c\bmc_cpld_i2c_ram.v" -lib work -fv2001 "D:\ODM MB SWITCH\SWITCH\CPLD\BP_4S104G5\rtl\source\bmc_i2c\i2c_slave_basic0.v" -lib work -fv2001 "D:\ODM MB SWITCH\SWITCH\CPLD\BP_4S104G5\rtl\source\bmc_i2c\i2c_slave_bmc.v" -lib work -fv2001 "D:\ODM MB SWITCH\SWITCH\CPLD\BP_4S104G5\rtl\source\SGPIO_SLAVE\p2s_slave.v" -lib work -fv2001 "D:\ODM MB SWITCH\SWITCH\CPLD\BP_4S104G5\rtl\source\SGPIO_SLAVE\s2p_slave.v" -lib work -fv2001 "D:\ODM MB SWITCH\SWITCH\CPLD\BP_4S104G5\rtl\source\common\edge_delay.v" -lib work -fv2001 "D:\ODM MB SWITCH\SWITCH\CPLD\BP_4S104G5\rtl\source\common\lowpass_filter.v" -lib work -fv2001 "D:\ODM MB SWITCH\SWITCH\CPLD\BP_4S104G5\rtl\source\common\pon_reset.v" -lib work -fv2001 "D:\ODM MB SWITCH\SWITCH\CPLD\BP_4S104G5\rtl\source\common\synclib.v" -lib work -fv2001 "D:\ODM MB SWITCH\SWITCH\CPLD\BP_4S104G5\rtl\source\common\timer_gen_50mhz.v" -lib work -fv2001 "D:\ODM MB SWITCH\SWITCH\CPLD\BP_4S104G5\rtl\source\74LV165\pvt_gpi.v" -lib work -fv2001 "D:\ODM MB SWITCH\SWITCH\CPLD\BP_4S104G5\rtl\source\FAN\fan_pwm_tach.v" -lib work -fv2001 "D:\ODM MB SWITCH\SWITCH\CPLD\BP_4S104G5\rtl\source\FAN\fan_counter.v" -lib work -fv2001 "D:\ODM MB SWITCH\SWITCH\CPLD\BP_4S104G5\rtl\source\common\Edge_Detect.v" -lib work -fv2001 "D:\ODM MB SWITCH\SWITCH\CPLD\BP_4S104G5\rtl\source\breath_led\breath_led.v"  -jobname  "compiler" 
relcom:C:\lscc\diamond\3_14\synpbase\bin64\c_hdl.exe -osyn "D:\ODM MB SWITCH\SWITCH\CPLD\BP_4S104G5\pro\impl1\synwork\BP_4S104G5_impl1_comp.srs" -top BP_4S104G5 -hdllog "D:\ODM MB SWITCH\SWITCH\CPLD\BP_4S104G5\pro\impl1\synlog\BP_4S104G5_impl1_compiler.srr" -encrypt -mp 4 -verification_mode 0 -verilog -prodtype synplify_pro -dspmac -fixsmult -infer_seqShift -nram -sdff_counter -divnmod -nostructver -lattice -I "D:\ODM MB SWITCH\SWITCH\CPLD\BP_4S104G5\rtl\include" -I "D:\ODM MB SWITCH\SWITCH\CPLD\BP_4S104G5\pro" -I "D:\ODM MB SWITCH\SWITCH\CPLD\BP_4S104G5\pro\impl1\" -I C:\lscc\diamond\3_14\synpbase\lib -v2001 -devicelib C:\lscc\diamond\3_14\synpbase\lib\lucent\machxo3lf.v -devicelib C:\lscc\diamond\3_14\synpbase\lib\lucent\pmi_def.v -encrypt -pro -dmgen "D:\ODM MB SWITCH\SWITCH\CPLD\BP_4S104G5\pro\impl1\dm" -ui -fid2 -ram -sharing on -ll 2000 -autosm -D_MULTIPLE_FILE_COMPILATION_UNIT_ -lib work -fv2001 "D:\ODM MB SWITCH\SWITCH\CPLD\BP_4S104G5\rtl\source\BP_4S104G5_TOP.v" -lib work -fv2001 "D:\ODM MB SWITCH\SWITCH\CPLD\BP_4S104G5\rtl\source\PLL\pll_i25M_o50M_o25M.v" -lib work -fv2001 "D:\ODM MB SWITCH\SWITCH\CPLD\BP_4S104G5\rtl\source\I2C_UPDATE\I2C_UPDATE.v" -lib work -fv2001 "D:\ODM MB SWITCH\SWITCH\CPLD\BP_4S104G5\rtl\source\bmc_i2c\bmc_cpld_i2c_ram.v" -lib work -fv2001 "D:\ODM MB SWITCH\SWITCH\CPLD\BP_4S104G5\rtl\source\bmc_i2c\i2c_slave_basic0.v" -lib work -fv2001 "D:\ODM MB SWITCH\SWITCH\CPLD\BP_4S104G5\rtl\source\bmc_i2c\i2c_slave_bmc.v" -lib work -fv2001 "D:\ODM MB SWITCH\SWITCH\CPLD\BP_4S104G5\rtl\source\SGPIO_SLAVE\p2s_slave.v" -lib work -fv2001 "D:\ODM MB SWITCH\SWITCH\CPLD\BP_4S104G5\rtl\source\SGPIO_SLAVE\s2p_slave.v" -lib work -fv2001 "D:\ODM MB SWITCH\SWITCH\CPLD\BP_4S104G5\rtl\source\common\edge_delay.v" -lib work -fv2001 "D:\ODM MB SWITCH\SWITCH\CPLD\BP_4S104G5\rtl\source\common\lowpass_filter.v" -lib work -fv2001 "D:\ODM MB SWITCH\SWITCH\CPLD\BP_4S104G5\rtl\source\common\pon_reset.v" -lib work -fv2001 "D:\ODM MB SWITCH\SWITCH\CPLD\BP_4S104G5\rtl\source\common\synclib.v" -lib work -fv2001 "D:\ODM MB SWITCH\SWITCH\CPLD\BP_4S104G5\rtl\source\common\timer_gen_50mhz.v" -lib work -fv2001 "D:\ODM MB SWITCH\SWITCH\CPLD\BP_4S104G5\rtl\source\74LV165\pvt_gpi.v" -lib work -fv2001 "D:\ODM MB SWITCH\SWITCH\CPLD\BP_4S104G5\rtl\source\FAN\fan_pwm_tach.v" -lib work -fv2001 "D:\ODM MB SWITCH\SWITCH\CPLD\BP_4S104G5\rtl\source\FAN\fan_counter.v" -lib work -fv2001 "D:\ODM MB SWITCH\SWITCH\CPLD\BP_4S104G5\rtl\source\common\Edge_Detect.v" -lib work -fv2001 "D:\ODM MB SWITCH\SWITCH\CPLD\BP_4S104G5\rtl\source\breath_led\breath_led.v" -jobname "compiler"
rc:0 success:1 runtime:11
file:..\synwork\bp_4s104g5_impl1_comp.srs|io:o|time:1761900309|size:88603|exec:0|csum:
file:..\synlog\bp_4s104g5_impl1_compiler.srr|io:o|time:1761900309|size:102035|exec:0|csum:
file:c:\lscc\diamond\3_14\synpbase\lib\lucent\machxo3lf.v|io:i|time:1726552933|size:48881|exec:0|csum:ED660AD7FCEAF9F2A957D1F551DD63E7
file:c:\lscc\diamond\3_14\synpbase\lib\lucent\pmi_def.v|io:i|time:1727134390|size:40584|exec:0|csum:62845CEC2BB6FEBE1BA059B1E18015F4
file:.\-fv2001|io:i|time:0|size:-1|exec:0|csum:
file:..\..\..\rtl\source\bp_4s104g5_top.v|io:i|time:1761897136|size:102354|exec:0|csum:FF5C7AFD944DF73DFD94DE0A1178033E
file:.\-fv2001|io:i|time:0|size:-1|exec:0|csum:
file:..\..\..\rtl\source\pll\pll_i25m_o50m_o25m.v|io:i|time:1667898784|size:4650|exec:0|csum:FA9BF3B6542CD9299788C808062658C3
file:.\-fv2001|io:i|time:0|size:-1|exec:0|csum:
file:..\..\..\rtl\source\i2c_update\i2c_update.v|io:i|time:1637314136|size:6055|exec:0|csum:089D73ADFFF67B8EA58E10F9662949EC
file:.\-fv2001|io:i|time:0|size:-1|exec:0|csum:
file:..\..\..\rtl\source\bmc_i2c\bmc_cpld_i2c_ram.v|io:i|time:1761615590|size:85948|exec:0|csum:004FD0BB8F24FF9167E53D102805DF53
file:.\-fv2001|io:i|time:0|size:-1|exec:0|csum:
file:..\..\..\rtl\source\bmc_i2c\i2c_slave_basic0.v|io:i|time:1662714071|size:18663|exec:0|csum:04DDB266B19F3592353FD5778080A9B5
file:.\-fv2001|io:i|time:0|size:-1|exec:0|csum:
file:..\..\..\rtl\source\bmc_i2c\i2c_slave_bmc.v|io:i|time:1662714091|size:4905|exec:0|csum:CE3B440FC68C8BA6F4AB3893A858001B
file:.\-fv2001|io:i|time:0|size:-1|exec:0|csum:
file:..\..\..\rtl\source\sgpio_slave\p2s_slave.v|io:i|time:1756885721|size:3911|exec:0|csum:654BDFCFB642B69DDDB258E81DF10409
file:.\-fv2001|io:i|time:0|size:-1|exec:0|csum:
file:..\..\..\rtl\source\sgpio_slave\s2p_slave.v|io:i|time:1756885723|size:4595|exec:0|csum:DA4397A34DFEBC9FAF410578D8736182
file:.\-fv2001|io:i|time:0|size:-1|exec:0|csum:
file:..\..\..\rtl\source\common\edge_delay.v|io:i|time:1662702353|size:2646|exec:0|csum:94429E6C2058D65FA79512C2B884E519
file:.\-fv2001|io:i|time:0|size:-1|exec:0|csum:
file:..\..\..\rtl\source\common\lowpass_filter.v|io:i|time:1663048557|size:2909|exec:0|csum:BA6728F314AFCD64E060CD8CCC767DB3
file:.\-fv2001|io:i|time:0|size:-1|exec:0|csum:
file:..\..\..\rtl\source\common\pon_reset.v|io:i|time:1663040116|size:3277|exec:0|csum:AD4BBEEC5247411043367FA02845DEA8
file:.\-fv2001|io:i|time:0|size:-1|exec:0|csum:
file:..\..\..\rtl\source\common\synclib.v|io:i|time:1663039371|size:21609|exec:0|csum:71C831884B8E258DD5601C092440AC98
file:.\-fv2001|io:i|time:0|size:-1|exec:0|csum:
file:..\..\..\rtl\source\common\timer_gen_50mhz.v|io:i|time:1757489295|size:8581|exec:0|csum:CA3C4704A4FEE0669201DFA2F8F45DEA
file:.\-fv2001|io:i|time:0|size:-1|exec:0|csum:
file:..\..\..\rtl\source\74lv165\pvt_gpi.v|io:i|time:1669903272|size:2600|exec:0|csum:6DAE41EA540E72C8103523CED5ECE7EE
file:.\-fv2001|io:i|time:0|size:-1|exec:0|csum:
file:..\..\..\rtl\source\fan\fan_pwm_tach.v|io:i|time:1713778933|size:8288|exec:0|csum:DF82D50DC0AC87ED017D0C7ECC2A6867
file:.\-fv2001|io:i|time:0|size:-1|exec:0|csum:
file:..\..\..\rtl\source\fan\fan_counter.v|io:i|time:1612920595|size:1970|exec:0|csum:00EABC6E1261B143A917EA847FAD74A1
file:.\-fv2001|io:i|time:0|size:-1|exec:0|csum:
file:..\..\..\rtl\source\common\edge_detect.v|io:i|time:1669903273|size:2215|exec:0|csum:1E143451B3B3A5BF34F6DBD74E6B622F
file:.\-fv2001|io:i|time:0|size:-1|exec:0|csum:
file:..\..\..\rtl\source\breath_led\breath_led.v|io:i|time:1715848228|size:2302|exec:0|csum:CA85FFFFB8746761342DF7B65AADE511
file:c:\lscc\diamond\3_14\synpbase\bin64\c_hdl.exe|io:i|time:1727134361|size:7450624|exec:1|csum:A7411187494CA4C844650524343F7034
