Resource Usage Report
Part: lcmxo3lf_6900c-5

Register bits: 1766 of 54912 (3%)
Latch bits:      44
PIC Latch:       0
I/O cells:       175

Details:
BB:             4
CCU2D:          146
EFB:            1
EHXPLLJ:        1
FD1P3AX:        57
FD1P3BX:        189
FD1P3DX:        1019
FD1S1AY:        32
FD1S1D:         12
FD1S3AX:        4
FD1S3BX:        147
FD1S3DX:        315
GSR:            1
IB:             58
IFS1P3BX:       12
IFS1P3DX:       21
INV:            43
L6MUX21:        30
OB:             95
OBZ:            18
OFS1P3BX:       1
OFS1P3DX:       1
ORCALUT4:       2405
OSCH:           1
PFUMX:          130
PUR:            1
VHI:            54
VLO:            54
