
Copyright (C) 1994-2023 Synopsys, Inc.
This Synopsys software and all associated documentation are proprietary to Synopsys, Inc.
and may only be used pursuant to the terms and conditions of a written license agreement
with Synopsys, Inc. All other use, reproduction, modification, or distribution of the
Synopsys software or the associated documentation is strictly prohibited.
Tool: Synplify Pro (R)
Build: V-2023.09L-2
Install: C:\lscc\diamond\3_14\synpbase
OS: Windows 10 or later
Hostname: X02567XL

Implementation : impl1
Synopsys HDL compiler and linker, Version comp202309synp1, Build 349R, Built Sep 17 2024 08:16:26, @

Modified Files: 56
FID:  path (prevtimestamp, timestamp)
30       C:\lscc\diamond\3.14\synpbase\lib\lucent\machxo3lf.v (2024-09-17 14:02:13, N/A)
31       C:\lscc\diamond\3.14\synpbase\lib\lucent\pmi_def.v (2024-09-24 07:33:10, N/A)
32       C:\lscc\diamond\3.14\synpbase\lib\vlog\hypermods.v (2024-09-24 07:33:35, N/A)
33       C:\lscc\diamond\3.14\synpbase\lib\vlog\scemi_objects.v (2024-09-24 07:33:35, N/A)
34       C:\lscc\diamond\3.14\synpbase\lib\vlog\scemi_pipes.svh (2024-09-24 07:33:35, N/A)
58       C:\lscc\diamond\3_14\synpbase\lib\lucent\machxo3lf.v (N/A, 2024-09-17 14:02:13)
59       C:\lscc\diamond\3_14\synpbase\lib\lucent\pmi_def.v (N/A, 2024-09-24 07:33:10)
60       C:\lscc\diamond\3_14\synpbase\lib\vlog\hypermods.v (N/A, 2024-09-24 07:33:35)
61       C:\lscc\diamond\3_14\synpbase\lib\vlog\scemi_objects.v (N/A, 2024-09-24 07:33:35)
62       C:\lscc\diamond\3_14\synpbase\lib\vlog\scemi_pipes.svh (N/A, 2024-09-24 07:33:35)
35       D:\ODM MB SWITCH\MB\09\BM_H13DSP_S\rtl\include\BM_H13DSP_S_VA_PORT.v (2025-10-25 15:28:50, N/A)
36       D:\ODM MB SWITCH\MB\09\BM_H13DSP_S\rtl\source\74HC164\s2p_164.v (2024-02-22 14:51:23, N/A)
37       D:\ODM MB SWITCH\MB\09\BM_H13DSP_S\rtl\source\74LV165\pvt_gpi.v (2022-12-01 22:01:12, N/A)
38       D:\ODM MB SWITCH\MB\09\BM_H13DSP_S\rtl\source\BM_H13DSP_S_TOP.v (2025-10-28 16:50:04, N/A)
39       D:\ODM MB SWITCH\MB\09\BM_H13DSP_S\rtl\source\IIC_Update\I2C_UPDATE.v (2025-02-06 21:43:24, N/A)
40       D:\ODM MB SWITCH\MB\09\BM_H13DSP_S\rtl\source\PLL\pll_i25M_o50M_o25M.v (2025-02-06 21:45:10, N/A)
41       D:\ODM MB SWITCH\MB\09\BM_H13DSP_S\rtl\source\SGPIO_SLAVE\p2s_slave.v (2022-12-06 21:40:22, N/A)
42       D:\ODM MB SWITCH\MB\09\BM_H13DSP_S\rtl\source\SGPIO_SLAVE\s2p_slave.v (2022-12-06 21:40:47, N/A)
43       D:\ODM MB SWITCH\MB\09\BM_H13DSP_S\rtl\source\bmc_i2c\bmc_cpld_i2c_ram.v (2025-10-25 14:30:46, N/A)
44       D:\ODM MB SWITCH\MB\09\BM_H13DSP_S\rtl\source\bmc_i2c\i2c_slave_basic0.v (2024-12-27 20:50:03, N/A)
45       D:\ODM MB SWITCH\MB\09\BM_H13DSP_S\rtl\source\bmc_i2c\i2c_slave_bmc.v (2024-12-27 20:50:13, N/A)
46       D:\ODM MB SWITCH\MB\09\BM_H13DSP_S\rtl\source\common\ClkDiv.v (2022-06-16 20:16:55, N/A)
47       D:\ODM MB SWITCH\MB\09\BM_H13DSP_S\rtl\source\common\ClkDivTree.v (2023-05-13 14:15:57, N/A)
48       D:\ODM MB SWITCH\MB\09\BM_H13DSP_S\rtl\source\common\UID_Function.v (2023-04-06 15:12:58, N/A)
49       D:\ODM MB SWITCH\MB\09\BM_H13DSP_S\rtl\source\common\delay.v (2022-12-06 21:52:33, N/A)
50       D:\ODM MB SWITCH\MB\09\BM_H13DSP_S\rtl\source\common\edge_delay.v (2022-11-30 10:56:40, N/A)
51       D:\ODM MB SWITCH\MB\09\BM_H13DSP_S\rtl\source\common\edge_detect.v (2022-12-02 15:43:56, N/A)
52       D:\ODM MB SWITCH\MB\09\BM_H13DSP_S\rtl\source\common\lowpass_filter.v (2022-12-02 15:43:56, N/A)
53       D:\ODM MB SWITCH\MB\09\BM_H13DSP_S\rtl\source\common\pon_reset.v (2022-11-30 10:12:18, N/A)
54       D:\ODM MB SWITCH\MB\09\BM_H13DSP_S\rtl\source\common\synclib.v (2022-11-30 10:20:46, N/A)
55       D:\ODM MB SWITCH\MB\09\BM_H13DSP_S\rtl\source\common\timer_gen_50mhz.v (2025-02-06 21:55:11, N/A)
56       D:\ODM MB SWITCH\MB\09\BM_H13DSP_S\rtl\source\uart\aux_uart_master.v (2025-03-13 18:58:42, N/A)
57       D:\ODM MB SWITCH\MB\09\BM_H13DSP_S\rtl\source\uart\mcio_uart_master.v (2024-05-14 17:51:13, N/A)
63       D:\ODM MB SWITCH_002_powerup_for_test\MB\09\BM_H13DSP_S\rtl\include\BM_H13DSP_S_VA_PORT.v (N/A, 2025-10-25 15:28:50)
64       D:\ODM MB SWITCH_002_powerup_for_test\MB\09\BM_H13DSP_S\rtl\source\74HC164\s2p_164.v (N/A, 2024-02-22 14:51:23)
65       D:\ODM MB SWITCH_002_powerup_for_test\MB\09\BM_H13DSP_S\rtl\source\74LV165\pvt_gpi.v (N/A, 2022-12-01 22:01:12)
66       D:\ODM MB SWITCH_002_powerup_for_test\MB\09\BM_H13DSP_S\rtl\source\BM_H13DSP_S_TOP.v (N/A, 2025-11-03 16:26:06)
67       D:\ODM MB SWITCH_002_powerup_for_test\MB\09\BM_H13DSP_S\rtl\source\IIC_Update\I2C_UPDATE.v (N/A, 2025-02-06 21:43:24)
68       D:\ODM MB SWITCH_002_powerup_for_test\MB\09\BM_H13DSP_S\rtl\source\PLL\pll_i25M_o50M_o25M.v (N/A, 2025-02-06 21:45:10)
69       D:\ODM MB SWITCH_002_powerup_for_test\MB\09\BM_H13DSP_S\rtl\source\SGPIO_SLAVE\p2s_slave.v (N/A, 2022-12-06 21:40:22)
70       D:\ODM MB SWITCH_002_powerup_for_test\MB\09\BM_H13DSP_S\rtl\source\SGPIO_SLAVE\s2p_slave.v (N/A, 2022-12-06 21:40:47)
71       D:\ODM MB SWITCH_002_powerup_for_test\MB\09\BM_H13DSP_S\rtl\source\bmc_i2c\bmc_cpld_i2c_ram.v (N/A, 2025-10-25 14:30:46)
72       D:\ODM MB SWITCH_002_powerup_for_test\MB\09\BM_H13DSP_S\rtl\source\bmc_i2c\i2c_slave_basic0.v (N/A, 2024-12-27 20:50:03)
73       D:\ODM MB SWITCH_002_powerup_for_test\MB\09\BM_H13DSP_S\rtl\source\bmc_i2c\i2c_slave_bmc.v (N/A, 2024-12-27 20:50:13)
74       D:\ODM MB SWITCH_002_powerup_for_test\MB\09\BM_H13DSP_S\rtl\source\common\ClkDiv.v (N/A, 2022-06-16 20:16:55)
75       D:\ODM MB SWITCH_002_powerup_for_test\MB\09\BM_H13DSP_S\rtl\source\common\ClkDivTree.v (N/A, 2023-05-13 14:15:57)
76       D:\ODM MB SWITCH_002_powerup_for_test\MB\09\BM_H13DSP_S\rtl\source\common\UID_Function.v (N/A, 2023-04-06 15:12:58)
77       D:\ODM MB SWITCH_002_powerup_for_test\MB\09\BM_H13DSP_S\rtl\source\common\delay.v (N/A, 2022-12-06 21:52:33)
78       D:\ODM MB SWITCH_002_powerup_for_test\MB\09\BM_H13DSP_S\rtl\source\common\edge_delay.v (N/A, 2022-11-30 10:56:40)
79       D:\ODM MB SWITCH_002_powerup_for_test\MB\09\BM_H13DSP_S\rtl\source\common\edge_detect.v (N/A, 2022-12-02 15:43:56)
80       D:\ODM MB SWITCH_002_powerup_for_test\MB\09\BM_H13DSP_S\rtl\source\common\lowpass_filter.v (N/A, 2022-12-02 15:43:56)
81       D:\ODM MB SWITCH_002_powerup_for_test\MB\09\BM_H13DSP_S\rtl\source\common\pon_reset.v (N/A, 2022-11-30 10:12:18)
82       D:\ODM MB SWITCH_002_powerup_for_test\MB\09\BM_H13DSP_S\rtl\source\common\synclib.v (N/A, 2022-11-30 10:20:46)
83       D:\ODM MB SWITCH_002_powerup_for_test\MB\09\BM_H13DSP_S\rtl\source\common\timer_gen_50mhz.v (N/A, 2025-02-06 21:55:11)
84       D:\ODM MB SWITCH_002_powerup_for_test\MB\09\BM_H13DSP_S\rtl\source\uart\aux_uart_master.v (N/A, 2025-03-13 18:58:42)
85       D:\ODM MB SWITCH_002_powerup_for_test\MB\09\BM_H13DSP_S\rtl\source\uart\mcio_uart_master.v (N/A, 2024-05-14 17:51:13)

*******************************************************************
Modules that may have changed as a result of file changes: 33
MID:  lib.cell.view
0        work.AUX_UART_MASTER.verilog may have changed because the following files changed:
                        D:\ODM MB SWITCH_002_powerup_for_test\MB\09\BM_H13DSP_S\rtl\source\uart\aux_uart_master.v (N/A, 2025-03-13 18:58:42) <-- (module definition)
1        work.BM_H13DSP_S.verilog may have changed because the following files changed:
                        D:\ODM MB SWITCH_002_powerup_for_test\MB\09\BM_H13DSP_S\rtl\include\BM_H13DSP_S_VA_PORT.v (N/A, 2025-10-25 15:28:50) <-- (module definition)
                        D:\ODM MB SWITCH_002_powerup_for_test\MB\09\BM_H13DSP_S\rtl\source\BM_H13DSP_S_TOP.v (N/A, 2025-11-03 16:26:06) <-- (may instantiate this module)
2        work.BREAK_COMBI.verilog may have changed because the following files changed:
                        D:\ODM MB SWITCH_002_powerup_for_test\MB\09\BM_H13DSP_S\rtl\source\common\synclib.v (N/A, 2022-11-30 10:20:46) <-- (module definition)
3        work.BREAK_COMBI_N.verilog may have changed because the following files changed:
                        D:\ODM MB SWITCH_002_powerup_for_test\MB\09\BM_H13DSP_S\rtl\source\common\synclib.v (N/A, 2022-11-30 10:20:46) <-- (module definition)
4        work.ClkDiv.verilog may have changed because the following files changed:
                        D:\ODM MB SWITCH_002_powerup_for_test\MB\09\BM_H13DSP_S\rtl\include\BM_H13DSP_S_VA_PORT.v (N/A, 2025-10-25 15:28:50) <-- (may instantiate this module)
                        D:\ODM MB SWITCH_002_powerup_for_test\MB\09\BM_H13DSP_S\rtl\source\BM_H13DSP_S_TOP.v (N/A, 2025-11-03 16:26:06) <-- (may instantiate this module)
                        D:\ODM MB SWITCH_002_powerup_for_test\MB\09\BM_H13DSP_S\rtl\source\common\ClkDiv.v (N/A, 2022-06-16 20:16:55) <-- (module definition)
                        D:\ODM MB SWITCH_002_powerup_for_test\MB\09\BM_H13DSP_S\rtl\source\common\ClkDivTree.v (N/A, 2023-05-13 14:15:57) <-- (may instantiate this module)
5        work.ClkDivTree.verilog may have changed because the following files changed:
                        D:\ODM MB SWITCH_002_powerup_for_test\MB\09\BM_H13DSP_S\rtl\include\BM_H13DSP_S_VA_PORT.v (N/A, 2025-10-25 15:28:50) <-- (may instantiate this module)
                        D:\ODM MB SWITCH_002_powerup_for_test\MB\09\BM_H13DSP_S\rtl\source\BM_H13DSP_S_TOP.v (N/A, 2025-11-03 16:26:06) <-- (may instantiate this module)
                        D:\ODM MB SWITCH_002_powerup_for_test\MB\09\BM_H13DSP_S\rtl\source\common\ClkDivTree.v (N/A, 2023-05-13 14:15:57) <-- (module definition)
6        work.Edge_Detect.verilog may have changed because the following files changed:
                        D:\ODM MB SWITCH_002_powerup_for_test\MB\09\BM_H13DSP_S\rtl\include\BM_H13DSP_S_VA_PORT.v (N/A, 2025-10-25 15:28:50) <-- (may instantiate this module)
                        D:\ODM MB SWITCH_002_powerup_for_test\MB\09\BM_H13DSP_S\rtl\source\BM_H13DSP_S_TOP.v (N/A, 2025-11-03 16:26:06) <-- (may instantiate this module)
                        D:\ODM MB SWITCH_002_powerup_for_test\MB\09\BM_H13DSP_S\rtl\source\common\UID_Function.v (N/A, 2023-04-06 15:12:58) <-- (may instantiate this module)
                        D:\ODM MB SWITCH_002_powerup_for_test\MB\09\BM_H13DSP_S\rtl\source\common\edge_detect.v (N/A, 2022-12-02 15:43:56) <-- (module definition)
7        work.I2C_UPDATE.verilog may have changed because the following files changed:
                        D:\ODM MB SWITCH_002_powerup_for_test\MB\09\BM_H13DSP_S\rtl\include\BM_H13DSP_S_VA_PORT.v (N/A, 2025-10-25 15:28:50) <-- (may instantiate this module)
                        D:\ODM MB SWITCH_002_powerup_for_test\MB\09\BM_H13DSP_S\rtl\source\BM_H13DSP_S_TOP.v (N/A, 2025-11-03 16:26:06) <-- (may instantiate this module)
                        D:\ODM MB SWITCH_002_powerup_for_test\MB\09\BM_H13DSP_S\rtl\source\IIC_Update\I2C_UPDATE.v (N/A, 2025-02-06 21:43:24) <-- (module definition)
8        work.ISOLATE_COMBI.verilog may have changed because the following files changed:
                        D:\ODM MB SWITCH_002_powerup_for_test\MB\09\BM_H13DSP_S\rtl\source\common\synclib.v (N/A, 2022-11-30 10:20:46) <-- (module definition)
9        work.PGM_DEBOUNCE.verilog may have changed because the following files changed:
                        D:\ODM MB SWITCH_002_powerup_for_test\MB\09\BM_H13DSP_S\rtl\source\common\synclib.v (N/A, 2022-11-30 10:20:46) <-- (module definition)
10       work.PGM_DEBOUNCE_GPO_N.verilog may have changed because the following files changed:
                        D:\ODM MB SWITCH_002_powerup_for_test\MB\09\BM_H13DSP_S\rtl\source\common\synclib.v (N/A, 2022-11-30 10:20:46) <-- (module definition)
11       work.PGM_DEBOUNCE_N.verilog may have changed because the following files changed:
                        D:\ODM MB SWITCH_002_powerup_for_test\MB\09\BM_H13DSP_S\rtl\source\common\synclib.v (N/A, 2022-11-30 10:20:46) <-- (module definition)
12       work.STABLE.verilog may have changed because the following files changed:
                        D:\ODM MB SWITCH_002_powerup_for_test\MB\09\BM_H13DSP_S\rtl\source\common\synclib.v (N/A, 2022-11-30 10:20:46) <-- (module definition)
13       work.SYNC_DATA.verilog may have changed because the following files changed:
                        D:\ODM MB SWITCH_002_powerup_for_test\MB\09\BM_H13DSP_S\rtl\source\common\synclib.v (N/A, 2022-11-30 10:20:46) <-- (module definition)
14       work.SYNC_DATA_N.verilog may have changed because the following files changed:
                        D:\ODM MB SWITCH_002_powerup_for_test\MB\09\BM_H13DSP_S\rtl\source\common\synclib.v (N/A, 2022-11-30 10:20:46) <-- (module definition)
15       work.SYNC_RESET_AASD.verilog may have changed because the following files changed:
                        D:\ODM MB SWITCH_002_powerup_for_test\MB\09\BM_H13DSP_S\rtl\source\common\synclib.v (N/A, 2022-11-30 10:20:46) <-- (module definition)
16       work.SYNC_RESET_N_AASD.verilog may have changed because the following files changed:
                        D:\ODM MB SWITCH_002_powerup_for_test\MB\09\BM_H13DSP_S\rtl\source\common\synclib.v (N/A, 2022-11-30 10:20:46) <-- (module definition)
17       work.SYNC_RESET_SASD.verilog may have changed because the following files changed:
                        D:\ODM MB SWITCH_002_powerup_for_test\MB\09\BM_H13DSP_S\rtl\source\common\synclib.v (N/A, 2022-11-30 10:20:46) <-- (module definition)
18       work.UART_MASTER.verilog may have changed because the following files changed:
                        D:\ODM MB SWITCH_002_powerup_for_test\MB\09\BM_H13DSP_S\rtl\include\BM_H13DSP_S_VA_PORT.v (N/A, 2025-10-25 15:28:50) <-- (may instantiate this module)
                        D:\ODM MB SWITCH_002_powerup_for_test\MB\09\BM_H13DSP_S\rtl\source\BM_H13DSP_S_TOP.v (N/A, 2025-11-03 16:26:06) <-- (may instantiate this module)
                        D:\ODM MB SWITCH_002_powerup_for_test\MB\09\BM_H13DSP_S\rtl\source\uart\mcio_uart_master.v (N/A, 2024-05-14 17:51:13) <-- (module definition)
19       work.UID_Function.verilog may have changed because the following files changed:
                        D:\ODM MB SWITCH_002_powerup_for_test\MB\09\BM_H13DSP_S\rtl\include\BM_H13DSP_S_VA_PORT.v (N/A, 2025-10-25 15:28:50) <-- (may instantiate this module)
                        D:\ODM MB SWITCH_002_powerup_for_test\MB\09\BM_H13DSP_S\rtl\source\BM_H13DSP_S_TOP.v (N/A, 2025-11-03 16:26:06) <-- (may instantiate this module)
                        D:\ODM MB SWITCH_002_powerup_for_test\MB\09\BM_H13DSP_S\rtl\source\common\UID_Function.v (N/A, 2023-04-06 15:12:58) <-- (module definition)
20       work.bmc_cpld_i2c_ram.verilog may have changed because the following files changed:
                        D:\ODM MB SWITCH_002_powerup_for_test\MB\09\BM_H13DSP_S\rtl\include\BM_H13DSP_S_VA_PORT.v (N/A, 2025-10-25 15:28:50) <-- (may instantiate this module)
                        D:\ODM MB SWITCH_002_powerup_for_test\MB\09\BM_H13DSP_S\rtl\source\BM_H13DSP_S_TOP.v (N/A, 2025-11-03 16:26:06) <-- (may instantiate this module)
                        D:\ODM MB SWITCH_002_powerup_for_test\MB\09\BM_H13DSP_S\rtl\source\bmc_i2c\bmc_cpld_i2c_ram.v (N/A, 2025-10-25 14:30:46) <-- (module definition)
21       work.delay.verilog may have changed because the following files changed:
                        D:\ODM MB SWITCH_002_powerup_for_test\MB\09\BM_H13DSP_S\rtl\include\BM_H13DSP_S_VA_PORT.v (N/A, 2025-10-25 15:28:50) <-- (may instantiate this module)
                        D:\ODM MB SWITCH_002_powerup_for_test\MB\09\BM_H13DSP_S\rtl\source\BM_H13DSP_S_TOP.v (N/A, 2025-11-03 16:26:06) <-- (may instantiate this module)
                        D:\ODM MB SWITCH_002_powerup_for_test\MB\09\BM_H13DSP_S\rtl\source\common\delay.v (N/A, 2022-12-06 21:52:33) <-- (module definition)
22       work.edge_delay.verilog may have changed because the following files changed:
                        D:\ODM MB SWITCH_002_powerup_for_test\MB\09\BM_H13DSP_S\rtl\include\BM_H13DSP_S_VA_PORT.v (N/A, 2025-10-25 15:28:50) <-- (may instantiate this module)
                        D:\ODM MB SWITCH_002_powerup_for_test\MB\09\BM_H13DSP_S\rtl\source\BM_H13DSP_S_TOP.v (N/A, 2025-11-03 16:26:06) <-- (may instantiate this module)
                        D:\ODM MB SWITCH_002_powerup_for_test\MB\09\BM_H13DSP_S\rtl\source\common\edge_delay.v (N/A, 2022-11-30 10:56:40) <-- (module definition)
24       work.i2c_slave_basic0.verilog may have changed because the following files changed:
                        D:\ODM MB SWITCH_002_powerup_for_test\MB\09\BM_H13DSP_S\rtl\include\BM_H13DSP_S_VA_PORT.v (N/A, 2025-10-25 15:28:50) <-- (may instantiate this module)
                        D:\ODM MB SWITCH_002_powerup_for_test\MB\09\BM_H13DSP_S\rtl\source\BM_H13DSP_S_TOP.v (N/A, 2025-11-03 16:26:06) <-- (may instantiate this module)
                        D:\ODM MB SWITCH_002_powerup_for_test\MB\09\BM_H13DSP_S\rtl\source\bmc_i2c\bmc_cpld_i2c_ram.v (N/A, 2025-10-25 14:30:46) <-- (may instantiate this module)
                        D:\ODM MB SWITCH_002_powerup_for_test\MB\09\BM_H13DSP_S\rtl\source\bmc_i2c\i2c_slave_basic0.v (N/A, 2024-12-27 20:50:03) <-- (module definition)
                        D:\ODM MB SWITCH_002_powerup_for_test\MB\09\BM_H13DSP_S\rtl\source\bmc_i2c\i2c_slave_bmc.v (N/A, 2024-12-27 20:50:13) <-- (may instantiate this module)
25       work.i2c_slave_bmc.verilog may have changed because the following files changed:
                        D:\ODM MB SWITCH_002_powerup_for_test\MB\09\BM_H13DSP_S\rtl\include\BM_H13DSP_S_VA_PORT.v (N/A, 2025-10-25 15:28:50) <-- (may instantiate this module)
                        D:\ODM MB SWITCH_002_powerup_for_test\MB\09\BM_H13DSP_S\rtl\source\BM_H13DSP_S_TOP.v (N/A, 2025-11-03 16:26:06) <-- (may instantiate this module)
                        D:\ODM MB SWITCH_002_powerup_for_test\MB\09\BM_H13DSP_S\rtl\source\bmc_i2c\bmc_cpld_i2c_ram.v (N/A, 2025-10-25 14:30:46) <-- (may instantiate this module)
                        D:\ODM MB SWITCH_002_powerup_for_test\MB\09\BM_H13DSP_S\rtl\source\bmc_i2c\i2c_slave_bmc.v (N/A, 2024-12-27 20:50:13) <-- (module definition)
26       work.lowpass_filter.verilog may have changed because the following files changed:
                        D:\ODM MB SWITCH_002_powerup_for_test\MB\09\BM_H13DSP_S\rtl\include\BM_H13DSP_S_VA_PORT.v (N/A, 2025-10-25 15:28:50) <-- (may instantiate this module)
                        D:\ODM MB SWITCH_002_powerup_for_test\MB\09\BM_H13DSP_S\rtl\source\BM_H13DSP_S_TOP.v (N/A, 2025-11-03 16:26:06) <-- (may instantiate this module)
                        D:\ODM MB SWITCH_002_powerup_for_test\MB\09\BM_H13DSP_S\rtl\source\common\UID_Function.v (N/A, 2023-04-06 15:12:58) <-- (may instantiate this module)
                        D:\ODM MB SWITCH_002_powerup_for_test\MB\09\BM_H13DSP_S\rtl\source\common\lowpass_filter.v (N/A, 2022-12-02 15:43:56) <-- (module definition)
27       work.p2s_slave.verilog may have changed because the following files changed:
                        D:\ODM MB SWITCH_002_powerup_for_test\MB\09\BM_H13DSP_S\rtl\include\BM_H13DSP_S_VA_PORT.v (N/A, 2025-10-25 15:28:50) <-- (may instantiate this module)
                        D:\ODM MB SWITCH_002_powerup_for_test\MB\09\BM_H13DSP_S\rtl\source\BM_H13DSP_S_TOP.v (N/A, 2025-11-03 16:26:06) <-- (may instantiate this module)
                        D:\ODM MB SWITCH_002_powerup_for_test\MB\09\BM_H13DSP_S\rtl\source\SGPIO_SLAVE\p2s_slave.v (N/A, 2022-12-06 21:40:22) <-- (module definition)
28       work.pll_i25M_o50M_o25M.verilog may have changed because the following files changed:
                        D:\ODM MB SWITCH_002_powerup_for_test\MB\09\BM_H13DSP_S\rtl\include\BM_H13DSP_S_VA_PORT.v (N/A, 2025-10-25 15:28:50) <-- (may instantiate this module)
                        D:\ODM MB SWITCH_002_powerup_for_test\MB\09\BM_H13DSP_S\rtl\source\BM_H13DSP_S_TOP.v (N/A, 2025-11-03 16:26:06) <-- (may instantiate this module)
                        D:\ODM MB SWITCH_002_powerup_for_test\MB\09\BM_H13DSP_S\rtl\source\PLL\pll_i25M_o50M_o25M.v (N/A, 2025-02-06 21:45:10) <-- (module definition)
29       work.pon_reset.verilog may have changed because the following files changed:
                        D:\ODM MB SWITCH_002_powerup_for_test\MB\09\BM_H13DSP_S\rtl\include\BM_H13DSP_S_VA_PORT.v (N/A, 2025-10-25 15:28:50) <-- (may instantiate this module)
                        D:\ODM MB SWITCH_002_powerup_for_test\MB\09\BM_H13DSP_S\rtl\source\BM_H13DSP_S_TOP.v (N/A, 2025-11-03 16:26:06) <-- (may instantiate this module)
                        D:\ODM MB SWITCH_002_powerup_for_test\MB\09\BM_H13DSP_S\rtl\source\common\pon_reset.v (N/A, 2022-11-30 10:12:18) <-- (module definition)
30       work.pvt_gpi.verilog may have changed because the following files changed:
                        D:\ODM MB SWITCH_002_powerup_for_test\MB\09\BM_H13DSP_S\rtl\source\74LV165\pvt_gpi.v (N/A, 2022-12-01 22:01:12) <-- (module definition)
33       work.s2p_164.verilog may have changed because the following files changed:
                        D:\ODM MB SWITCH_002_powerup_for_test\MB\09\BM_H13DSP_S\rtl\source\74HC164\s2p_164.v (N/A, 2024-02-22 14:51:23) <-- (module definition)
31       work.s2p_slave.verilog may have changed because the following files changed:
                        D:\ODM MB SWITCH_002_powerup_for_test\MB\09\BM_H13DSP_S\rtl\include\BM_H13DSP_S_VA_PORT.v (N/A, 2025-10-25 15:28:50) <-- (may instantiate this module)
                        D:\ODM MB SWITCH_002_powerup_for_test\MB\09\BM_H13DSP_S\rtl\source\BM_H13DSP_S_TOP.v (N/A, 2025-11-03 16:26:06) <-- (may instantiate this module)
                        D:\ODM MB SWITCH_002_powerup_for_test\MB\09\BM_H13DSP_S\rtl\source\SGPIO_SLAVE\s2p_slave.v (N/A, 2022-12-06 21:40:47) <-- (module definition)
32       work.timer_gen.verilog may have changed because the following files changed:
                        D:\ODM MB SWITCH_002_powerup_for_test\MB\09\BM_H13DSP_S\rtl\include\BM_H13DSP_S_VA_PORT.v (N/A, 2025-10-25 15:28:50) <-- (may instantiate this module)
                        D:\ODM MB SWITCH_002_powerup_for_test\MB\09\BM_H13DSP_S\rtl\source\BM_H13DSP_S_TOP.v (N/A, 2025-11-03 16:26:06) <-- (may instantiate this module)
                        D:\ODM MB SWITCH_002_powerup_for_test\MB\09\BM_H13DSP_S\rtl\source\common\timer_gen_50mhz.v (N/A, 2025-02-06 21:55:11) <-- (module definition)

*******************************************************************
Unmodified files: 0
FID:  path (timestamp)

*******************************************************************
Unchanged modules: 0
MID:  lib.cell.view
