
Copyright (C) 1994-2023 Synopsys, Inc.
This Synopsys software and all associated documentation are proprietary to Synopsys, Inc.
and may only be used pursuant to the terms and conditions of a written license agreement
with Synopsys, Inc. All other use, reproduction, modification, or distribution of the
Synopsys software or the associated documentation is strictly prohibited.
Tool: Synplify Pro (R)
Build: V-2023.09L-2
Install: C:\lscc\diamond\3_14\synpbase
OS: Windows 10 or later
Hostname: X02567XL

Implementation : impl1
Synopsys HDL compiler and linker, Version comp202309synp1, Build 349R, Built Sep 17 2024 08:16:26, @

Modified Files: 11
FID:  path (prevtimestamp, timestamp)
84       C:\lscc\diamond\3.14\synpbase\lib\lucent\machxo3lf.v (2024-09-17 14:02:13, N/A)
85       C:\lscc\diamond\3.14\synpbase\lib\lucent\pmi_def.v (2024-09-24 07:33:10, N/A)
86       C:\lscc\diamond\3.14\synpbase\lib\vlog\hypermods.v (2024-09-24 07:33:35, N/A)
87       C:\lscc\diamond\3.14\synpbase\lib\vlog\scemi_objects.v (2024-09-24 07:33:35, N/A)
88       C:\lscc\diamond\3.14\synpbase\lib\vlog\scemi_pipes.svh (2024-09-24 07:33:35, N/A)
108      C:\lscc\diamond\3_14\synpbase\lib\lucent\machxo3lf.v (N/A, 2024-09-17 14:02:13)
109      C:\lscc\diamond\3_14\synpbase\lib\lucent\pmi_def.v (N/A, 2024-09-24 07:33:10)
110      C:\lscc\diamond\3_14\synpbase\lib\vlog\hypermods.v (N/A, 2024-09-24 07:33:35)
111      C:\lscc\diamond\3_14\synpbase\lib\vlog\scemi_objects.v (N/A, 2024-09-24 07:33:35)
112      C:\lscc\diamond\3_14\synpbase\lib\vlog\scemi_pipes.svh (N/A, 2024-09-24 07:33:35)
91       D:\ODM MB SWITCH\SWITCH\CPLD\BP_4S104G5\rtl\source\BP_4S104G5_TOP.v (2025-10-29 09:40:13, 2025-10-31 15:52:16)

*******************************************************************
Modules that may have changed as a result of file changes: 24
MID:  lib.cell.view
0        work.BP_4S104G5.verilog may have changed because the following files changed:
                        D:\ODM MB SWITCH\SWITCH\CPLD\BP_4S104G5\rtl\source\BP_4S104G5_TOP.v (2025-10-29 09:40:13, 2025-10-31 15:52:16) <-- (may instantiate this module)
1        work.BREAK_COMBI.verilog may have changed because the following files changed:
                        D:\ODM MB SWITCH\SWITCH\CPLD\BP_4S104G5\rtl\source\BP_4S104G5_TOP.v (2025-10-29 09:40:13, 2025-10-31 15:52:16) <-- (may instantiate this module)
2        work.BREAK_COMBI_N.verilog may have changed because the following files changed:
                        D:\ODM MB SWITCH\SWITCH\CPLD\BP_4S104G5\rtl\source\BP_4S104G5_TOP.v (2025-10-29 09:40:13, 2025-10-31 15:52:16) <-- (may instantiate this module)
4        work.I2C_UPDATE.verilog may have changed because the following files changed:
                        D:\ODM MB SWITCH\SWITCH\CPLD\BP_4S104G5\rtl\source\BP_4S104G5_TOP.v (2025-10-29 09:40:13, 2025-10-31 15:52:16) <-- (may instantiate this module)
5        work.ISOLATE_COMBI.verilog may have changed because the following files changed:
                        D:\ODM MB SWITCH\SWITCH\CPLD\BP_4S104G5\rtl\source\BP_4S104G5_TOP.v (2025-10-29 09:40:13, 2025-10-31 15:52:16) <-- (may instantiate this module)
6        work.PGM_DEBOUNCE.verilog may have changed because the following files changed:
                        D:\ODM MB SWITCH\SWITCH\CPLD\BP_4S104G5\rtl\source\BP_4S104G5_TOP.v (2025-10-29 09:40:13, 2025-10-31 15:52:16) <-- (may instantiate this module)
7        work.PGM_DEBOUNCE_GPO_N.verilog may have changed because the following files changed:
                        D:\ODM MB SWITCH\SWITCH\CPLD\BP_4S104G5\rtl\source\BP_4S104G5_TOP.v (2025-10-29 09:40:13, 2025-10-31 15:52:16) <-- (may instantiate this module)
8        work.PGM_DEBOUNCE_N.verilog may have changed because the following files changed:
                        D:\ODM MB SWITCH\SWITCH\CPLD\BP_4S104G5\rtl\source\BP_4S104G5_TOP.v (2025-10-29 09:40:13, 2025-10-31 15:52:16) <-- (may instantiate this module)
9        work.STABLE.verilog may have changed because the following files changed:
                        D:\ODM MB SWITCH\SWITCH\CPLD\BP_4S104G5\rtl\source\BP_4S104G5_TOP.v (2025-10-29 09:40:13, 2025-10-31 15:52:16) <-- (may instantiate this module)
10       work.SYNC_DATA.verilog may have changed because the following files changed:
                        D:\ODM MB SWITCH\SWITCH\CPLD\BP_4S104G5\rtl\source\BP_4S104G5_TOP.v (2025-10-29 09:40:13, 2025-10-31 15:52:16) <-- (may instantiate this module)
11       work.SYNC_DATA_N.verilog may have changed because the following files changed:
                        D:\ODM MB SWITCH\SWITCH\CPLD\BP_4S104G5\rtl\source\BP_4S104G5_TOP.v (2025-10-29 09:40:13, 2025-10-31 15:52:16) <-- (may instantiate this module)
12       work.SYNC_RESET_AASD.verilog may have changed because the following files changed:
                        D:\ODM MB SWITCH\SWITCH\CPLD\BP_4S104G5\rtl\source\BP_4S104G5_TOP.v (2025-10-29 09:40:13, 2025-10-31 15:52:16) <-- (may instantiate this module)
13       work.SYNC_RESET_N_AASD.verilog may have changed because the following files changed:
                        D:\ODM MB SWITCH\SWITCH\CPLD\BP_4S104G5\rtl\source\BP_4S104G5_TOP.v (2025-10-29 09:40:13, 2025-10-31 15:52:16) <-- (may instantiate this module)
14       work.SYNC_RESET_SASD.verilog may have changed because the following files changed:
                        D:\ODM MB SWITCH\SWITCH\CPLD\BP_4S104G5\rtl\source\BP_4S104G5_TOP.v (2025-10-29 09:40:13, 2025-10-31 15:52:16) <-- (may instantiate this module)
16       work.bmc_cpld_i2c_ram.verilog may have changed because the following files changed:
                        D:\ODM MB SWITCH\SWITCH\CPLD\BP_4S104G5\rtl\source\BP_4S104G5_TOP.v (2025-10-29 09:40:13, 2025-10-31 15:52:16) <-- (may instantiate this module)
30       work.breath_led.verilog may have changed because the following files changed:
                        D:\ODM MB SWITCH\SWITCH\CPLD\BP_4S104G5\rtl\source\BP_4S104G5_TOP.v (2025-10-29 09:40:13, 2025-10-31 15:52:16) <-- (may instantiate this module)
17       work.edge_delay.verilog may have changed because the following files changed:
                        D:\ODM MB SWITCH\SWITCH\CPLD\BP_4S104G5\rtl\source\BP_4S104G5_TOP.v (2025-10-29 09:40:13, 2025-10-31 15:52:16) <-- (may instantiate this module)
18       work.i2c_slave_basic0.verilog may have changed because the following files changed:
                        D:\ODM MB SWITCH\SWITCH\CPLD\BP_4S104G5\rtl\source\BP_4S104G5_TOP.v (2025-10-29 09:40:13, 2025-10-31 15:52:16) <-- (may instantiate this module)
19       work.i2c_slave_bmc.verilog may have changed because the following files changed:
                        D:\ODM MB SWITCH\SWITCH\CPLD\BP_4S104G5\rtl\source\BP_4S104G5_TOP.v (2025-10-29 09:40:13, 2025-10-31 15:52:16) <-- (may instantiate this module)
21       work.p2s_slave.verilog may have changed because the following files changed:
                        D:\ODM MB SWITCH\SWITCH\CPLD\BP_4S104G5\rtl\source\BP_4S104G5_TOP.v (2025-10-29 09:40:13, 2025-10-31 15:52:16) <-- (may instantiate this module)
22       work.pll_i25M_o50M_o25M.verilog may have changed because the following files changed:
                        D:\ODM MB SWITCH\SWITCH\CPLD\BP_4S104G5\rtl\source\BP_4S104G5_TOP.v (2025-10-29 09:40:13, 2025-10-31 15:52:16) <-- (may instantiate this module)
23       work.pon_reset.verilog may have changed because the following files changed:
                        D:\ODM MB SWITCH\SWITCH\CPLD\BP_4S104G5\rtl\source\BP_4S104G5_TOP.v (2025-10-29 09:40:13, 2025-10-31 15:52:16) <-- (may instantiate this module)
24       work.s2p_slave.verilog may have changed because the following files changed:
                        D:\ODM MB SWITCH\SWITCH\CPLD\BP_4S104G5\rtl\source\BP_4S104G5_TOP.v (2025-10-29 09:40:13, 2025-10-31 15:52:16) <-- (may instantiate this module)
25       work.timer_gen.verilog may have changed because the following files changed:
                        D:\ODM MB SWITCH\SWITCH\CPLD\BP_4S104G5\rtl\source\BP_4S104G5_TOP.v (2025-10-29 09:40:13, 2025-10-31 15:52:16) <-- (may instantiate this module)

*******************************************************************
Unmodified files: 18
FID:  path (timestamp)
89       D:\ODM MB SWITCH\SWITCH\CPLD\BP_4S104G5\rtl\include\BP_4S104G5_VA_port.v (2025-10-28 09:19:00)
90       D:\ODM MB SWITCH\SWITCH\CPLD\BP_4S104G5\rtl\source\74LV165\pvt_gpi.v (2022-12-01 22:01:12)
92       D:\ODM MB SWITCH\SWITCH\CPLD\BP_4S104G5\rtl\source\FAN\fan_counter.v (2021-02-10 09:29:55)
93       D:\ODM MB SWITCH\SWITCH\CPLD\BP_4S104G5\rtl\source\FAN\fan_pwm_tach.v (2024-04-22 17:42:13)
94       D:\ODM MB SWITCH\SWITCH\CPLD\BP_4S104G5\rtl\source\I2C_UPDATE\I2C_UPDATE.v (2021-11-19 17:28:56)
95       D:\ODM MB SWITCH\SWITCH\CPLD\BP_4S104G5\rtl\source\PLL\pll_i25M_o50M_o25M.v (2022-11-08 17:13:04)
96       D:\ODM MB SWITCH\SWITCH\CPLD\BP_4S104G5\rtl\source\SGPIO_SLAVE\p2s_slave.v (2025-09-03 15:48:41)
97       D:\ODM MB SWITCH\SWITCH\CPLD\BP_4S104G5\rtl\source\SGPIO_SLAVE\s2p_slave.v (2025-09-03 15:48:43)
98       D:\ODM MB SWITCH\SWITCH\CPLD\BP_4S104G5\rtl\source\bmc_i2c\bmc_cpld_i2c_ram.v (2025-10-28 09:39:50)
99       D:\ODM MB SWITCH\SWITCH\CPLD\BP_4S104G5\rtl\source\bmc_i2c\i2c_slave_basic0.v (2022-09-09 17:01:11)
100      D:\ODM MB SWITCH\SWITCH\CPLD\BP_4S104G5\rtl\source\bmc_i2c\i2c_slave_bmc.v (2022-09-09 17:01:31)
101      D:\ODM MB SWITCH\SWITCH\CPLD\BP_4S104G5\rtl\source\breath_led\breath_led.v (2024-05-16 16:30:28)
102      D:\ODM MB SWITCH\SWITCH\CPLD\BP_4S104G5\rtl\source\common\Edge_Detect.v (2022-12-01 22:01:13)
103      D:\ODM MB SWITCH\SWITCH\CPLD\BP_4S104G5\rtl\source\common\edge_delay.v (2022-09-09 13:45:53)
104      D:\ODM MB SWITCH\SWITCH\CPLD\BP_4S104G5\rtl\source\common\lowpass_filter.v (2022-09-13 13:55:57)
105      D:\ODM MB SWITCH\SWITCH\CPLD\BP_4S104G5\rtl\source\common\pon_reset.v (2022-09-13 11:35:16)
106      D:\ODM MB SWITCH\SWITCH\CPLD\BP_4S104G5\rtl\source\common\synclib.v (2022-09-13 11:22:51)
107      D:\ODM MB SWITCH\SWITCH\CPLD\BP_4S104G5\rtl\source\common\timer_gen_50mhz.v (2025-09-10 15:28:15)

*******************************************************************
Unchanged modules: 5
MID:  lib.cell.view
26       work.Edge_Detect.verilog
27       work.fan_counter.verilog
28       work.fan_pwm_tach.verilog
20       work.lowpass_filter.verilog
29       work.pvt_gpi.verilog
