
Copyright (C) 1994-2020 Synopsys, Inc.
This Synopsys software and all associated documentation are proprietary to Synopsys, Inc.
and may only be used pursuant to the terms and conditions of a written license agreement
with Synopsys, Inc. All other use, reproduction, modification, or distribution of the
Synopsys software or the associated documentation is strictly prohibited.
Tool: Synplify Pro (R)
Build: Q-2020.03L-SP1
Install: C:\lscc\diamond\3.12\synpbase
OS: Windows 6.1

Hostname: RDHZW7137

Implementation : impl1

# Written on Sat Feb  8 10:31:46 2025

##### FILES SYNTAX CHECKED ##############################################
Constraint File(s):      (none)

#Run constraint checker to find more issues with constraints.
#########################################################################



No issues found in constraint syntax.



Clock Summary
*************

          Start                                       Requested     Requested     Clock        Clock                   Clock
Level     Clock                                       Frequency     Period        Type         Group                   Load 
----------------------------------------------------------------------------------------------------------------------------
0 -       pll_i25M_o50M_o25M|CLKOP_inferred_clock     100.0 MHz     10.000        inferred     Inferred_clkgroup_1     1327 
                                                                                                                            
0 -       pll_i25M_o50M_o25M|CLKOS_inferred_clock     100.0 MHz     10.000        inferred     Inferred_clkgroup_0     648  
============================================================================================================================


Clock Load Summary
******************

                                            Clock     Source                                Clock Pin                                           Non-clock Pin     Non-clock Pin
Clock                                       Load      Pin                                   Seq Example                                         Seq Example       Comb Example 
-------------------------------------------------------------------------------------------------------------------------------------------------------------------------------
pll_i25M_o50M_o25M|CLKOP_inferred_clock     1327      pll_inst.PLLInst_0.CLKOP(EHXPLLJ)     mcpld_to_swcpld_data_filter[1:0].C                  -                 -            
                                                                                                                                                                               
pll_i25M_o50M_o25M|CLKOS_inferred_clock     648       pll_inst.PLLInst_0.CLKOS(EHXPLLJ)     genblk1\[0\]\.r_pwm_D_fan_limit_use\[0\][7:0].C     -                 -            
===============================================================================================================================================================================
