
Copyright (C) 1994-2020 Synopsys, Inc.
This Synopsys software and all associated documentation are proprietary to Synopsys, Inc.
and may only be used pursuant to the terms and conditions of a written license agreement
with Synopsys, Inc. All other use, reproduction, modification, or distribution of the
Synopsys software or the associated documentation is strictly prohibited.
Tool: Synplify Pro (R)
Build: Q-2020.03L-SP1
Install: D:\lscc\diamond\3.12\synpbase
OS: Windows 6.2

Hostname: RDHZW10V129

Implementation : impl1
Synopsys HDL compiler and linker, Version comp202003synp2, Build 182R, Built Oct 29 2020 10:49:53, @

Modified Files: 1
FID:  path (prevtimestamp, timestamp)
2        D:\Work_File\CPLD_code\CPLD_DB\34.CNIT-K AMD GPU Server V200R001B01\02.MB_S CPLD\V01\BM_H13DSP_S\rtl\source\BM_H13DSP_S_TOP.v (2025-03-12 14:05:30, 2025-03-13 19:04:25)

*******************************************************************
Modules that may have changed as a result of file changes: 33
MID:  lib.cell.view
0        work.AUX_UART_MASTER.verilog may have changed because the following files changed:
                        D:\Work_File\CPLD_code\CPLD_DB\34.CNIT-K AMD GPU Server V200R001B01\02.MB_S CPLD\V01\BM_H13DSP_S\rtl\source\BM_H13DSP_S_TOP.v (2025-03-12 14:05:30, 2025-03-13 19:04:25) <-- (may instantiate this module)
1        work.BM_H13DSP_S.verilog may have changed because the following files changed:
                        D:\Work_File\CPLD_code\CPLD_DB\34.CNIT-K AMD GPU Server V200R001B01\02.MB_S CPLD\V01\BM_H13DSP_S\rtl\source\BM_H13DSP_S_TOP.v (2025-03-12 14:05:30, 2025-03-13 19:04:25) <-- (may instantiate this module)
2        work.BREAK_COMBI.verilog may have changed because the following files changed:
                        D:\Work_File\CPLD_code\CPLD_DB\34.CNIT-K AMD GPU Server V200R001B01\02.MB_S CPLD\V01\BM_H13DSP_S\rtl\source\BM_H13DSP_S_TOP.v (2025-03-12 14:05:30, 2025-03-13 19:04:25) <-- (may instantiate this module)
3        work.BREAK_COMBI_N.verilog may have changed because the following files changed:
                        D:\Work_File\CPLD_code\CPLD_DB\34.CNIT-K AMD GPU Server V200R001B01\02.MB_S CPLD\V01\BM_H13DSP_S\rtl\source\BM_H13DSP_S_TOP.v (2025-03-12 14:05:30, 2025-03-13 19:04:25) <-- (may instantiate this module)
4        work.ClkDiv.verilog may have changed because the following files changed:
                        D:\Work_File\CPLD_code\CPLD_DB\34.CNIT-K AMD GPU Server V200R001B01\02.MB_S CPLD\V01\BM_H13DSP_S\rtl\source\BM_H13DSP_S_TOP.v (2025-03-12 14:05:30, 2025-03-13 19:04:25) <-- (may instantiate this module)
5        work.ClkDivTree.verilog may have changed because the following files changed:
                        D:\Work_File\CPLD_code\CPLD_DB\34.CNIT-K AMD GPU Server V200R001B01\02.MB_S CPLD\V01\BM_H13DSP_S\rtl\source\BM_H13DSP_S_TOP.v (2025-03-12 14:05:30, 2025-03-13 19:04:25) <-- (may instantiate this module)
6        work.Edge_Detect.verilog may have changed because the following files changed:
                        D:\Work_File\CPLD_code\CPLD_DB\34.CNIT-K AMD GPU Server V200R001B01\02.MB_S CPLD\V01\BM_H13DSP_S\rtl\source\BM_H13DSP_S_TOP.v (2025-03-12 14:05:30, 2025-03-13 19:04:25) <-- (may instantiate this module)
7        work.I2C_UPDATE.verilog may have changed because the following files changed:
                        D:\Work_File\CPLD_code\CPLD_DB\34.CNIT-K AMD GPU Server V200R001B01\02.MB_S CPLD\V01\BM_H13DSP_S\rtl\source\BM_H13DSP_S_TOP.v (2025-03-12 14:05:30, 2025-03-13 19:04:25) <-- (may instantiate this module)
8        work.ISOLATE_COMBI.verilog may have changed because the following files changed:
                        D:\Work_File\CPLD_code\CPLD_DB\34.CNIT-K AMD GPU Server V200R001B01\02.MB_S CPLD\V01\BM_H13DSP_S\rtl\source\BM_H13DSP_S_TOP.v (2025-03-12 14:05:30, 2025-03-13 19:04:25) <-- (may instantiate this module)
9        work.PGM_DEBOUNCE.verilog may have changed because the following files changed:
                        D:\Work_File\CPLD_code\CPLD_DB\34.CNIT-K AMD GPU Server V200R001B01\02.MB_S CPLD\V01\BM_H13DSP_S\rtl\source\BM_H13DSP_S_TOP.v (2025-03-12 14:05:30, 2025-03-13 19:04:25) <-- (may instantiate this module)
10       work.PGM_DEBOUNCE_GPO_N.verilog may have changed because the following files changed:
                        D:\Work_File\CPLD_code\CPLD_DB\34.CNIT-K AMD GPU Server V200R001B01\02.MB_S CPLD\V01\BM_H13DSP_S\rtl\source\BM_H13DSP_S_TOP.v (2025-03-12 14:05:30, 2025-03-13 19:04:25) <-- (may instantiate this module)
11       work.PGM_DEBOUNCE_N.verilog may have changed because the following files changed:
                        D:\Work_File\CPLD_code\CPLD_DB\34.CNIT-K AMD GPU Server V200R001B01\02.MB_S CPLD\V01\BM_H13DSP_S\rtl\source\BM_H13DSP_S_TOP.v (2025-03-12 14:05:30, 2025-03-13 19:04:25) <-- (may instantiate this module)
12       work.STABLE.verilog may have changed because the following files changed:
                        D:\Work_File\CPLD_code\CPLD_DB\34.CNIT-K AMD GPU Server V200R001B01\02.MB_S CPLD\V01\BM_H13DSP_S\rtl\source\BM_H13DSP_S_TOP.v (2025-03-12 14:05:30, 2025-03-13 19:04:25) <-- (may instantiate this module)
13       work.SYNC_DATA.verilog may have changed because the following files changed:
                        D:\Work_File\CPLD_code\CPLD_DB\34.CNIT-K AMD GPU Server V200R001B01\02.MB_S CPLD\V01\BM_H13DSP_S\rtl\source\BM_H13DSP_S_TOP.v (2025-03-12 14:05:30, 2025-03-13 19:04:25) <-- (may instantiate this module)
14       work.SYNC_DATA_N.verilog may have changed because the following files changed:
                        D:\Work_File\CPLD_code\CPLD_DB\34.CNIT-K AMD GPU Server V200R001B01\02.MB_S CPLD\V01\BM_H13DSP_S\rtl\source\BM_H13DSP_S_TOP.v (2025-03-12 14:05:30, 2025-03-13 19:04:25) <-- (may instantiate this module)
15       work.SYNC_RESET_AASD.verilog may have changed because the following files changed:
                        D:\Work_File\CPLD_code\CPLD_DB\34.CNIT-K AMD GPU Server V200R001B01\02.MB_S CPLD\V01\BM_H13DSP_S\rtl\source\BM_H13DSP_S_TOP.v (2025-03-12 14:05:30, 2025-03-13 19:04:25) <-- (may instantiate this module)
16       work.SYNC_RESET_N_AASD.verilog may have changed because the following files changed:
                        D:\Work_File\CPLD_code\CPLD_DB\34.CNIT-K AMD GPU Server V200R001B01\02.MB_S CPLD\V01\BM_H13DSP_S\rtl\source\BM_H13DSP_S_TOP.v (2025-03-12 14:05:30, 2025-03-13 19:04:25) <-- (may instantiate this module)
17       work.SYNC_RESET_SASD.verilog may have changed because the following files changed:
                        D:\Work_File\CPLD_code\CPLD_DB\34.CNIT-K AMD GPU Server V200R001B01\02.MB_S CPLD\V01\BM_H13DSP_S\rtl\source\BM_H13DSP_S_TOP.v (2025-03-12 14:05:30, 2025-03-13 19:04:25) <-- (may instantiate this module)
18       work.UART_MASTER.verilog may have changed because the following files changed:
                        D:\Work_File\CPLD_code\CPLD_DB\34.CNIT-K AMD GPU Server V200R001B01\02.MB_S CPLD\V01\BM_H13DSP_S\rtl\source\BM_H13DSP_S_TOP.v (2025-03-12 14:05:30, 2025-03-13 19:04:25) <-- (may instantiate this module)
19       work.UID_Function.verilog may have changed because the following files changed:
                        D:\Work_File\CPLD_code\CPLD_DB\34.CNIT-K AMD GPU Server V200R001B01\02.MB_S CPLD\V01\BM_H13DSP_S\rtl\source\BM_H13DSP_S_TOP.v (2025-03-12 14:05:30, 2025-03-13 19:04:25) <-- (may instantiate this module)
20       work.bmc_cpld_i2c_ram.verilog may have changed because the following files changed:
                        D:\Work_File\CPLD_code\CPLD_DB\34.CNIT-K AMD GPU Server V200R001B01\02.MB_S CPLD\V01\BM_H13DSP_S\rtl\source\BM_H13DSP_S_TOP.v (2025-03-12 14:05:30, 2025-03-13 19:04:25) <-- (may instantiate this module)
21       work.delay.verilog may have changed because the following files changed:
                        D:\Work_File\CPLD_code\CPLD_DB\34.CNIT-K AMD GPU Server V200R001B01\02.MB_S CPLD\V01\BM_H13DSP_S\rtl\source\BM_H13DSP_S_TOP.v (2025-03-12 14:05:30, 2025-03-13 19:04:25) <-- (may instantiate this module)
22       work.edge_delay.verilog may have changed because the following files changed:
                        D:\Work_File\CPLD_code\CPLD_DB\34.CNIT-K AMD GPU Server V200R001B01\02.MB_S CPLD\V01\BM_H13DSP_S\rtl\source\BM_H13DSP_S_TOP.v (2025-03-12 14:05:30, 2025-03-13 19:04:25) <-- (may instantiate this module)
24       work.i2c_slave_basic0.verilog may have changed because the following files changed:
                        D:\Work_File\CPLD_code\CPLD_DB\34.CNIT-K AMD GPU Server V200R001B01\02.MB_S CPLD\V01\BM_H13DSP_S\rtl\source\BM_H13DSP_S_TOP.v (2025-03-12 14:05:30, 2025-03-13 19:04:25) <-- (may instantiate this module)
25       work.i2c_slave_bmc.verilog may have changed because the following files changed:
                        D:\Work_File\CPLD_code\CPLD_DB\34.CNIT-K AMD GPU Server V200R001B01\02.MB_S CPLD\V01\BM_H13DSP_S\rtl\source\BM_H13DSP_S_TOP.v (2025-03-12 14:05:30, 2025-03-13 19:04:25) <-- (may instantiate this module)
26       work.lowpass_filter.verilog may have changed because the following files changed:
                        D:\Work_File\CPLD_code\CPLD_DB\34.CNIT-K AMD GPU Server V200R001B01\02.MB_S CPLD\V01\BM_H13DSP_S\rtl\source\BM_H13DSP_S_TOP.v (2025-03-12 14:05:30, 2025-03-13 19:04:25) <-- (may instantiate this module)
27       work.p2s_slave.verilog may have changed because the following files changed:
                        D:\Work_File\CPLD_code\CPLD_DB\34.CNIT-K AMD GPU Server V200R001B01\02.MB_S CPLD\V01\BM_H13DSP_S\rtl\source\BM_H13DSP_S_TOP.v (2025-03-12 14:05:30, 2025-03-13 19:04:25) <-- (may instantiate this module)
28       work.pll_i25M_o50M_o25M.verilog may have changed because the following files changed:
                        D:\Work_File\CPLD_code\CPLD_DB\34.CNIT-K AMD GPU Server V200R001B01\02.MB_S CPLD\V01\BM_H13DSP_S\rtl\source\BM_H13DSP_S_TOP.v (2025-03-12 14:05:30, 2025-03-13 19:04:25) <-- (may instantiate this module)
29       work.pon_reset.verilog may have changed because the following files changed:
                        D:\Work_File\CPLD_code\CPLD_DB\34.CNIT-K AMD GPU Server V200R001B01\02.MB_S CPLD\V01\BM_H13DSP_S\rtl\source\BM_H13DSP_S_TOP.v (2025-03-12 14:05:30, 2025-03-13 19:04:25) <-- (may instantiate this module)
30       work.pvt_gpi.verilog may have changed because the following files changed:
                        D:\Work_File\CPLD_code\CPLD_DB\34.CNIT-K AMD GPU Server V200R001B01\02.MB_S CPLD\V01\BM_H13DSP_S\rtl\source\BM_H13DSP_S_TOP.v (2025-03-12 14:05:30, 2025-03-13 19:04:25) <-- (may instantiate this module)
33       work.s2p_164.verilog may have changed because the following files changed:
                        D:\Work_File\CPLD_code\CPLD_DB\34.CNIT-K AMD GPU Server V200R001B01\02.MB_S CPLD\V01\BM_H13DSP_S\rtl\source\BM_H13DSP_S_TOP.v (2025-03-12 14:05:30, 2025-03-13 19:04:25) <-- (may instantiate this module)
31       work.s2p_slave.verilog may have changed because the following files changed:
                        D:\Work_File\CPLD_code\CPLD_DB\34.CNIT-K AMD GPU Server V200R001B01\02.MB_S CPLD\V01\BM_H13DSP_S\rtl\source\BM_H13DSP_S_TOP.v (2025-03-12 14:05:30, 2025-03-13 19:04:25) <-- (may instantiate this module)
32       work.timer_gen.verilog may have changed because the following files changed:
                        D:\Work_File\CPLD_code\CPLD_DB\34.CNIT-K AMD GPU Server V200R001B01\02.MB_S CPLD\V01\BM_H13DSP_S\rtl\source\BM_H13DSP_S_TOP.v (2025-03-12 14:05:30, 2025-03-13 19:04:25) <-- (may instantiate this module)

*******************************************************************
Unmodified files: 28
FID:  path (timestamp)
0        D:\Work_File\CPLD_code\CPLD_DB\34.CNIT-K AMD GPU Server V200R001B01\02.MB_S CPLD\V01\BM_H13DSP_S\rtl\include\BM_H13DSP_S_VA_PORT.v (2025-03-07 16:57:40)
29       D:\Work_File\CPLD_code\CPLD_DB\34.CNIT-K AMD GPU Server V200R001B01\02.MB_S CPLD\V01\BM_H13DSP_S\rtl\source\74HC164\s2p_164.v (2024-02-22 14:51:23)
1        D:\Work_File\CPLD_code\CPLD_DB\34.CNIT-K AMD GPU Server V200R001B01\02.MB_S CPLD\V01\BM_H13DSP_S\rtl\source\74LV165\pvt_gpi.v (2022-12-01 22:01:12)
3        D:\Work_File\CPLD_code\CPLD_DB\34.CNIT-K AMD GPU Server V200R001B01\02.MB_S CPLD\V01\BM_H13DSP_S\rtl\source\IIC_Update\I2C_UPDATE.v (2025-02-06 21:43:24)
4        D:\Work_File\CPLD_code\CPLD_DB\34.CNIT-K AMD GPU Server V200R001B01\02.MB_S CPLD\V01\BM_H13DSP_S\rtl\source\PLL\pll_i25M_o50M_o25M.v (2025-02-06 21:45:10)
27       D:\Work_File\CPLD_code\CPLD_DB\34.CNIT-K AMD GPU Server V200R001B01\02.MB_S CPLD\V01\BM_H13DSP_S\rtl\source\SGPIO_SLAVE\p2s_slave.v (2022-12-06 21:40:22)
28       D:\Work_File\CPLD_code\CPLD_DB\34.CNIT-K AMD GPU Server V200R001B01\02.MB_S CPLD\V01\BM_H13DSP_S\rtl\source\SGPIO_SLAVE\s2p_slave.v (2022-12-06 21:40:47)
5        D:\Work_File\CPLD_code\CPLD_DB\34.CNIT-K AMD GPU Server V200R001B01\02.MB_S CPLD\V01\BM_H13DSP_S\rtl\source\bmc_i2c\bmc_cpld_i2c_ram.v (2025-03-12 14:05:05)
6        D:\Work_File\CPLD_code\CPLD_DB\34.CNIT-K AMD GPU Server V200R001B01\02.MB_S CPLD\V01\BM_H13DSP_S\rtl\source\bmc_i2c\i2c_slave_basic0.v (2024-12-27 20:50:03)
7        D:\Work_File\CPLD_code\CPLD_DB\34.CNIT-K AMD GPU Server V200R001B01\02.MB_S CPLD\V01\BM_H13DSP_S\rtl\source\bmc_i2c\i2c_slave_bmc.v (2024-12-27 20:50:13)
8        D:\Work_File\CPLD_code\CPLD_DB\34.CNIT-K AMD GPU Server V200R001B01\02.MB_S CPLD\V01\BM_H13DSP_S\rtl\source\common\ClkDiv.v (2022-06-16 20:16:55)
9        D:\Work_File\CPLD_code\CPLD_DB\34.CNIT-K AMD GPU Server V200R001B01\02.MB_S CPLD\V01\BM_H13DSP_S\rtl\source\common\ClkDivTree.v (2023-05-13 14:15:57)
10       D:\Work_File\CPLD_code\CPLD_DB\34.CNIT-K AMD GPU Server V200R001B01\02.MB_S CPLD\V01\BM_H13DSP_S\rtl\source\common\UID_Function.v (2023-04-06 15:12:58)
11       D:\Work_File\CPLD_code\CPLD_DB\34.CNIT-K AMD GPU Server V200R001B01\02.MB_S CPLD\V01\BM_H13DSP_S\rtl\source\common\delay.v (2022-12-06 21:52:33)
12       D:\Work_File\CPLD_code\CPLD_DB\34.CNIT-K AMD GPU Server V200R001B01\02.MB_S CPLD\V01\BM_H13DSP_S\rtl\source\common\edge_delay.v (2022-11-30 10:56:40)
13       D:\Work_File\CPLD_code\CPLD_DB\34.CNIT-K AMD GPU Server V200R001B01\02.MB_S CPLD\V01\BM_H13DSP_S\rtl\source\common\edge_detect.v (2022-12-02 15:43:56)
15       D:\Work_File\CPLD_code\CPLD_DB\34.CNIT-K AMD GPU Server V200R001B01\02.MB_S CPLD\V01\BM_H13DSP_S\rtl\source\common\lowpass_filter.v (2022-12-02 15:43:56)
16       D:\Work_File\CPLD_code\CPLD_DB\34.CNIT-K AMD GPU Server V200R001B01\02.MB_S CPLD\V01\BM_H13DSP_S\rtl\source\common\pon_reset.v (2022-11-30 10:12:18)
17       D:\Work_File\CPLD_code\CPLD_DB\34.CNIT-K AMD GPU Server V200R001B01\02.MB_S CPLD\V01\BM_H13DSP_S\rtl\source\common\synclib.v (2022-11-30 10:20:46)
18       D:\Work_File\CPLD_code\CPLD_DB\34.CNIT-K AMD GPU Server V200R001B01\02.MB_S CPLD\V01\BM_H13DSP_S\rtl\source\common\timer_gen_50mhz.v (2025-02-06 21:55:11)
19       D:\Work_File\CPLD_code\CPLD_DB\34.CNIT-K AMD GPU Server V200R001B01\02.MB_S CPLD\V01\BM_H13DSP_S\rtl\source\uart\aux_uart_master.v (2025-03-13 18:58:42)
20       D:\Work_File\CPLD_code\CPLD_DB\34.CNIT-K AMD GPU Server V200R001B01\02.MB_S CPLD\V01\BM_H13DSP_S\rtl\source\uart\mcio_uart_master.v (2024-05-14 17:51:13)
21       D:\lscc\diamond\3.12\synpbase\lib\lucent\machxo3lf.v (2020-10-29 10:20:54)
22       D:\lscc\diamond\3.12\synpbase\lib\lucent\pmi_def.v (2020-10-29 10:20:54)
23       D:\lscc\diamond\3.12\synpbase\lib\vlog\hypermods.v (2020-10-29 10:23:10)
24       D:\lscc\diamond\3.12\synpbase\lib\vlog\scemi_objects.v (2020-10-29 10:23:10)
25       D:\lscc\diamond\3.12\synpbase\lib\vlog\scemi_pipes.svh (2020-10-29 10:23:10)
26       D:\lscc\diamond\3.12\synpbase\lib\vlog\umr_capim.v (2020-10-29 10:23:10)

*******************************************************************
Unchanged modules: 0
MID:  lib.cell.view
