
Copyright (C) 1994-2020 Synopsys, Inc.
This Synopsys software and all associated documentation are proprietary to Synopsys, Inc.
and may only be used pursuant to the terms and conditions of a written license agreement
with Synopsys, Inc. All other use, reproduction, modification, or distribution of the
Synopsys software or the associated documentation is strictly prohibited.
Tool: Synplify Pro (R)
Build: Q-2020.03L-SP1
Install: D:\lscc\diamond\3.12\synpbase
OS: Windows 6.2

Hostname: RDHZW10V129

Implementation : impl1

# Written on Thu Mar 13 19:04:50 2025

##### FILES SYNTAX CHECKED ##############################################
Constraint File(s):      (none)

#Run constraint checker to find more issues with constraints.
#########################################################################



No issues found in constraint syntax.



Clock Summary
*************

          Start                                       Requested     Requested     Clock                                                      Clock                   Clock
Level     Clock                                       Frequency     Period        Type                                                       Group                   Load 
--------------------------------------------------------------------------------------------------------------------------------------------------------------------------
0 -       System                                      100.0 MHz     10.000        system                                                     system_clkgroup         16   
                                                                                                                                                                          
0 -       pll_i25M_o50M_o25M|CLKOP_inferred_clock     100.0 MHz     10.000        inferred                                                   Inferred_clkgroup_0     2512 
1 .         ClkDiv_1s_1s|rDivClk_q_derived_clock      100.0 MHz     10.000        derived (from pll_i25M_o50M_o25M|CLKOP_inferred_clock)     Inferred_clkgroup_0     9    
1 .         timer_gen|t1us_derived_clock              100.0 MHz     10.000        derived (from pll_i25M_o50M_o25M|CLKOP_inferred_clock)     Inferred_clkgroup_0     2    
2 ..          s2p_164|sclk_derived_clock              100.0 MHz     10.000        derived (from timer_gen|t1us_derived_clock)                Inferred_clkgroup_0     5    
                                                                                                                                                                          
0 -       pll_i25M_o50M_o25M|CLKOS_inferred_clock     100.0 MHz     10.000        inferred                                                   Inferred_clkgroup_1     266  
==========================================================================================================================================================================


Clock Load Summary
******************

                                            Clock     Source                                      Clock Pin                                                   Non-clock Pin     Non-clock Pin                     
Clock                                       Load      Pin                                         Seq Example                                                 Seq Example       Comb Example                      
------------------------------------------------------------------------------------------------------------------------------------------------------------------------------------------------------------------
System                                      16        -                                           bmc_cpld_i2c_ram_u0.i2c_slave_bmc_u0.w_i2c_command[0].C     -                 -                                 
                                                                                                                                                                                                                  
pll_i25M_o50M_o25M|CLKOP_inferred_clock     2512      pll_inst.PLLInst_0.CLKOP(EHXPLLJ)           r_pal_ocp1_auxpwr_on_r.C                                    -                 o_PAL_NCSI_50M_REF_CLK_R.I[0](and)
ClkDiv_1s_1s|rDivClk_q_derived_clock        9         mClkDivTree.m1mSCE.rDivClk_q.Q[0](dffr)     s2p_164_u1.r_old_data[0].C                                  -                 -                                 
timer_gen|t1us_derived_clock                2         timer_gen_inst.t1us.Q[0](dffr)              s2p_164_u1.o_sclk.C                                         -                 s2p_164_u1.un1_tick.I[0](inv)     
s2p_164|sclk_derived_clock                  5         s2p_164_u1.sclk.Q[0](dffr)                  s2p_164_u1.so.C                                             -                 -                                 
                                                                                                                                                                                                                  
pll_i25M_o50M_o25M|CLKOS_inferred_clock     266       pll_inst.PLLInst_0.CLKOS(EHXPLLJ)           bmc_cpld_i2c_ram_u0.r_reg_0006[7:0].C                       -                 -                                 
==================================================================================================================================================================================================================
