Resource Usage Report
Part: lcmxo2_2000hc-4

Register bits: 734 of 2112 (35%)
Latch bits:      22
PIC Latch:       0
I/O cells:       143

Details:
BB:             19
CCU2D:          174
EFB:            1
EHXPLLJ:        1
FD1P3AX:        8
FD1P3BX:        68
FD1P3DX:        303
FD1S1AY:        16
FD1S1D:         6
FD1S3AX:        2
FD1S3BX:        75
FD1S3DX:        274
GSR:            1
IB:             107
IFS1P3BX:       1
IFS1P3DX:       3
INV:            13
OB:             9
OBZ:            8
ORCALUT4:       1003
OSCH:           1
PFUMX:          20
PUR:            1
VHI:            25
VLO:            25
